04-30 16:11:49.697  2208  3684 I chatty  : uid=1000(system) NetworkStats expire 9 lines
04-30 16:11:50.005  2208 10899 I chatty  : uid=1000(system) Binder:2208_1F expire 7 lines
04-30 16:11:50.043  5067  5682 W SettingsEx: SettingsEx.Systemex.getString deprecated use Settings.System.getString instead, callers = com.huawei.db.util.MmsSmsUtil.isEnableFilterUnknowSender:1839 com.android.providers.telephony.MmsSmsProvider.query:1347 android.content.ContentProvider.query:1242 
04-30 16:11:50.189  4172  4333 D NpdcpAliveManager: ro.odm.npdcp_alive_cfg_enable is false
04-30 16:11:51.205  4172  4333 D NpdcpAliveManager: ro.odm.npdcp_alive_cfg_enable is false
04-30 16:11:52.237  4172  4333 D NpdcpAliveManager: ro.odm.npdcp_alive_cfg_enable is false
04-30 16:11:52.769 32312 32312 D ActivityThread: Attach thread to application
04-30 16:11:52.832 32312 32330 I ActivityThread: Init compatible state: false
04-30 16:11:53.079 32312 32312 I ActivityThread: finishPreloaded preloadStatus 0
04-30 16:11:53.092  2208  2509 I chatty  : uid=1000(system) PackageManager expire 1 line
04-30 16:11:53.134 32340 32340 D ActivityThread: Attach thread to application
04-30 16:11:53.150 32340 32358 I ActivityThread: Init compatible state: false
04-30 16:11:53.150  2208  2208 I chatty  : uid=1000 system_server expire 8 lines
04-30 16:11:53.256  4172  4333 D NpdcpAliveManager: ro.odm.npdcp_alive_cfg_enable is false
04-30 16:11:53.288 32340 32382 D HwCustConnectivityManagerImpl: isBlockNetworkRequestByNonAis, INVALID_SUBSCRIPTION_ID
04-30 16:11:53.293  2208  3698 I chatty  : uid=1000(system) ConnectivitySer expire 105 lines
04-30 16:11:53.297 32340 32382 D HwCustConnectivityManagerImpl: isBlockNetworkRequestByNonAis, INVALID_SUBSCRIPTION_ID
04-30 16:11:53.342 32340 32340 I ActivityThread: finishPreloaded preloadStatus 0
04-30 16:11:53.453 32340 32370 W PackageParser: No actions in intent filter at /data/app/vmdl1041762328.tmp/base.apk Binary XML file line #-1
04-30 16:11:53.508 32425 32425 D ActivityThread: Attach thread to application
04-30 16:11:53.730 32425 32444 I ActivityThread: Init compatible state: false
04-30 16:11:53.817 32340 32370 D SystemConfig: Removed unavailable feature android.hardware.sensor.barometer
04-30 16:11:53.858 32340 32370 W SystemConfig: No directory /product_services/etc/sysconfig, skipping
04-30 16:11:53.858 32340 32370 W SystemConfig: No directory /product_services/etc/permissions, skipping
04-30 16:11:53.860 32340 32370 W SystemConfig: No directory /system/emui/base/sysconfig, skipping
04-30 16:11:53.864 32340 32370 W SystemConfig: No directory /system/emui/china/sysconfig, skipping
04-30 16:11:53.889 32340 32370 W SystemConfig: No directory /vendor/etc/sysconfig, skipping
04-30 16:11:53.911 32340 32370 D SystemConfig: Removed unavailable feature android.hardware.sensor.barometer
04-30 16:11:53.960 32340 32370 W SystemConfig: No directory /odm/cust/all/cn/sysconfig, skipping
04-30 16:11:53.961 32340 32370 W SystemConfig: No directory /odm/cust/all/cn/permissions, skipping
04-30 16:11:53.961 32340 32370 W SystemConfig: No directory /odm/etc/sysconfig, skipping
04-30 16:11:53.968 32425 32425 I ActivityThread: finishPreloaded preloadStatus 0
04-30 16:11:53.985 32340 32370 W SystemConfig: No directory /odm/etc/carrier/46001/sysconfig, skipping
04-30 16:11:53.985 32340 32370 W SystemConfig: No directory /odm/etc/carrier/46001/permissions, skipping
04-30 16:11:53.985 32340 32370 W SystemConfig: No directory /odm/hw_odm/VOG-AL10/sysconfig, skipping
04-30 16:11:53.986 32340 32370 W SystemConfig: No directory /odm/hw_odm/VOG-AL10/permissions, skipping
04-30 16:11:53.986 32340 32370 W SystemConfig: No directory /hw_product/etc/sysconfig, skipping
04-30 16:11:53.989 32340 32370 W SystemConfig: No directory /hw_product/etc/carrier/46001/sysconfig, skipping
04-30 16:11:53.989 32340 32370 W SystemConfig: No directory /hw_product/etc/carrier/46001/permissions, skipping
04-30 16:11:53.990 32340 32370 W SystemConfig: No directory /hw_product/region_comm/china/sysconfig, skipping
04-30 16:11:53.991 32340 32370 W SystemConfig: No directory /preas/china/sysconfig, skipping
04-30 16:11:54.073 32340 32370 W SystemConfig: No directory /hw_product/hw_oem/VOG-AL10/sysconfig, skipping
04-30 16:11:54.073 32340 32370 W SystemConfig: No directory /preload/VOG-AL10/all/cn/sysconfig, skipping
04-30 16:11:54.074 32340 32370 W SystemConfig: No directory /cust/global/sysconfig, skipping
04-30 16:11:54.074 32340 32370 W SystemConfig: No directory /cust/global/permissions, skipping
04-30 16:11:54.074 32340 32370 W SystemConfig: No directory /cust/global/carrier/46001/sysconfig, skipping
04-30 16:11:54.074 32340 32370 W SystemConfig: No directory /cust/global/carrier/46001/permissions, skipping
04-30 16:11:54.075 32340 32370 W SystemConfig: No directory /cust/hw/cn/sysconfig, skipping
04-30 16:11:54.075 32340 32370 W SystemConfig: No directory /cust/hw/cn/permissions, skipping
04-30 16:11:54.075 32340 32370 W SystemConfig: No directory /cust/hw/cn/carrier/46001/sysconfig, skipping
04-30 16:11:54.075 32340 32370 W SystemConfig: No directory /cust/hw/cn/carrier/46001/permissions, skipping
04-30 16:11:54.088 32340 32370 W SystemConfig: No directory /version/cust/all/cn/sysconfig, skipping
04-30 16:11:54.088 32340 32370 W SystemConfig: No directory /hw_product/special_cust/VOG-AL10/all/cn/sysconfig, skipping
04-30 16:11:54.089 32340 32370 W SystemConfig: No directory /hw_product/special_cust/VOG-AL10/all/cn/permissions, skipping
04-30 16:11:54.089 32340 32370 W SystemConfig: No directory /version/special_cust/VOG-AL10/all/cn/sysconfig, skipping
04-30 16:11:54.089 32340 32370 W SystemConfig: No directory /version/special_cust/VOG-AL10/all/cn/permissions, skipping
04-30 16:11:54.089 32340 32370 W SystemConfig: No directory /version/special_cust/VOG-AL10/all/cn/carrier/46001/sysconfig, skipping
04-30 16:11:54.089 32340 32370 W SystemConfig: No directory /version/special_cust/VOG-AL10/all/cn/carrier/46001/permissions, skipping
04-30 16:11:54.090 32340 32370 W SystemConfig: No directory /cust/cotalite/sysconfig, skipping
04-30 16:11:54.090 32340 32370 W SystemConfig: No directory /cust/cotalite/permissions, skipping
04-30 16:11:54.090 32340 32370 W SystemConfig: No directory /cust/ecota/sysconfig, skipping
04-30 16:11:54.090 32340 32370 W SystemConfig: No directory /cust/ecota/permissions, skipping
04-30 16:11:54.090 32340 32370 I HwCustSystemConfigImpl: start read overlay feature.
04-30 16:11:54.101  2208  2586 I chatty  : uid=1000(system) Binder:2208_3 expire 9 lines
04-30 16:11:54.105  2208 10197 I chatty  : uid=1000(system) Binder:2208_1D expire 10 lines
04-30 16:11:54.115  2208 10899 I chatty  : uid=1000(system) Binder:2208_1F expire 5 lines
04-30 16:11:54.118 32340 32370 I HwCustSystemConfigImpl: overlay feature take effect.
04-30 16:11:54.131 32425 32425 D HwCustConnectivityManagerImpl: isBlockNetworkRequestByNonAis, INVALID_SUBSCRIPTION_ID
04-30 16:11:54.290  4172  4333 D NpdcpAliveManager: ro.odm.npdcp_alive_cfg_enable is false
04-30 16:11:54.293  2208  2484 I chatty  : uid=1000(system) ActivityManager expire 2 lines
04-30 16:11:54.294  2208  4125 I chatty  : uid=1000(system) MultiTaskManage expire 2 lines
04-30 16:11:54.313 32454 32454 D ActivityThread: Attach thread to application
04-30 16:11:54.570 32454 32454 I ActivityThread: finishPreloaded preloadStatus 0
04-30 16:11:54.605 32454 32474 I ActivityThread: Init compatible state: false
04-30 16:11:54.782  2208 18969 I chatty  : uid=1000(system) MobileQosDetect expire 1 line
04-30 16:11:54.871 32198 32271 E ActivityThread: Failed to find provider info for com.android.browser
04-30 16:11:55.128 32198 32271 E ActivityThread: Failed to find provider info for com.android.browser
04-30 16:11:55.196  2208  5141 I chatty  : uid=1000(system) Binder:2208_17 expire 2 lines
04-30 16:11:55.305  4172  4333 D NpdcpAliveManager: ro.odm.npdcp_alive_cfg_enable is false
04-30 16:11:55.369  2208  2471 I chatty  : uid=1000(system) monitor thread expire 1 line
04-30 16:11:55.421 32492 32492 D ActivityThread: Attach thread to application
04-30 16:11:55.441 32492 32510 I ActivityThread: Init compatible state: false
04-30 16:11:55.495 32492 32492 I Resources: LockDpi original config :{0.85 460mcc1mnc [en_CN,zh_CN_#Hans] ldltr sw423dp w423dp h888dp 272dpi nrml long port finger -keyb/v/h -nav/h winConfig={ mBounds=Rect(0, 0 - 720, 1560) mAppBounds=Rect(0, 50 - 720, 1560) mWindowingMode=fullscreen mDisplayWindowingMode=fullscreen mActivityType=undefined mAlwaysOnTop=undefined mRotation=ROTATION_0} suim:1 s.87827} mLockDpi = true densityDpi = 272 dpi = 408
04-30 16:11:55.657 32492 32492 I Resources: LockDpi original config :{0.85 460mcc1mnc [en_CN,zh_CN_#Hans] ldltr sw423dp w423dp h888dp 272dpi nrml long port finger -keyb/v/h -nav/h winConfig={ mBounds=Rect(0, 0 - 720, 1560) mAppBounds=Rect(0, 50 - 720, 1560) mWindowingMode=fullscreen mDisplayWindowingMode=fullscreen mActivityType=undefined mAlwaysOnTop=undefined mRotation=ROTATION_0} suim:1 s.87827} mLockDpi = true densityDpi = 272 dpi = 408
04-30 16:11:55.807  2208  2509 I chatty  : uid=1000(system) PackageManager expire 185 lines
04-30 16:11:55.835  2208  2483 I chatty  : uid=1000(system) ActivityManager expire 1 line
04-30 16:11:55.849  2208  2468 I chatty  : uid=1000(system) android.display expire 1 line
04-30 16:11:56.056  2208  2509 I chatty  : uid=1000(system) PackageManager expire 246 lines
04-30 16:11:56.237  2208  2465 I chatty  : uid=1000(system) android.fg expire 1 line
04-30 16:11:56.238  2208  4457 I chatty  : uid=1000(system) Binder:2208_B expire 1 line
04-30 16:11:56.266  2208  2466 I chatty  : uid=1000(system) android.ui expire 1 line
04-30 16:11:56.335  4172  4333 D NpdcpAliveManager: ro.odm.npdcp_alive_cfg_enable is false
04-30 16:11:56.469  2208  5138 I chatty  : uid=1000(system) Binder:2208_16 expire 4 lines
04-30 16:11:56.731  2208  2483 I chatty  : uid=1000(system) ActivityManager expire 8 lines
04-30 16:11:56.732  2208  5138 I chatty  : uid=1000(system) Binder:2208_16 expire 3 lines
04-30 16:11:56.733  2208  2586 I chatty  : uid=1000(system) Binder:2208_3 expire 1 line
04-30 16:11:56.751  2208  2509 I chatty  : uid=1000(system) PackageManager expire 37 lines
04-30 16:11:56.752  2208  2582 I chatty  : uid=1000(system) PackageInstalle expire 1 line
04-30 16:11:56.759  2208  2468 I chatty  : uid=1000(system) android.display expire 3 lines
04-30 16:11:56.791  4738  4738 W ContextImpl: Calling a method in the system process without a qualified user: android.app.ContextImpl.bindService:1785 android.content.ContextWrapper.bindService:711 devicegroupauth.h.a:20 devicegroupauth.h.e:8 devicegroupauth.d.c:1 
04-30 16:11:56.795  4172  4172 I HwKeystoreServiceImpl: package removed for update, packageName:com.zhan.toefltom appId:10122
04-30 16:11:56.795  4172  4172 D DEF_PackageChangedBroadcastReceiver: receive action:android.intent.action.PACKAGE_REMOVED
04-30 16:11:56.795  4172  4172 D DEF_PackageChangedBroadcastReceiver: onReceive com.zhan.toefltom android.intent.action.PACKAGE_REMOVED replacing: true
04-30 16:11:56.797  4172  4172 I PreDnsQuery: onReceive: intent = android.intent.action.PACKAGE_REMOVED
04-30 16:11:56.816  4172  4333 I PreDnsQuery: No need to handled!
04-30 16:11:56.816  4172  4333 I SmartDualCardConfig: onPackageInstallStateUpdate uid=10122,appName=com.zhan.toefltom,packageAddFlag=0
04-30 16:11:56.895  2208 10197 I chatty  : uid=1000(system) Binder:2208_1D expire 19 lines
04-30 16:11:56.901  2208 10196 I chatty  : uid=1000(system) Binder:2208_1C expire 24 lines
04-30 16:11:56.903  2208  5131 I chatty  : uid=1000(system) Binder:2208_14 expire 1 line
04-30 16:11:56.921  2208  7158 I chatty  : uid=1000(system) Binder:2208_1A expire 2 lines
04-30 16:11:56.922  2208  4158 I chatty  : uid=1000(system) Binder:2208_8 expire 1 line
04-30 16:11:56.923  2208  4460 I chatty  : uid=1000(system) Binder:2208_D expire 5 lines
04-30 16:11:56.957  4047  4326 W ContextImpl: Calling a method in the system process without a qualified user: android.app.ContextImpl.startService:1698 android.content.ContextWrapper.startService:669 com.huawei.systemmanager.spacecleanner.receiver.SpaceCleanReceiver.doInBackground:287 java.lang.reflect.Method.invoke:-2 com.huawei.library.c.d:20 
04-30 16:11:56.973 32568 32568 D ActivityThread: Attach thread to application
04-30 16:11:56.981  2208  2484 I chatty  : uid=1000(system) ActivityManager expire 12 lines
04-30 16:11:56.982  2208  2466 I chatty  : uid=1000(system) android.ui expire 1 line
04-30 16:11:56.990  2208  2208 I chatty  : uid=1000 system_server expire 15 lines
04-30 16:11:56.993  2208  4125 I chatty  : uid=1000(system) MultiTaskManage expire 12 lines
04-30 16:11:57.074 32568 32588 I ActivityThread: Init compatible state: false
04-30 16:11:57.077  4254  6768 W ContextImpl: Calling a method in the system process without a qualified user: android.app.ContextImpl.sendBroadcast:1183 android.content.ContextWrapper.sendBroadcast:453 com.huawei.iaware.userhabit.recog.NRTAppTypeRecogManager.reportAppTypeUpdate:814 com.huawei.iaware.userhabit.recog.NRTAppTypeRecogManager.addAppType:475 com.huawei.iaware.userhabit.recog.NRTAppTypeRecogManager.recoAppType:182 
04-30 16:11:57.109 32593 32593 D ActivityThread: Attach thread to application
04-30 16:11:57.112 32606 32606 D ActivityThread: Attach thread to application
04-30 16:11:57.130 32644 32644 D ActivityThread: Attach thread to application
04-30 16:11:57.161  2208  2465 I chatty  : uid=1000(system) android.fg expire 4 lines
04-30 16:11:57.180 32606 32652 I ActivityThread: Init compatible state: false
04-30 16:11:57.191 32568 32568 I ActivityThread: finishPreloaded preloadStatus 0
04-30 16:11:57.201 30947 30947 W ContextImpl: Calling a method in the system process without a qualified user: android.app.ContextImpl.startService:1698 android.content.ContextWrapper.startService:669 android.content.ContextWrapper.startService:669 com.android.settings.applications.BlackListReceiver.onReceive:45 android.app.ActivityThread.handleReceiver:4465 
04-30 16:11:57.203 32593 32653 I ActivityThread: Init compatible state: false
04-30 16:11:57.205  2208  5130 I chatty  : uid=1000(system) Binder:2208_13 expire 3 lines
04-30 16:11:57.220  4172  4172 D DEF_PackageChangedBroadcastReceiver: receive action:android.intent.action.PACKAGE_ADDED
04-30 16:11:57.220  4172  4172 D DEF_PackageChangedBroadcastReceiver: onReceive com.zhan.toefltom android.intent.action.PACKAGE_ADDED replacing: true
04-30 16:11:57.225 32682 32682 D ActivityThread: Attach thread to application
04-30 16:11:57.230 32606 32606 I LoadedApk: appendApkLibPathIfNeeded: applicationInfo.primaryCpuAbi is null
04-30 16:11:57.238 32644 32670 I ActivityThread: Init compatible state: true
04-30 16:11:57.241 32492 32696 I Resources: LockDpi original config :{0.85 460mcc1mnc [en_CN,zh_CN_#Hans] ldltr sw423dp w423dp h888dp 272dpi nrml long port finger -keyb/v/h -nav/h winConfig={ mBounds=Rect(0, 0 - 720, 1560) mAppBounds=Rect(0, 50 - 720, 1560) mWindowingMode=fullscreen mDisplayWindowingMode=fullscreen mActivityType=undefined mAlwaysOnTop=undefined mRotation=ROTATION_0} suim:1 s.87827} mLockDpi = true densityDpi = 272 dpi = 408
04-30 16:11:57.265  2208  4222 I chatty  : uid=1000(system) Binder:2208_9 expire 11 lines
04-30 16:11:57.284 32593 32593 I ActivityThread: finishPreloaded preloadStatus 0
04-30 16:11:57.304 32730 32730 D ActivityThread: Attach thread to application
04-30 16:11:57.309 32682 32717 I ActivityThread: Init compatible state: false
04-30 16:11:57.316  2208  3977 I chatty  : uid=1000(system) Binder:2208_6 expire 24 lines
04-30 16:11:57.356 32753 32753 D ActivityThread: Attach thread to application
04-30 16:11:57.379 32682 32682 I ActivityThread: finishPreloaded preloadStatus 0
04-30 16:11:57.416 32606 32606 I ActivityThread: finishPreloaded preloadStatus 0
04-30 16:11:57.423  2208  4223 I chatty  : uid=1000(system) Binder:2208_A expire 2 lines
04-30 16:11:57.425  2208  5141 I chatty  : uid=1000(system) Binder:2208_17 expire 4 lines
04-30 16:11:57.471 32753   480 I ActivityThread: Init compatible state: false
04-30 16:11:57.502  2208 10899 I chatty  : uid=1000(system) Binder:2208_1F expire 31 lines
04-30 16:11:57.506  4738  4912 W ContextImpl: Calling a method in the system process without a qualified user: android.app.ContextImpl.bindService:1777 android.content.ContextWrapper.bindService:705 com.huawei.securityserver.b.a:16 com.huawei.securityserver.c.b:6 com.huawei.securityserver.c.a:1 
04-30 16:11:57.508  2208  4457 I chatty  : uid=1000(system) Binder:2208_B expire 6 lines
04-30 16:11:57.514  4172  4172 I PreDnsQuery: onReceive: intent = android.intent.action.PACKAGE_ADDED
04-30 16:11:57.524 32730 32761 I ActivityThread: Init compatible state: false
04-30 16:11:57.525  4172  4333 I PreDnsQuery: No need to handled!
04-30 16:11:57.530  4172  4333 I SmartDualCardConfig: onPackageInstallStateUpdate uid=10122,appName=com.zhan.toefltom,packageAddFlag=1
04-30 16:11:57.537  2208  2463 I chatty  : uid=1000(system) Binder:2208_2 expire 7 lines
04-30 16:11:57.545  2208  3684 I chatty  : uid=1000(system) NetworkStats expire 9 lines
04-30 16:11:57.577   546   546 D ActivityThread: Attach thread to application
04-30 16:11:57.627  4172  4172 D DEF_PackageChangedBroadcastReceiver: receive action:android.intent.action.PACKAGE_REPLACED
04-30 16:11:57.627  4172  4172 D DEF_PackageChangedBroadcastReceiver: onReceive com.zhan.toefltom android.intent.action.PACKAGE_REPLACED replacing: true
04-30 16:11:57.644   546   604 I ActivityThread: Init compatible state: true
04-30 16:11:57.664 32753 32753 I ActivityThread: finishPreloaded preloadStatus 0
04-30 16:11:57.665  4172  4589 W ContextImpl: Calling a method in the system process without a qualified user: android.app.ContextImpl.bindService:1777 android.content.ContextWrapper.bindService:705 com.huawei.profile.client.connect.RemoteServiceConnection.open:129 com.huawei.profile.client.profile.ProfileClient.connect:209 com.huawei.systemserver.servicebus.ProfileControl.connectProfile:258 
04-30 16:11:57.670   546   546 I ActivityThread: finishPreloaded preloadStatus 0
04-30 16:11:57.722  4172  4333 E SmartDualCardConfig: getApkConfig fail,end
04-30 16:11:57.722  4172  4333 I SmartDualCardConfig: isAppInXml,return false
04-30 16:11:57.722  4172  4333 E SmartDualCardConfig: onPackageInstallStateUpdate fail
04-30 16:11:57.722  4172  4333 D NpdcpAliveManager: ro.odm.npdcp_alive_cfg_enable is false
04-30 16:11:57.781   620   620 D ActivityThread: Attach thread to application
04-30 16:11:57.794 32753   617 D SystemConfig: Removed unavailable feature android.hardware.sensor.barometer
04-30 16:11:57.804 32753   617 W SystemConfig: No directory /product_services/etc/sysconfig, skipping
04-30 16:11:57.804 32753   617 W SystemConfig: No directory /product_services/etc/permissions, skipping
04-30 16:11:57.807 32753   617 W SystemConfig: No directory /system/emui/base/sysconfig, skipping
04-30 16:11:57.808 32753   617 W SystemConfig: No directory /system/emui/china/sysconfig, skipping
04-30 16:11:57.809 32753   617 W SystemConfig: No directory /vendor/etc/sysconfig, skipping
04-30 16:11:57.815 32753   617 D SystemConfig: Removed unavailable feature android.hardware.sensor.barometer
04-30 16:11:57.824 32753   617 W SystemConfig: No directory /odm/cust/all/cn/sysconfig, skipping
04-30 16:11:57.824 32753   617 W SystemConfig: No directory /odm/cust/all/cn/permissions, skipping
04-30 16:11:57.824 32753   617 W SystemConfig: No directory /odm/etc/sysconfig, skipping
04-30 16:11:57.826 32753   617 W SystemConfig: No directory /odm/etc/carrier/46001/sysconfig, skipping
04-30 16:11:57.826 32753   617 W SystemConfig: No directory /odm/etc/carrier/46001/permissions, skipping
04-30 16:11:57.827 32753   617 W SystemConfig: No directory /odm/hw_odm/VOG-AL10/sysconfig, skipping
04-30 16:11:57.827 32753   617 W SystemConfig: No directory /odm/hw_odm/VOG-AL10/permissions, skipping
04-30 16:11:57.827 32753   617 W SystemConfig: No directory /hw_product/etc/sysconfig, skipping
04-30 16:11:57.831 32753   617 W SystemConfig: No directory /hw_product/etc/carrier/46001/sysconfig, skipping
04-30 16:11:57.831 32753   617 W SystemConfig: No directory /hw_product/etc/carrier/46001/permissions, skipping
04-30 16:11:57.831 32753   617 W SystemConfig: No directory /hw_product/region_comm/china/sysconfig, skipping
04-30 16:11:57.834 32753   617 W SystemConfig: No directory /preas/china/sysconfig, skipping
04-30 16:11:57.841 32753   617 W SystemConfig: No directory /hw_product/hw_oem/VOG-AL10/sysconfig, skipping
04-30 16:11:57.842 32753   617 W SystemConfig: No directory /preload/VOG-AL10/all/cn/sysconfig, skipping
04-30 16:11:57.843 32753   617 W SystemConfig: No directory /cust/global/sysconfig, skipping
04-30 16:11:57.843 32753   617 W SystemConfig: No directory /cust/global/permissions, skipping
04-30 16:11:57.843 32753   617 W SystemConfig: No directory /cust/global/carrier/46001/sysconfig, skipping
04-30 16:11:57.843 32753   617 W SystemConfig: No directory /cust/global/carrier/46001/permissions, skipping
04-30 16:11:57.844 32753   617 W SystemConfig: No directory /cust/hw/cn/sysconfig, skipping
04-30 16:11:57.844 32753   617 W SystemConfig: No directory /cust/hw/cn/permissions, skipping
04-30 16:11:57.844 32753   617 W SystemConfig: No directory /cust/hw/cn/carrier/46001/sysconfig, skipping
04-30 16:11:57.844 32753   617 W SystemConfig: No directory /cust/hw/cn/carrier/46001/permissions, skipping
04-30 16:11:57.844 32753   617 W SystemConfig: No directory /version/cust/all/cn/sysconfig, skipping
04-30 16:11:57.845 32753   617 W SystemConfig: No directory /hw_product/special_cust/VOG-AL10/all/cn/sysconfig, skipping
04-30 16:11:57.845 32753   617 W SystemConfig: No directory /hw_product/special_cust/VOG-AL10/all/cn/permissions, skipping
04-30 16:11:57.845 32753   617 W SystemConfig: No directory /version/special_cust/VOG-AL10/all/cn/sysconfig, skipping
04-30 16:11:57.845 32753   617 W SystemConfig: No directory /version/special_cust/VOG-AL10/all/cn/permissions, skipping
04-30 16:11:57.845 32753   617 W SystemConfig: No directory /version/special_cust/VOG-AL10/all/cn/carrier/46001/sysconfig, skipping
04-30 16:11:57.846 32753   617 W SystemConfig: No directory /version/special_cust/VOG-AL10/all/cn/carrier/46001/permissions, skipping
04-30 16:11:57.846 32753   617 W SystemConfig: No directory /cust/cotalite/sysconfig, skipping
04-30 16:11:57.846 32753   617 W SystemConfig: No directory /cust/cotalite/permissions, skipping
04-30 16:11:57.846 32753   617 W SystemConfig: No directory /cust/ecota/sysconfig, skipping
04-30 16:11:57.846 32753   617 W SystemConfig: No directory /cust/ecota/permissions, skipping
04-30 16:11:57.846 32753   617 I HwCustSystemConfigImpl: start read overlay feature.
04-30 16:11:57.850   620   657 I ActivityThread: Init compatible state: false
04-30 16:11:57.852 32753   617 I HwCustSystemConfigImpl: overlay feature take effect.
04-30 16:11:57.874   655   655 D ActivityThread: Attach thread to application
04-30 16:11:57.966   620   620 I ActivityThread: finishPreloaded preloadStatus 0
04-30 16:11:58.059  2208  2627 I chatty  : uid=1000(system) AlarmManager expire 5 lines
04-30 16:11:58.086  4047  4327 W ContextImpl: Calling a method in the system process without a qualified user: android.app.ContextImpl.startService:1698 android.content.ContextWrapper.startService:669 com.huawei.systemmanager.spacecleanner.receiver.SpaceCleanReceiver.doInBackground:287 java.lang.reflect.Method.invoke:-2 com.huawei.library.c.d:20 
04-30 16:11:58.125   655   864 I ActivityThread: Init compatible state: false
04-30 16:11:58.231  1301  1301 D ActivityThread: Attach thread to application
04-30 16:11:58.269  2208  2480 I chatty  : uid=1000(system) android.bg expire 5 lines
04-30 16:11:58.282   620  1062 W ContextImpl: Calling a method in the system process without a qualified user: android.app.ContextImpl.bindService:1777 android.content.ContextWrapper.bindService:705 com.huawei.hwddmp.client.DeviceManager.bindDevMonitor:397 com.huawei.profile.d.a.m.c:131 com.huawei.profile.HwProfileService.d:49 
04-30 16:11:58.327  1301  1357 I ActivityThread: Init compatible state: false
04-30 16:11:58.374  4172  4333 D NpdcpAliveManager: ro.odm.npdcp_alive_cfg_enable is false
04-30 16:11:58.532 32644 32644 I ActivityThread: finishPreloaded preloadStatus 0
04-30 16:11:58.784 32730 32730 D SystemConfig: Removed unavailable feature android.hardware.sensor.barometer
04-30 16:11:58.784  2208 18969 I chatty  : uid=1000(system) MobileQosDetect expire 1 line
04-30 16:11:58.828 32730 32730 W SystemConfig: No directory /product_services/etc/sysconfig, skipping
04-30 16:11:58.828 32730 32730 W SystemConfig: No directory /product_services/etc/permissions, skipping
04-30 16:11:58.831 32730 32730 W SystemConfig: No directory /system/emui/base/sysconfig, skipping
04-30 16:11:58.842 32730 32730 W SystemConfig: No directory /system/emui/china/sysconfig, skipping
04-30 16:11:58.857 32730 32730 W SystemConfig: No directory /vendor/etc/sysconfig, skipping
04-30 16:11:58.873 32730 32730 D SystemConfig: Removed unavailable feature android.hardware.sensor.barometer
04-30 16:11:58.943 32730 32730 W SystemConfig: No directory /odm/cust/all/cn/sysconfig, skipping
04-30 16:11:58.943 32730 32730 W SystemConfig: No directory /odm/cust/all/cn/permissions, skipping
04-30 16:11:58.944 32730 32730 W SystemConfig: No directory /odm/etc/sysconfig, skipping
04-30 16:11:58.946 32730 32730 W SystemConfig: No directory /odm/etc/carrier/46001/sysconfig, skipping
04-30 16:11:58.946 32730 32730 W SystemConfig: No directory /odm/etc/carrier/46001/permissions, skipping
04-30 16:11:58.947 32730 32730 W SystemConfig: No directory /odm/hw_odm/VOG-AL10/sysconfig, skipping
04-30 16:11:58.947 32730 32730 W SystemConfig: No directory /odm/hw_odm/VOG-AL10/permissions, skipping
04-30 16:11:58.987 32730 32730 W SystemConfig: No directory /hw_product/etc/sysconfig, skipping
04-30 16:11:59.003 32730 32730 W SystemConfig: No directory /hw_product/etc/carrier/46001/sysconfig, skipping
04-30 16:11:59.004 32730 32730 W SystemConfig: No directory /hw_product/etc/carrier/46001/permissions, skipping
04-30 16:11:59.004 32730 32730 W SystemConfig: No directory /hw_product/region_comm/china/sysconfig, skipping
04-30 16:11:59.006 32730 32730 W SystemConfig: No directory /preas/china/sysconfig, skipping
04-30 16:11:59.031 32730 32730 W SystemConfig: No directory /hw_product/hw_oem/VOG-AL10/sysconfig, skipping
04-30 16:11:59.050   655   655 I ActivityThread: finishPreloaded preloadStatus 0
04-30 16:11:59.056 32730 32730 W SystemConfig: No directory /preload/VOG-AL10/all/cn/sysconfig, skipping
04-30 16:11:59.057 32730 32730 W SystemConfig: No directory /cust/global/sysconfig, skipping
04-30 16:11:59.057 32730 32730 W SystemConfig: No directory /cust/global/permissions, skipping
04-30 16:11:59.059 32730 32730 W SystemConfig: No directory /cust/global/carrier/46001/sysconfig, skipping
04-30 16:11:59.059 32730 32730 W SystemConfig: No directory /cust/global/carrier/46001/permissions, skipping
04-30 16:11:59.059 32730 32730 W SystemConfig: No directory /cust/hw/cn/sysconfig, skipping
04-30 16:11:59.059 32730 32730 W SystemConfig: No directory /cust/hw/cn/permissions, skipping
04-30 16:11:59.060 32730 32730 W SystemConfig: No directory /cust/hw/cn/carrier/46001/sysconfig, skipping
04-30 16:11:59.060 32730 32730 W SystemConfig: No directory /cust/hw/cn/carrier/46001/permissions, skipping
04-30 16:11:59.060 32730 32730 W SystemConfig: No directory /version/cust/all/cn/sysconfig, skipping
04-30 16:11:59.061 32730 32730 W SystemConfig: No directory /hw_product/special_cust/VOG-AL10/all/cn/sysconfig, skipping
04-30 16:11:59.061 32730 32730 W SystemConfig: No directory /hw_product/special_cust/VOG-AL10/all/cn/permissions, skipping
04-30 16:11:59.061 32730 32730 W SystemConfig: No directory /version/special_cust/VOG-AL10/all/cn/sysconfig, skipping
04-30 16:11:59.062 32730 32730 W SystemConfig: No directory /version/special_cust/VOG-AL10/all/cn/permissions, skipping
04-30 16:11:59.062 32730 32730 W SystemConfig: No directory /version/special_cust/VOG-AL10/all/cn/carrier/46001/sysconfig, skipping
04-30 16:11:59.062 32730 32730 W SystemConfig: No directory /version/special_cust/VOG-AL10/all/cn/carrier/46001/permissions, skipping
04-30 16:11:59.062 32730 32730 W SystemConfig: No directory /cust/cotalite/sysconfig, skipping
04-30 16:11:59.062 32730 32730 W SystemConfig: No directory /cust/cotalite/permissions, skipping
04-30 16:11:59.063 32730 32730 W SystemConfig: No directory /cust/ecota/sysconfig, skipping
04-30 16:11:59.063 32730 32730 W SystemConfig: No directory /cust/ecota/permissions, skipping
04-30 16:11:59.063 32730 32730 I HwCustSystemConfigImpl: start read overlay feature.
04-30 16:11:59.107 32730 32730 I HwCustSystemConfigImpl: overlay feature take effect.
04-30 16:11:59.136 32492 32492 I ActivityThread: finishPreloaded preloadStatus 0
04-30 16:11:59.154  1619  1619 D ActivityThread: Attach thread to application
04-30 16:11:59.401  4172  4333 D NpdcpAliveManager: ro.odm.npdcp_alive_cfg_enable is false
04-30 16:11:59.447  1619  1641 I ActivityThread: Init compatible state: false
04-30 16:11:59.570  5540  5674 I Resources: LockDpi original config :{0.85 460mcc1mnc [en_CN,zh_CN_#Hans] ldltr sw423dp w423dp h888dp 272dpi nrml long port finger -keyb/v/h -nav/h winConfig={ mBounds=Rect(0, 0 - 720, 1560) mAppBounds=Rect(0, 50 - 720, 1560) mWindowingMode=fullscreen mDisplayWindowingMode=fullscreen mActivityType=undefined mAlwaysOnTop=undefined mRotation=ROTATION_0} suim:1 s.87896} mLockDpi = true densityDpi = 272 dpi = 408
04-30 16:12:00.423  4172  4333 D NpdcpAliveManager: ro.odm.npdcp_alive_cfg_enable is false
04-30 16:12:00.895  1619  1619 W ContextImpl: Calling a method in the system process without a qualified user: android.app.ContextImpl.startService:1698 android.content.ContextWrapper.startService:669 com.huawei.antivirus.AntivirusPluginEx.init:67 com.huawei.securitycenter.antivirus.plugin.AntivirusPluginHelper.init:48 com.huawei.securitycenter.antivirus.AntivirusModule.startAntivirusService:21 
04-30 16:12:01.114  2208  2509 I chatty  : uid=1000(system) PackageManager expire 403 lines
04-30 16:12:01.341  2208  2465 I chatty  : uid=1000(system) android.fg expire 3 lines
04-30 16:12:01.346  2208  4458 I chatty  : uid=1000(system) Binder:2208_C expire 13 lines
04-30 16:12:01.365  2208 10899 I chatty  : uid=1000(system) Binder:2208_1F expire 4 lines
04-30 16:12:01.369  2208  2471 I chatty  : uid=1000(system) monitor thread expire 1 line
04-30 16:12:01.449  4172  4333 D NpdcpAliveManager: ro.odm.npdcp_alive_cfg_enable is false
04-30 16:12:01.475  2208  5130 I chatty  : uid=1000(system) Binder:2208_13 expire 5 lines
04-30 16:12:01.488  2208  2208 I chatty  : uid=1000 system_server expire 19 lines
04-30 16:12:01.510  1619  1619 W ContextImpl: Calling a method in the system process without a qualified user: android.app.ContextImpl.bindService:1777 android.content.ContextWrapper.bindService:705 com.huawei.securitycenter.antivirus.agguard.AgGuardProcess.bindAgService:87 com.huawei.securitycenter.antivirus.agguard.AgGuardUtils.initAgGuard:17 com.huawei.securitycenter.antivirus.AntivirusModule.startAntivirusService:40 
04-30 16:12:01.548  1619  1619 W ContextImpl: Calling a method in the system process without a qualified user: android.app.ContextImpl.startService:1698 android.content.ContextWrapper.startService:669 com.huawei.securitycentersdk.SecurityCenterContext.startHwSecService:10 com.huawei.securitycentersdk.SecurityCenterContext.startServices:0 com.huawei.securitycentersdk.SecurityCenterContext.inject:7 
04-30 16:12:01.554  2208  4608 I chatty  : uid=1000(system) Binder:2208_10 expire 1 line
04-30 16:12:01.555  2208  4460 I chatty  : uid=1000(system) Binder:2208_D expire 1 line
04-30 16:12:01.559  2208  2582 I chatty  : uid=1000(system) PackageInstalle expire 1 line
04-30 16:12:01.563 32730 32730 I ActivityThread: finishPreloaded preloadStatus 0
04-30 16:12:01.573  2208  2468 I chatty  : uid=1000(system) android.display expire 2 lines
04-30 16:12:01.574  1619  1619 W ContextImpl: Calling a method in the system process without a qualified user: android.app.ContextImpl.startService:1698 android.content.ContextWrapper.startService:669 com.huawei.systemmanager.SystemManagerApplication.onCreate:403 android.app.Instrumentation.callApplicationOnCreate:1202 android.app.ActivityThread.handleBindApplication:7387 
04-30 16:12:01.642  2208  2463 I chatty  : uid=1000(system) Binder:2208_2 expire 3 lines
04-30 16:12:01.666  2208  2483 I chatty  : uid=1000(system) ActivityManager expire 21 lines
04-30 16:12:01.705  1619  1619 W ContextImpl: Calling a method in the system process without a qualified user: android.app.ContextImpl.startService:1698 android.content.ContextWrapper.startService:669 com.huawei.systemmanager.SystemManagerApplication.onCreate:413 android.app.Instrumentation.callApplicationOnCreate:1202 android.app.ActivityThread.handleBindApplication:7387 
04-30 16:12:01.725  2208  7158 I chatty  : uid=1000(system) Binder:2208_1A expire 3 lines
04-30 16:12:01.777  2208  5143 I chatty  : uid=1000(system) Binder:2208_18 expire 1 line
04-30 16:12:01.790  2208  2484 I chatty  : uid=1000(system) ActivityManager expire 3 lines
04-30 16:12:01.793  1762  1762 D ActivityThread: Attach thread to application
04-30 16:12:01.796  1619  1619 W ContextImpl: Calling a method in the system process without a qualified user: android.app.ContextImpl.startService:1698 android.content.ContextWrapper.startService:669 com.huawei.systemmanager.SystemManagerApplication.onCreate:439 android.app.Instrumentation.callApplicationOnCreate:1202 android.app.ActivityThread.handleBindApplication:7387 
04-30 16:12:01.806  2208  4125 I chatty  : uid=1000(system) MultiTaskManage expire 3 lines
04-30 16:12:01.807  4172  4333 I SmartDualCardConfig: onPackageInstallStateUpdate uid=10409,appName=com.ytejapanese.client,packageAddFlag=0
04-30 16:12:01.830  2208  4873 I chatty  : uid=1000(system) Binder:2208_12 expire 3 lines
04-30 16:12:01.831  1619  1619 W ContextImpl: Calling a method in the system process without a qualified user: android.app.ContextImpl.startService:1698 android.content.ContextWrapper.startService:669 com.huawei.systemmanager.SystemManagerApplication.onCreate:449 android.app.Instrumentation.callApplicationOnCreate:1202 android.app.ActivityThread.handleBindApplication:7387 
04-30 16:12:01.833  2208  2480 I chatty  : uid=1000(system) android.bg expire 4 lines
04-30 16:12:01.838  1619  1619 W ContextImpl: Calling a method in the system process without a qualified user: android.app.ContextImpl.startService:1698 android.content.ContextWrapper.startService:669 com.huawei.systemmanager.SystemManagerApplication.onCreate:459 android.app.Instrumentation.callApplicationOnCreate:1202 android.app.ActivityThread.handleBindApplication:7387 
04-30 16:12:01.853  1619  1619 W ContextImpl: Calling a method in the system process without a qualified user: android.app.ContextImpl.startService:1698 android.content.ContextWrapper.startService:669 com.huawei.systemmanager.SystemManagerApplication.onCreate:469 android.app.Instrumentation.callApplicationOnCreate:1202 android.app.ActivityThread.handleBindApplication:7387 
04-30 16:12:01.860  1619  1619 W ContextImpl: Calling a method in the system process without a qualified user: android.app.ContextImpl.startService:1698 android.content.ContextWrapper.startService:669 com.huawei.systemmanager.SystemManagerApplication.onCreate:479 android.app.Instrumentation.callApplicationOnCreate:1202 android.app.ActivityThread.handleBindApplication:7387 
04-30 16:12:01.862  1619  1619 W ContextImpl: Calling a method in the system process without a qualified user: android.app.ContextImpl.startService:1698 android.content.ContextWrapper.startService:669 com.huawei.systemmanager.SystemManagerApplication.onCreate:505 android.app.Instrumentation.callApplicationOnCreate:1202 android.app.ActivityThread.handleBindApplication:7387 
04-30 16:12:01.863  4172  4333 I PreDnsQuery: No need to handled!
04-30 16:12:01.883  4172  4172 I HwKeystoreServiceImpl: package removed for update, packageName:com.ytejapanese.client appId:10409
04-30 16:12:01.940  4172  4172 D DEF_PackageChangedBroadcastReceiver: receive action:android.intent.action.PACKAGE_REMOVED
04-30 16:12:01.940  4172  4172 D DEF_PackageChangedBroadcastReceiver: onReceive com.ytejapanese.client android.intent.action.PACKAGE_REMOVED replacing: true
04-30 16:12:01.966  2208  4223 I chatty  : uid=1000(system) Binder:2208_A expire 3 lines
04-30 16:12:01.993  1619  1619 I ActivityThread: finishPreloaded preloadStatus 0
04-30 16:12:02.001  1619  1813 W ContextImpl: Calling a method in the system process without a qualified user: android.app.ContextImpl.bindService:1777 android.content.ContextWrapper.bindService:705 com.huawei.library.n.b.f.a:88 com.huawei.library.n.b.a$a.p:80 b.c.b.a.a.aa:17 
04-30 16:12:02.005  1762  1786 I ActivityThread: Init compatible state: false
04-30 16:12:02.005  2208 10197 I chatty  : uid=1000(system) Binder:2208_1D expire 2 lines
04-30 16:12:02.020  1301  1301 I ActivityThread: finishPreloaded preloadStatus 0
04-30 16:12:02.030  2208  5134 I chatty  : uid=1000(system) Binder:2208_15 expire 5 lines
04-30 16:12:02.083  2208  5863 I chatty  : uid=1000(system) Binder:2208_19 expire 1 line
04-30 16:12:02.109  4738  4912 W ContextImpl: Calling a method in the system process without a qualified user: android.app.ContextImpl.bindService:1777 android.content.ContextWrapper.bindService:705 com.huawei.securityserver.b.a:16 com.huawei.securityserver.c.b:6 com.huawei.securityserver.c.a:1 
04-30 16:12:02.111  2208 10196 I chatty  : uid=1000(system) Binder:2208_1C expire 2 lines
04-30 16:12:02.113  2208  4222 I chatty  : uid=1000(system) Binder:2208_9 expire 1 line
04-30 16:12:02.151  1619  1619 W ContextImpl: Calling a method in the system process without a qualified user: android.app.ContextImpl.startService:1698 android.content.ContextWrapper.startService:669 android.content.ContextWrapper.startService:669 com.huawei.antivirus.utils.AntiVirusTools.deleteVirusApk:888 com.huawei.antivirus.AntiVirusReceiver.onReceive:36 
04-30 16:12:02.206  1845  1845 D ActivityThread: Attach thread to application
04-30 16:12:02.235  1845  1865 I ActivityThread: Init compatible state: false
04-30 16:12:02.336 30947 30947 W ContextImpl: Calling a method in the system process without a qualified user: android.app.ContextImpl.startService:1698 android.content.ContextWrapper.startService:669 android.content.ContextWrapper.startService:669 com.android.settings.applications.BlackListReceiver.onReceive:45 android.app.ActivityThread.handleReceiver:4465 
04-30 16:12:02.351  1845  1845 W ContextImpl: Calling a method in the system process without a qualified user: android.app.ContextImpl.startService:1698 android.content.ContextWrapper.startService:669 com.huawei.antivirus.AntivirusPluginEx.init:67 com.huawei.securitycenter.antivirus.plugin.AntivirusPluginHelper.init:48 com.huawei.securitycenter.antivirus.AntivirusModule.startAntivirusService:21 
04-30 16:12:02.375  1845  1845 W ContextImpl: Calling a method in the system process without a qualified user: android.app.ContextImpl.startService:1698 android.content.ContextWrapper.startService:669 com.huawei.securitycentersdk.SecurityCenterContext.startHwSecService:10 com.huawei.securitycentersdk.SecurityCenterContext.startServices:0 com.huawei.securitycentersdk.SecurityCenterContext.inject:7 
04-30 16:12:02.386  1845  1845 I ActivityThread: finishPreloaded preloadStatus 0
04-30 16:12:02.388  1845  1897 W ContextImpl: Calling a method in the system process without a qualified user: android.app.ContextImpl.bindService:1777 android.content.ContextWrapper.bindService:705 com.huawei.library.n.b.f.a:88 com.huawei.library.n.b.a$a.p:80 b.c.b.a.a.aa:17 
04-30 16:12:02.424  4172  4172 I PreDnsQuery: onReceive: intent = android.intent.action.PACKAGE_REMOVED
04-30 16:12:02.478  4172  4333 D NpdcpAliveManager: ro.odm.npdcp_alive_cfg_enable is false
04-30 16:12:02.478  1905  1905 D ActivityThread: Attach thread to application
04-30 16:12:02.512 30969 31239 W PackageParser: No actions in intent filter at /data/app/com.zhan.toefltom-qgIJNF4CROdCQ6fnYGfnuQ==/base.apk Binary XML file line #-1
04-30 16:12:02.523  1905  1905 I Resources: LockDpi original config :{0.85 460mcc1mnc [en_CN,zh_CN_#Hans] ldltr sw423dp w423dp h888dp 272dpi nrml long port finger -keyb/v/h -nav/h winConfig={ mBounds=Rect(0, 0 - 720, 1560) mAppBounds=Rect(0, 50 - 720, 1560) mWindowingMode=fullscreen mDisplayWindowingMode=fullscreen mActivityType=undefined mAlwaysOnTop=undefined mRotation=ROTATION_0} suim:1 s.87827} mLockDpi = true densityDpi = 272 dpi = 408
04-30 16:12:02.535  1762  1762 D SystemConfig: Removed unavailable feature android.hardware.sensor.barometer
04-30 16:12:02.543  1905  1905 I LoadedApk: appendApkLibPathIfNeeded: applicationInfo.primaryCpuAbi is null
04-30 16:12:02.563  1762  1762 W SystemConfig: No directory /product_services/etc/sysconfig, skipping
04-30 16:12:02.563  1762  1762 W SystemConfig: No directory /product_services/etc/permissions, skipping
04-30 16:12:02.566  1762  1762 W SystemConfig: No directory /system/emui/base/sysconfig, skipping
04-30 16:12:02.567  1762  1762 W SystemConfig: No directory /system/emui/china/sysconfig, skipping
04-30 16:12:02.568  1762  1762 W SystemConfig: No directory /vendor/etc/sysconfig, skipping
04-30 16:12:02.585  5540  5674 I Resources: LockDpi original config :{0.85 460mcc1mnc [en_CN,zh_CN_#Hans] ldltr sw423dp w423dp h888dp 272dpi nrml long port finger -keyb/v/h -nav/h winConfig={ mBounds=Rect(0, 0 - 720, 1560) mAppBounds=Rect(0, 50 - 720, 1560) mWindowingMode=fullscreen mDisplayWindowingMode=fullscreen mActivityType=undefined mAlwaysOnTop=undefined mRotation=ROTATION_0} suim:1 s.87896} mLockDpi = true densityDpi = 272 dpi = 408
04-30 16:12:02.587 30969 31239 D SystemConfig: Removed unavailable feature android.hardware.sensor.barometer
04-30 16:12:02.607  1619  1619 W ContextImpl: Calling a method in the system process without a qualified user: android.app.ContextImpl.startService:1698 android.content.ContextWrapper.startService:669 android.content.ContextWrapper.startService:669 com.huawei.antivirus.utils.AntiVirusTools.checkVirusForNewInstalledApk:865 com.huawei.antivirus.AntiVirusReceiver.onReceive:33 
04-30 16:12:02.612  4047  4047 W ContextImpl: Calling a method in the system process without a qualified user: android.app.ContextImpl.startService:1698 android.content.ContextWrapper.startService:669 com.huawei.antivirus.AntiVirusService.handleInstalledApkCheck:224 com.huawei.antivirus.AntiVirusService.onStartCommand:170 android.app.ActivityThread.handleServiceArgs:4779 
04-30 16:12:02.612 30969 31239 W SystemConfig: No directory /product_services/etc/sysconfig, skipping
04-30 16:12:02.612 30969 31239 W SystemConfig: No directory /product_services/etc/permissions, skipping
04-30 16:12:02.614 30969 31239 W SystemConfig: No directory /system/emui/base/sysconfig, skipping
04-30 16:12:02.615 30969 31239 W SystemConfig: No directory /system/emui/china/sysconfig, skipping
04-30 16:12:02.615 30969 31239 W SystemConfig: No directory /vendor/etc/sysconfig, skipping
04-30 16:12:02.617 30969 31239 D SystemConfig: Removed unavailable feature android.hardware.sensor.barometer
04-30 16:12:02.618  4172  4333 I SmartDualCardConfig: onPackageInstallStateUpdate uid=10409,appName=com.ytejapanese.client,packageAddFlag=1
04-30 16:12:02.627 30969 31239 W SystemConfig: No directory /odm/cust/all/cn/sysconfig, skipping
04-30 16:12:02.628 30969 31239 W SystemConfig: No directory /odm/cust/all/cn/permissions, skipping
04-30 16:12:02.629 30969 31239 W SystemConfig: No directory /odm/etc/sysconfig, skipping
04-30 16:12:02.630  1762  1762 D SystemConfig: Removed unavailable feature android.hardware.sensor.barometer
04-30 16:12:02.636 30969 31239 W SystemConfig: No directory /odm/etc/carrier/46001/sysconfig, skipping
04-30 16:12:02.636 30969 31239 W SystemConfig: No directory /odm/etc/carrier/46001/permissions, skipping
04-30 16:12:02.636 30969 31239 W SystemConfig: No directory /odm/hw_odm/VOG-AL10/sysconfig, skipping
04-30 16:12:02.636 30969 31239 W SystemConfig: No directory /odm/hw_odm/VOG-AL10/permissions, skipping
04-30 16:12:02.636 30969 31239 W SystemConfig: No directory /hw_product/etc/sysconfig, skipping
04-30 16:12:02.637 30969 31239 W SystemConfig: No directory /hw_product/etc/carrier/46001/sysconfig, skipping
04-30 16:12:02.637 30969 31239 W SystemConfig: No directory /hw_product/etc/carrier/46001/permissions, skipping
04-30 16:12:02.637 30969 31239 W SystemConfig: No directory /hw_product/region_comm/china/sysconfig, skipping
04-30 16:12:02.637  1905  1925 I ActivityThread: Init compatible state: false
04-30 16:12:02.638 30969 31239 W SystemConfig: No directory /preas/china/sysconfig, skipping
04-30 16:12:02.640  1762  1762 W SystemConfig: No directory /odm/cust/all/cn/sysconfig, skipping
04-30 16:12:02.640  1762  1762 W SystemConfig: No directory /odm/cust/all/cn/permissions, skipping
04-30 16:12:02.640  1762  1762 W SystemConfig: No directory /odm/etc/sysconfig, skipping
04-30 16:12:02.642 30969 31239 W SystemConfig: No directory /hw_product/hw_oem/VOG-AL10/sysconfig, skipping
04-30 16:12:02.642  1762  1762 W SystemConfig: No directory /odm/etc/carrier/46001/sysconfig, skipping
04-30 16:12:02.642  1762  1762 W SystemConfig: No directory /odm/etc/carrier/46001/permissions, skipping
04-30 16:12:02.643 30969 31239 W SystemConfig: No directory /preload/VOG-AL10/all/cn/sysconfig, skipping
04-30 16:12:02.643  1762  1762 W SystemConfig: No directory /odm/hw_odm/VOG-AL10/sysconfig, skipping
04-30 16:12:02.643  1762  1762 W SystemConfig: No directory /odm/hw_odm/VOG-AL10/permissions, skipping
04-30 16:12:02.643 30969 31239 W SystemConfig: No directory /cust/global/sysconfig, skipping
04-30 16:12:02.643 30969 31239 W SystemConfig: No directory /cust/global/permissions, skipping
04-30 16:12:02.643 30969 31239 W SystemConfig: No directory /cust/global/carrier/46001/sysconfig, skipping
04-30 16:12:02.643  1762  1762 W SystemConfig: No directory /hw_product/etc/sysconfig, skipping
04-30 16:12:02.643 30969 31239 W SystemConfig: No directory /cust/global/carrier/46001/permissions, skipping
04-30 16:12:02.643 30969 31239 W SystemConfig: No directory /cust/hw/cn/sysconfig, skipping
04-30 16:12:02.643 30969 31239 W SystemConfig: No directory /cust/hw/cn/permissions, skipping
04-30 16:12:02.645  1762  1762 W SystemConfig: No directory /hw_product/etc/carrier/46001/sysconfig, skipping
04-30 16:12:02.646  1762  1762 W SystemConfig: No directory /hw_product/etc/carrier/46001/permissions, skipping
04-30 16:12:02.646  1762  1762 W SystemConfig: No directory /hw_product/region_comm/china/sysconfig, skipping
04-30 16:12:02.646  2208  4463 I chatty  : uid=1000(system) Binder:2208_F expire 1 line
04-30 16:12:02.648  4172  4333 E SmartDualCardConfig: getApkConfig fail,end
04-30 16:12:02.648  4172  4333 I SmartDualCardConfig: isAppInXml,return false
04-30 16:12:02.648  4172  4333 E SmartDualCardConfig: onPackageInstallStateUpdate fail
04-30 16:12:02.658 30969 31239 W SystemConfig: No directory /cust/hw/cn/carrier/46001/sysconfig, skipping
04-30 16:12:02.658 30969 31239 W SystemConfig: No directory /cust/hw/cn/carrier/46001/permissions, skipping
04-30 16:12:02.658 30969 31239 W SystemConfig: No directory /version/cust/all/cn/sysconfig, skipping
04-30 16:12:02.659 30969 31239 W SystemConfig: No directory /hw_product/special_cust/VOG-AL10/all/cn/sysconfig, skipping
04-30 16:12:02.659 30969 31239 W SystemConfig: No directory /hw_product/special_cust/VOG-AL10/all/cn/permissions, skipping
04-30 16:12:02.663  1762  1762 W SystemConfig: No directory /preas/china/sysconfig, skipping
04-30 16:12:02.664 30969 31239 W SystemConfig: No directory /version/special_cust/VOG-AL10/all/cn/sysconfig, skipping
04-30 16:12:02.665 30969 31239 W SystemConfig: No directory /version/special_cust/VOG-AL10/all/cn/permissions, skipping
04-30 16:12:02.665 30969 31239 W SystemConfig: No directory /version/special_cust/VOG-AL10/all/cn/carrier/46001/sysconfig, skipping
04-30 16:12:02.665 30969 31239 W SystemConfig: No directory /version/special_cust/VOG-AL10/all/cn/carrier/46001/permissions, skipping
04-30 16:12:02.665 30969 31239 W SystemConfig: No directory /cust/cotalite/sysconfig, skipping
04-30 16:12:02.665 30969 31239 W SystemConfig: No directory /cust/cotalite/permissions, skipping
04-30 16:12:02.665 30969 31239 W SystemConfig: No directory /cust/ecota/sysconfig, skipping
04-30 16:12:02.665 30969 31239 W SystemConfig: No directory /cust/ecota/permissions, skipping
04-30 16:12:02.665 30969 31239 I HwCustSystemConfigImpl: start read overlay feature.
04-30 16:12:02.667  1845  1940 W ContextImpl: Calling a method in the system process without a qualified user: android.app.ContextImpl.bindService:1777 com.huawei.antivirus.features.plugin.PluginAntivirusEngineManager.bindPluginService:108 com.huawei.antivirus.features.plugin.PluginAntivirusEngineManager.getPluginEngineBinder:66 com.huawei.antivirus.features.engine.AvlAntivirusEngine.checkPluginAntivirusEngine:271 com.huawei.antivirus.features.engine.AvlAntivirusEngine.<init>:41 
04-30 16:12:02.668  4172  4333 I PreDnsQuery: No need to handled!
04-30 16:12:02.674 30969 31239 I HwCustSystemConfigImpl: overlay feature take effect.
04-30 16:12:02.680  2208  5141 I chatty  : uid=1000(system) Binder:2208_17 expire 1 line
04-30 16:12:02.682  4172  4172 D DEF_PackageChangedBroadcastReceiver: receive action:android.intent.action.PACKAGE_ADDED
04-30 16:12:02.682  4172  4172 D DEF_PackageChangedBroadcastReceiver: onReceive com.ytejapanese.client android.intent.action.PACKAGE_ADDED replacing: true
