04-30 16:09:12.758  2208 29828 I chatty  : uid=1000 system_server expire 1 line
04-30 16:09:12.966  2208  3842 I chatty  : uid=1000(system) HwBinder:2208_3 expire 2 lines
04-30 16:09:13.093  4172  4333 D NpdcpAliveManager: ro.odm.npdcp_alive_cfg_enable is false
04-30 16:09:13.325  2208  2489 I chatty  : uid=1000(system) ThirdAppHandler expire 15 lines
04-30 16:09:13.360  2208  2471 I chatty  : uid=1000(system) monitor thread expire 1 line
04-30 16:09:14.014  2208  2483 I chatty  : uid=1000(system) ActivityManager expire 12 lines
04-30 16:09:14.120  4172  4333 D NpdcpAliveManager: ro.odm.npdcp_alive_cfg_enable is false
04-30 16:09:14.576  2208  2484 I chatty  : uid=1000(system) ActivityManager expire 1 line
04-30 16:09:14.577  2208  4125 I chatty  : uid=1000(system) MultiTaskManage expire 1 line
04-30 16:09:14.590 29893 29893 D ActivityThread: Attach thread to application
04-30 16:09:14.608 29893 29914 I ActivityThread: Init compatible state: true
04-30 16:09:14.952  2208  4158 I chatty  : uid=1000(system) Binder:2208_8 expire 8 lines
04-30 16:09:15.111 29893 29893 I ActivityThread: finishPreloaded preloadStatus 0
04-30 16:09:15.142  4172  4333 D NpdcpAliveManager: ro.odm.npdcp_alive_cfg_enable is false
04-30 16:09:15.592  1038  1182 I storaged: storaged_t::event: storage_info refreshed.
04-30 16:09:16.157  2208  2466 I chatty  : uid=1000(system) android.ui expire 3 lines
04-30 16:09:16.166  4172  4333 D NpdcpAliveManager: ro.odm.npdcp_alive_cfg_enable is false
04-30 16:09:16.566  5067  5067 W SettingsEx: SettingsEx.Systemex.getString deprecated use Settings.System.getString instead, callers = com.android.internal.telephony.gsm.HwCustGsmServiceStateManagerImpl.isMccForShowNetname:202 com.android.internal.telephony.gsm.HwCustGsmServiceStateManagerImpl.isShowNetnameByMcc:193 com.android.internal.telephony.gsm.HwCustGsmServiceStateManagerImpl.setOnsDisplayCustomization:144 
04-30 16:09:16.606  2208  2480 I chatty  : uid=1000(system) android.bg expire 2 lines
04-30 16:09:17.189  4172  4333 D NpdcpAliveManager: ro.odm.npdcp_alive_cfg_enable is false
04-30 16:09:17.192  2208  2653 I chatty  : uid=1000(system) GestureNavManag expire 1 line
04-30 16:09:17.226  5540  5540 I ActivityThread: Handle window ActivityRecord{9693108 token=android.os.BinderProxy@ff6bd11 {com.huawei.android.launcher/com.huawei.android.launcher.unihome.UniHomeLauncher}} visibility: true
04-30 16:09:17.233  4047  4327 I HwNetworkPolicyManager: getHwUidPolicy uid = 10079 policy = 0
04-30 16:09:17.233  2208  2631 I chatty  : uid=1000(system) sManagerService expire 4 lines
04-30 16:09:17.234 26977 26977 D RtgSched: resetRtgSchedHandle failed enable:0
04-30 16:09:17.602  2208  4223 I chatty  : uid=1000(system) Binder:2208_A expire 56 lines
04-30 16:09:17.605  2208  2208 I chatty  : uid=1000 system_server expire 19 lines
04-30 16:09:17.605  2208 10198 I chatty  : uid=1000(system) Binder:2208_1E expire 21 lines
04-30 16:09:17.619  2208 10196 I chatty  : uid=1000(system) Binder:2208_1C expire 31 lines
04-30 16:09:17.634  2208 10899 I chatty  : uid=1000(system) Binder:2208_1F expire 9 lines
04-30 16:09:17.637  2208  2586 I chatty  : uid=1000(system) Binder:2208_3 expire 6 lines
04-30 16:09:18.048  2208  2466 I chatty  : uid=1000(system) android.ui expire 7 lines
04-30 16:09:18.079  2208  2468 I chatty  : uid=1000(system) android.display expire 12 lines
04-30 16:09:18.095  2208  2478 I chatty  : uid=1000(system) HwGameAssistant expire 2 lines
04-30 16:09:18.120  2208  4158 I chatty  : uid=1000(system) Binder:2208_8 expire 15 lines
04-30 16:09:18.122  2208  2477 I chatty  : uid=1000(system) HwActivityTaskM expire 6 lines
04-30 16:09:18.122  2208  3716 I chatty  : uid=1000(system) Thread-7 expire 8 lines
04-30 16:09:18.124  4172  4333 I NetworkQoeChr: checkForegroundApp timer start
04-30 16:09:18.124  4172  4333 I NetworkQoeChr: end qoe report
04-30 16:09:18.132  2208  2489 I chatty  : uid=1000(system) ThirdAppHandler expire 2 lines
04-30 16:09:18.134  4172  4333 I SmartDualCardConfig: getAppType,pkgName=com.huawei.android.launcher,appType=28
04-30 16:09:18.134  4172  4333 E SmartDualCardConfig: isAppInBlackList false,items==null
04-30 16:09:18.134  4172  4333 I SmartDualCardConfig: isAppInWhiteList false,uid=10079
04-30 16:09:18.140 18054  7379 I HwCommandQueue: updateBarBgColor
04-30 16:09:18.140 18054  7379 D HwCommandQueue: CommandQueue, setBarBackgroundColor
04-30 16:09:18.154  2208 17220 I chatty  : uid=1000(system) Binder:2208_20 expire 2 lines
04-30 16:09:18.179  4172  4333 I HidataAppQoeP: foregroundUidRemove uid: 10323 name: com.tencent.tim
04-30 16:09:18.180  4172  4334 I CommBoosterRequest: mModemId = 0slot id = 0
04-30 16:09:18.185  4172  4333 I SmartDualCardConfig: getAppType,pkgName=com.tencent.tim,appType=0
04-30 16:09:18.185  4172  4333 E SmartDualCardConfig: isAppInBlackList false,items==null
04-30 16:09:18.185  4172  4333 I SmartDualCardConfig: isAppInWhiteList false,uid=10323
04-30 16:09:18.190  4172  4334 E OllieTelephony: sendFullData err:1
04-30 16:09:18.232  2208  7158 I chatty  : uid=1000(system) Binder:2208_1A expire 20 lines
04-30 16:09:18.241  2208  2484 I chatty  : uid=1000(system) ActivityManager expire 1 line
04-30 16:09:18.242  2208  4125 I chatty  : uid=1000(system) MultiTaskManage expire 1 line
04-30 16:09:18.275 30149 30149 D ActivityThread: Attach thread to application
04-30 16:09:18.295 30149 30176 I ActivityThread: Init compatible state: true
04-30 16:09:18.393 30149 30149 I ActivityThread: finishPreloaded preloadStatus 0
04-30 16:09:19.360  2208  2471 I chatty  : uid=1000(system) monitor thread expire 1 line
04-30 16:09:20.055  2208  2483 I chatty  : uid=1000(system) ActivityManager expire 5 lines
04-30 16:09:20.624  2208  2469 I chatty  : uid=1000(system) android.anim expire 16 lines
04-30 16:09:20.637  2208  4462 I chatty  : uid=1000(system) Binder:2208_E expire 7 lines
04-30 16:09:20.639 25430 25430 D ActivityThread: Won't deliver top position change in state=5
04-30 16:09:20.643  2208  2626 I chatty  : uid=1000(system) HeartBeatHandle expire 258 lines
04-30 16:09:20.675  4047  4326 I HwNetworkPolicyManager: getHwUidPolicy uid = 10411 policy = 0
04-30 16:09:20.678  4172  4333 I HidataAppQoeP: foregroundUidAdd uid: 10411 name: kivy.karobbentb activity state: true
04-30 16:09:20.682  4172  4333 I NetworkQoeChr: checkForegroundApp timer end
04-30 16:09:20.688  4172  4333 I SmartDualCardConfig: getAppType,pkgName=kivy.karobbentb,appType=-1
04-30 16:09:20.688  4172  4333 E SmartDualCardConfig: isAppInBlackList false,items==null
04-30 16:09:20.688  4172  4333 I SmartDualCardConfig: isAppInWhiteList false,uid=10411
04-30 16:09:20.717  2208  5141 I chatty  : uid=1000(system) Binder:2208_17 expire 13 lines
04-30 16:09:20.729 18054  7379 I HwCommandQueue: updateBarBgColor
04-30 16:09:20.729 18054  7379 D HwCommandQueue: CommandQueue, setBarBackgroundColor
04-30 16:09:21.080  2208  2468 I chatty  : uid=1000(system) android.display expire 32 lines
04-30 16:09:21.082  2208  2469 I chatty  : uid=1000(system) android.anim expire 35 lines
04-30 16:09:21.104  2208  2631 I chatty  : uid=1000(system) sManagerService expire 9 lines
04-30 16:09:21.124  5540  5540 D RtgSched: resetRtgSchedHandle failed enable:0
04-30 16:09:21.138  4172  4333 I SmartDualCardConfig: getAppType,pkgName=com.huawei.android.launcher,appType=28
04-30 16:09:21.138  4172  4333 E SmartDualCardConfig: isAppInBlackList false,items==null
04-30 16:09:21.138  4172  4333 I SmartDualCardConfig: isAppInWhiteList false,uid=10079
04-30 16:09:21.659  2208  2586 I chatty  : uid=1000(system) Binder:2208_3 expire 47 lines
04-30 16:09:21.701  4172  4333 D NpdcpAliveManager: ro.odm.npdcp_alive_cfg_enable is false
04-30 16:09:21.930  2208  2653 I chatty  : uid=1000(system) GestureNavManag expire 1 line
04-30 16:09:21.956 25430 25430 D RtgSched: resetRtgSchedHandle failed enable:0
04-30 16:09:21.959  2208  4158 I chatty  : uid=1000(system) Binder:2208_8 expire 1 line
04-30 16:09:21.959  4047  4326 I HwNetworkPolicyManager: getHwUidPolicy uid = 10079 policy = 0
04-30 16:09:21.962  5540  5540 I ActivityThread: Handle window ActivityRecord{9693108 token=android.os.BinderProxy@ff6bd11 {com.huawei.android.launcher/com.huawei.android.launcher.unihome.UniHomeLauncher}} visibility: true
04-30 16:09:21.998  2208 10196 I chatty  : uid=1000(system) Binder:2208_1C expire 16 lines
04-30 16:09:22.029  2208  2466 I chatty  : uid=1000(system) android.ui expire 9 lines
04-30 16:09:22.220  2208  4462 I chatty  : uid=1000(system) Binder:2208_E expire 23 lines
04-30 16:09:22.220  2208 10899 I chatty  : uid=1000(system) Binder:2208_1F expire 2 lines
04-30 16:09:22.221  2208  2208 I chatty  : uid=1000 system_server expire 2 lines
04-30 16:09:22.561  2208  2478 I chatty  : uid=1000(system) HwGameAssistant expire 2 lines
04-30 16:09:22.574  2208  7158 I chatty  : uid=1000(system) Binder:2208_1A expire 1 line
04-30 16:09:22.575  2208  2477 I chatty  : uid=1000(system) HwActivityTaskM expire 8 lines
04-30 16:09:22.575  2208  3716 I chatty  : uid=1000(system) Thread-7 expire 10 lines
04-30 16:09:22.575  4172  4333 I NetworkQoeChr: checkForegroundApp timer start
04-30 16:09:22.575  4172  4333 I NetworkQoeChr: end qoe report
04-30 16:09:22.580  4172  4333 I SmartDualCardConfig: getAppType,pkgName=com.huawei.android.launcher,appType=28
04-30 16:09:22.580  4172  4333 E SmartDualCardConfig: isAppInBlackList false,items==null
04-30 16:09:22.580  4172  4333 I SmartDualCardConfig: isAppInWhiteList false,uid=10079
04-30 16:09:22.609 18054 28988 I HwCommandQueue: updateBarBgColor
04-30 16:09:22.609 18054 28988 D HwCommandQueue: CommandQueue, setBarBackgroundColor
04-30 16:09:22.624  4172  4333 I HidataAppQoeP: foregroundUidRemove uid: 10411 name: kivy.karobbentb
04-30 16:09:22.625  4172  4334 I CommBoosterRequest: mModemId = 0slot id = 0
04-30 16:09:22.627  4172  4333 I SmartDualCardConfig: getAppType,pkgName=kivy.karobbentb,appType=-1
04-30 16:09:22.627  4172  4333 E SmartDualCardConfig: isAppInBlackList false,items==null
04-30 16:09:22.627  4172  4333 I SmartDualCardConfig: isAppInWhiteList false,uid=10411
04-30 16:09:22.630  4172  4334 E OllieTelephony: sendFullData err:1
04-30 16:09:23.056  2208  2483 I chatty  : uid=1000(system) ActivityManager expire 9 lines
04-30 16:09:23.071  2208  4125 I chatty  : uid=1000(system) MultiTaskManage expire 3 lines
04-30 16:09:23.073  2208 30310 I chatty  : uid=1000 system_server expire 11 lines
04-30 16:09:23.118  4172  4172 I HwCoreAppHelperService: LocalReceiver receives:android.intent.action.PACKAGE_RESTARTED,pkg:kivy.karobbentb,uid:10411
04-30 16:09:23.144  2208 10198 I chatty  : uid=1000(system) Binder:2208_1E expire 7 lines
04-30 16:09:23.389  2208  4222 I chatty  : uid=1000(system) Binder:2208_9 expire 6 lines
04-30 16:09:25.361  2208  2471 I chatty  : uid=1000(system) monitor thread expire 1 line
04-30 16:09:25.394  2208  2484 I chatty  : uid=1000(system) ActivityManager expire 1 line
04-30 16:09:25.462 30315 30315 I ActivityThread: preloadStatus:1
04-30 16:09:25.462  2208 30337 I chatty  : uid=1000 system_server expire 2 lines
04-30 16:09:25.464 30315 30315 D ActivityThread: Attach thread to application
04-30 16:09:25.482 30315 30336 I HwActivityThreadImpl: mSocketName: 90a2fffc-39b0-4b01-8164-275d663ea732
04-30 16:09:25.483 30315 30336 I HwActivityThreadImpl: initPreloadedSocked end mPreloadStatus 2
04-30 16:09:25.488 30315 30338 I ActivityThread: Init compatible state: true
04-30 16:09:25.495 30315 30336 I HwActivityThreadImpl: before connect app.socketName:90a2fffc-39b0-4b01-8164-275d663ea732
04-30 16:09:25.507  2208  5134 I chatty  : uid=1000(system) Binder:2208_15 expire 10 lines
04-30 16:09:25.509 30315 30315 I HwActivityThreadImpl: accept socket mSocketName: 90a2fffc-39b0-4b01-8164-275d663ea732
04-30 16:09:25.509 30315 30315 I HwActivityThreadImpl: accept socket end
04-30 16:09:25.510 30315 30315 I HwActivityThreadImpl: acceptPreloadedApplication end mPreloadStatus 3
04-30 16:09:25.510 30315 30336 I HwActivityThreadImpl: connectContinuePreload end mPreloadStatus 3
04-30 16:09:25.511  2208  4463 I chatty  : uid=1000(system) Binder:2208_F expire 10 lines
04-30 16:09:25.511  4047  4459 I HwNetworkPolicyManager: getHwUidPolicy uid = 10411 policy = 0
04-30 16:09:25.512  5540  5540 D RtgSched: resetRtgSchedHandle failed enable:0
04-30 16:09:25.512 30315 30315 I ActivityThread: finishPreloaded preloadStatus 3
04-30 16:09:25.513 30315 30315 I ActivityThread: finishPreloaded end preloadStatus 3
04-30 16:09:25.533 30315 30315 V ActivityThread: callActivityOnCreate
04-30 16:09:25.558 30315 30315 D ActivityThread: add activity client record, r= ActivityRecord{e83c6ae token=android.os.BinderProxy@ea1200a {kivy.karobbentb/org.kivy.android.PythonActivity}} token= android.os.BinderProxy@ea1200a
04-30 16:09:25.578  4172  4333 I HidataAppQoeP: foregroundUidAdd uid: 10411 name: kivy.karobbentb activity state: true
04-30 16:09:25.579  4172  4333 I NetworkQoeChr: checkForegroundApp timer end
04-30 16:09:25.589  4172  4333 I SmartDualCardConfig: getAppType,pkgName=kivy.karobbentb,appType=-1
04-30 16:09:25.589  4172  4333 E SmartDualCardConfig: isAppInBlackList false,items==null
04-30 16:09:25.589  4172  4333 I SmartDualCardConfig: isAppInWhiteList false,uid=10411
04-30 16:09:25.625 18054  7379 I HwCommandQueue: updateBarBgColor
04-30 16:09:25.625 18054  7379 D HwCommandQueue: CommandQueue, setBarBackgroundColor
04-30 16:09:25.929  4172  4333 I SmartDualCardConfig: getAppType,pkgName=com.huawei.android.launcher,appType=28
04-30 16:09:25.929  4172  4333 E SmartDualCardConfig: isAppInBlackList false,items==null
04-30 16:09:25.929  4172  4333 I SmartDualCardConfig: isAppInWhiteList false,uid=10079
04-30 16:09:25.943  2208  3922 I chatty  : uid=1000(system) Binder:2208_5 expire 20 lines
04-30 16:09:26.061  2208  2483 I chatty  : uid=1000(system) ActivityManager expire 11 lines
04-30 16:09:26.061  2208  4463 I chatty  : uid=1000(system) Binder:2208_F expire 1 line
04-30 16:09:26.062  2208  5134 I chatty  : uid=1000(system) Binder:2208_15 expire 7 lines
04-30 16:09:26.596  4172  4333 D NpdcpAliveManager: ro.odm.npdcp_alive_cfg_enable is false
04-30 16:09:27.630  4172  4333 D NpdcpAliveManager: ro.odm.npdcp_alive_cfg_enable is false
04-30 16:09:28.013  2208  2653 I chatty  : uid=1000(system) GestureNavManag expire 1 line
04-30 16:09:28.045  2208  4873 I chatty  : uid=1000(system) Binder:2208_12 expire 8 lines
04-30 16:09:28.045  4047  4521 I HwNetworkPolicyManager: getHwUidPolicy uid = 10079 policy = 0
04-30 16:09:28.046  2208  2631 I chatty  : uid=1000(system) sManagerService expire 9 lines
04-30 16:09:28.047 30315 30315 D RtgSched: resetRtgSchedHandle failed enable:0
04-30 16:09:28.059  5540  5540 I ActivityThread: Handle window ActivityRecord{9693108 token=android.os.BinderProxy@ff6bd11 {com.huawei.android.launcher/com.huawei.android.launcher.unihome.UniHomeLauncher}} visibility: true
04-30 16:09:28.092  2208  2469 I chatty  : uid=1000(system) android.anim expire 34 lines
04-30 16:09:28.121  2208  2466 I chatty  : uid=1000(system) android.ui expire 5 lines
04-30 16:09:28.328  2208  2468 I chatty  : uid=1000(system) android.display expire 24 lines
04-30 16:09:28.331  2208  2208 I chatty  : uid=1000 system_server expire 2 lines
04-30 16:09:28.340  2208  5131 I chatty  : uid=1000(system) Binder:2208_14 expire 2 lines
04-30 16:09:28.340  2208  2626 I chatty  : uid=1000(system) HeartBeatHandle expire 128 lines
04-30 16:09:28.649  4172  4333 D NpdcpAliveManager: ro.odm.npdcp_alive_cfg_enable is false
04-30 16:09:28.665  2208  4222 I chatty  : uid=1000(system) Binder:2208_9 expire 35 lines
04-30 16:09:28.672  2208  2478 I chatty  : uid=1000(system) HwGameAssistant expire 2 lines
04-30 16:09:28.687  2208  5130 I chatty  : uid=1000(system) Binder:2208_13 expire 1 line
04-30 16:09:28.688  2208  2477 I chatty  : uid=1000(system) HwActivityTaskM expire 8 lines
04-30 16:09:28.689  2208  3716 I chatty  : uid=1000(system) Thread-7 expire 12 lines
04-30 16:09:28.689  4172  4333 I NetworkQoeChr: checkForegroundApp timer start
04-30 16:09:28.689  4172  4333 I NetworkQoeChr: end qoe report
04-30 16:09:28.701  4172  4333 I SmartDualCardConfig: getAppType,pkgName=com.huawei.android.launcher,appType=28
04-30 16:09:28.701  4172  4333 E SmartDualCardConfig: isAppInBlackList false,items==null
04-30 16:09:28.701  4172  4333 I SmartDualCardConfig: isAppInWhiteList false,uid=10079
04-30 16:09:28.720 18054 28988 I HwCommandQueue: updateBarBgColor
04-30 16:09:28.720 18054 28988 D HwCommandQueue: CommandQueue, setBarBackgroundColor
04-30 16:09:28.734  4172  4333 I HidataAppQoeP: foregroundUidRemove uid: 10411 name: kivy.karobbentb
04-30 16:09:28.735  4172  4334 I CommBoosterRequest: mModemId = 0slot id = 0
04-30 16:09:28.736  4172  4333 I SmartDualCardConfig: getAppType,pkgName=kivy.karobbentb,appType=-1
04-30 16:09:28.736  4172  4333 E SmartDualCardConfig: isAppInBlackList false,items==null
04-30 16:09:28.736  4172  4333 I SmartDualCardConfig: isAppInWhiteList false,uid=10411
04-30 16:09:28.742  4172  4334 E OllieTelephony: sendFullData err:1
04-30 16:09:29.292  2208  4125 I chatty  : uid=1000(system) MultiTaskManage expire 2 lines
04-30 16:09:29.296  2208 30380 I chatty  : uid=1000 system_server expire 11 lines
04-30 16:09:29.328  4172  4172 I HwCoreAppHelperService: LocalReceiver receives:android.intent.action.PACKAGE_RESTARTED,pkg:kivy.karobbentb,uid:10411
04-30 16:09:29.914  2208 10899 I chatty  : uid=1000(system) Binder:2208_1F expire 1 line
04-30 16:09:30.923  2208 10198 I chatty  : uid=1000(system) Binder:2208_1E expire 1 line
04-30 16:09:30.956  2208  3998 I chatty  : uid=1000(system) Binder:2208_7 expire 4 lines
04-30 16:09:30.956  2208 10196 I chatty  : uid=1000(system) Binder:2208_1C expire 1 line
04-30 16:09:30.957  2208  4460 I chatty  : uid=1000(system) Binder:2208_D expire 15 lines
04-30 16:09:30.957  2208  3698 I chatty  : uid=1000(system) ConnectivitySer expire 3 lines
04-30 16:09:31.361  2208  2471 I chatty  : uid=1000(system) monitor thread expire 1 line
04-30 16:09:31.814 26977 26977 D ActivityThread: Won't deliver top position change in state=5
04-30 16:09:31.816  2208  4608 I chatty  : uid=1000(system) Binder:2208_10 expire 6 lines
04-30 16:09:31.825 16820 16820 I ActivityThread: Handle window ActivityRecord{1642336 token=android.os.BinderProxy@a74ea9d {com.tencent.tim/com.tencent.mobileqq.activity.SplashActivity}} visibility: true
04-30 16:09:31.846  2208  4223 I chatty  : uid=1000(system) Binder:2208_A expire 4 lines
04-30 16:09:31.854  2208  3762 I chatty  : uid=1000(system) Binder:2208_4 expire 11 lines
04-30 16:09:31.857  4047  4454 I HwNetworkPolicyManager: getHwUidPolicy uid = 10323 policy = 0
04-30 16:09:31.857  4047  4327 I HwNetworkPolicyManager: getHwUidPolicy uid = 10323 policy = 0
04-30 16:09:31.883  2208  2489 I chatty  : uid=1000(system) ThirdAppHandler expire 1 line
04-30 16:09:31.883  4172  4333 I HidataAppQoeP: foregroundUidAdd uid: 10323 name: com.tencent.tim activity state: true
04-30 16:09:31.890  4172  4333 I NetworkQoeChr: checkForegroundApp timer end
04-30 16:09:31.905  5540  5540 D RtgSched: resetRtgSchedHandle failed enable:0
04-30 16:09:31.906  2208  5138 I chatty  : uid=1000(system) Binder:2208_16 expire 1 line
04-30 16:09:31.911  4172  4333 I SmartDualCardConfig: getAppType,pkgName=com.tencent.tim,appType=0
04-30 16:09:31.911  4172  4333 E SmartDualCardConfig: isAppInBlackList false,items==null
04-30 16:09:31.911  4172  4333 I SmartDualCardConfig: isAppInWhiteList false,uid=10323
04-30 16:09:31.943 18054 28988 I HwCommandQueue: updateBarBgColor
04-30 16:09:31.943 18054 28988 D HwCommandQueue: CommandQueue, setBarBackgroundColor
04-30 16:09:31.953 26977 26977 D RtgSched: resetRtgSchedHandle failed enable:1
04-30 16:09:31.953 26977 26977 D RtgSched: resetRtgSchedHandle failed enable:0
04-30 16:09:31.965  2208  7158 I chatty  : uid=1000(system) Binder:2208_1A expire 3 lines
04-30 16:09:31.975  2208  4158 I chatty  : uid=1000(system) Binder:2208_8 expire 20 lines
04-30 16:09:32.286  5540  5540 D RtgSched: resetRtgSchedHandle failed enable:0
04-30 16:09:32.293  2208  4223 I chatty  : uid=1000(system) Binder:2208_A expire 17 lines
04-30 16:09:32.303  4172  4333 I SmartDualCardConfig: getAppType,pkgName=com.huawei.android.launcher,appType=28
04-30 16:09:32.303  4172  4333 E SmartDualCardConfig: isAppInBlackList false,items==null
04-30 16:09:32.303  4172  4333 I SmartDualCardConfig: isAppInWhiteList false,uid=10079
04-30 16:09:32.306  2208  2631 I chatty  : uid=1000(system) sManagerService expire 6 lines
04-30 16:09:32.391  2208  2469 I chatty  : uid=1000(system) android.anim expire 35 lines
04-30 16:09:32.551  2208  2477 I chatty  : uid=1000(system) HwActivityTaskM expire 7 lines
04-30 16:09:32.636  2208  4873 I chatty  : uid=1000(system) Binder:2208_12 expire 21 lines
04-30 16:09:32.669  2208  2586 I chatty  : uid=1000(system) Binder:2208_3 expire 27 lines
04-30 16:09:32.909  4172  4333 D NpdcpAliveManager: ro.odm.npdcp_alive_cfg_enable is false
04-30 16:09:33.928  4172  4333 D NpdcpAliveManager: ro.odm.npdcp_alive_cfg_enable is false
04-30 16:09:34.357  2208  2466 I chatty  : uid=1000(system) android.ui expire 12 lines
04-30 16:09:34.738  2208 18969 I chatty  : uid=1000(system) MobileQosDetect expire 2 lines
04-30 16:09:34.956  4172  4333 D NpdcpAliveManager: ro.odm.npdcp_alive_cfg_enable is false
04-30 16:09:35.087  2208  2483 I chatty  : uid=1000(system) ActivityManager expire 15 lines
04-30 16:09:35.981  4172  4333 D NpdcpAliveManager: ro.odm.npdcp_alive_cfg_enable is false
04-30 16:09:37.005  4172  4333 D NpdcpAliveManager: ro.odm.npdcp_alive_cfg_enable is false
04-30 16:09:37.361  2208  2471 I chatty  : uid=1000(system) monitor thread expire 1 line
04-30 16:09:38.030  4172  4333 D NpdcpAliveManager: ro.odm.npdcp_alive_cfg_enable is false
04-30 16:09:39.045  4172  4333 D NpdcpAliveManager: ro.odm.npdcp_alive_cfg_enable is false
04-30 16:09:39.998  2208  2489 I chatty  : uid=1000(system) ThirdAppHandler expire 3 lines
04-30 16:09:40.068  4172  4333 D NpdcpAliveManager: ro.odm.npdcp_alive_cfg_enable is false
04-30 16:09:40.689  2208  2653 I chatty  : uid=1000(system) GestureNavManag expire 1 line
04-30 16:09:40.710  5540  5540 I ActivityThread: Handle window ActivityRecord{9693108 token=android.os.BinderProxy@ff6bd11 {com.huawei.android.launcher/com.huawei.android.launcher.unihome.UniHomeLauncher}} visibility: true
04-30 16:09:40.719  2208  4460 I chatty  : uid=1000(system) Binder:2208_D expire 4 lines
04-30 16:09:40.724  4047  4459 I HwNetworkPolicyManager: getHwUidPolicy uid = 10079 policy = 0
04-30 16:09:40.727 26977 26977 D RtgSched: resetRtgSchedHandle failed enable:0
04-30 16:09:41.091  2208  2468 I chatty  : uid=1000(system) android.display expire 15 lines
04-30 16:09:41.092  4172  4333 D NpdcpAliveManager: ro.odm.npdcp_alive_cfg_enable is false
04-30 16:09:41.096  2208  2208 I chatty  : uid=1000 system_server expire 1 line
04-30 16:09:41.420  2208  5138 I chatty  : uid=1000(system) Binder:2208_16 expire 46 lines
04-30 16:09:41.427  2208  2478 I chatty  : uid=1000(system) HwGameAssistant expire 2 lines
04-30 16:09:41.444  2208  3716 I chatty  : uid=1000(system) Thread-7 expire 8 lines
04-30 16:09:41.447  4172  4333 I NetworkQoeChr: checkForegroundApp timer start
04-30 16:09:41.447  4172  4333 I NetworkQoeChr: end qoe report
04-30 16:09:41.454  4172  4333 I SmartDualCardConfig: getAppType,pkgName=com.huawei.android.launcher,appType=28
04-30 16:09:41.454  4172  4333 E SmartDualCardConfig: isAppInBlackList false,items==null
04-30 16:09:41.454  4172  4333 I SmartDualCardConfig: isAppInWhiteList false,uid=10079
04-30 16:09:41.475 18054 28988 I HwCommandQueue: updateBarBgColor
04-30 16:09:41.475 18054 28988 D HwCommandQueue: CommandQueue, setBarBackgroundColor
04-30 16:09:41.490  4172  4333 I HidataAppQoeP: foregroundUidRemove uid: 10323 name: com.tencent.tim
04-30 16:09:41.493  4172  4334 I CommBoosterRequest: mModemId = 0slot id = 0
04-30 16:09:41.498  4172  4333 I SmartDualCardConfig: getAppType,pkgName=com.tencent.tim,appType=0
04-30 16:09:41.498  4172  4333 E SmartDualCardConfig: isAppInBlackList false,items==null
04-30 16:09:41.498  4172  4333 I SmartDualCardConfig: isAppInWhiteList false,uid=10323
04-30 16:09:41.501  4172  4334 E OllieTelephony: sendFullData err:1
04-30 16:09:41.511  2208  7158 I chatty  : uid=1000(system) Binder:2208_1A expire 4 lines
04-30 16:09:41.660  2208  3762 I chatty  : uid=1000(system) Binder:2208_4 expire 8 lines
04-30 16:09:41.678  2208  4608 I chatty  : uid=1000(system) Binder:2208_10 expire 8 lines
04-30 16:09:41.683 26977 26977 D ActivityThread: Won't deliver top position change in state=5
04-30 16:09:41.687  2208  3922 I chatty  : uid=1000(system) Binder:2208_5 expire 8 lines
04-30 16:09:41.698 16820 16820 I ActivityThread: Handle window ActivityRecord{1642336 token=android.os.BinderProxy@a74ea9d {com.tencent.tim/com.tencent.mobileqq.activity.SplashActivity}} visibility: true
04-30 16:09:41.701  4047  4521 I HwNetworkPolicyManager: getHwUidPolicy uid = 10323 policy = 0
04-30 16:09:41.702  4047  4435 I HwNetworkPolicyManager: getHwUidPolicy uid = 10323 policy = 0
04-30 16:09:41.725  4172  4333 I HidataAppQoeP: foregroundUidAdd uid: 10323 name: com.tencent.tim activity state: true
04-30 16:09:41.727  4172  4333 I NetworkQoeChr: checkForegroundApp timer end
04-30 16:09:41.730  4172  4333 I SmartDualCardConfig: getAppType,pkgName=com.tencent.tim,appType=0
04-30 16:09:41.730  4172  4333 E SmartDualCardConfig: isAppInBlackList false,items==null
04-30 16:09:41.730  4172  4333 I SmartDualCardConfig: isAppInWhiteList false,uid=10323
04-30 16:09:41.741  5540  5540 D RtgSched: resetRtgSchedHandle failed enable:0
04-30 16:09:41.765  2208  2469 I chatty  : uid=1000(system) android.anim expire 22 lines
04-30 16:09:41.776  2208  2631 I chatty  : uid=1000(system) sManagerService expire 6 lines
04-30 16:09:41.778  2208  4223 I chatty  : uid=1000(system) Binder:2208_A expire 15 lines
04-30 16:09:41.791 18054 29951 I HwCommandQueue: updateBarBgColor
04-30 16:09:41.791 18054 29951 D HwCommandQueue: CommandQueue, setBarBackgroundColor
04-30 16:09:41.792  2208  2466 I chatty  : uid=1000(system) android.ui expire 8 lines
04-30 16:09:41.796 26977 26977 D RtgSched: resetRtgSchedHandle failed enable:0
04-30 16:09:41.796  2208  7158 I chatty  : uid=1000(system) Binder:2208_1A expire 35 lines
04-30 16:09:41.811  2208  4608 I chatty  : uid=1000(system) Binder:2208_10 expire 32 lines
04-30 16:09:42.125  2208  2468 I chatty  : uid=1000(system) android.display expire 13 lines
04-30 16:09:42.171  2208  4460 I chatty  : uid=1000(system) Binder:2208_D expire 4 lines
04-30 16:09:42.204 16820 16820 D ActivityThread: Won't deliver top position change in state=2
04-30 16:09:42.217  2208  2477 I chatty  : uid=1000(system) HwActivityTaskM expire 3 lines
04-30 16:09:42.217  2208  3716 I chatty  : uid=1000(system) Thread-7 expire 4 lines
04-30 16:09:42.219 26977 26977 D RtgSched: resetRtgSchedHandle failed enable:0
04-30 16:09:42.220  5540  5540 D RtgSched: resetRtgSchedHandle failed enable:0
04-30 16:09:42.256  4172  4333 I SmartDualCardConfig: getAppType,pkgName=com.huawei.android.launcher,appType=28
04-30 16:09:42.256  4172  4333 E SmartDualCardConfig: isAppInBlackList false,items==null
04-30 16:09:42.256  4172  4333 I SmartDualCardConfig: isAppInWhiteList false,uid=10079
04-30 16:09:42.314  2208  3762 I chatty  : uid=1000(system) Binder:2208_4 expire 50 lines
04-30 16:09:42.334  2208  2489 I chatty  : uid=1000(system) ThirdAppHandler expire 2 lines
04-30 16:09:42.371 26977 26977 D ActivityThread: Remove activity client record, r= ActivityRecord{1e9d2b8 token=android.os.BinderProxy@75e8434 {com.tencent.tim/com.tencent.mobileqq.activity.QQBrowserActivity}} token= android.os.BinderProxy@75e8434
04-30 16:09:42.372 26977 26977 I ViewRootImpl: dispatchDetachedFromWindow in doDie
04-30 16:09:42.481  2208  2653 I chatty  : uid=1000(system) GestureNavManag expire 2 lines
04-30 16:09:42.726  4172  4333 D NpdcpAliveManager: ro.odm.npdcp_alive_cfg_enable is false
04-30 16:09:43.362  2208  2471 I chatty  : uid=1000(system) monitor thread expire 3 lines
04-30 16:09:43.750  4172  4333 D NpdcpAliveManager: ro.odm.npdcp_alive_cfg_enable is false
04-30 16:09:44.145  2208  2483 I chatty  : uid=1000(system) ActivityManager expire 20 lines
04-30 16:09:44.309 16820 16820 I ViewRootImpl: dispatchDetachedFromWindow in doDie
04-30 16:09:44.536  2208  4158 I chatty  : uid=1000(system) Binder:2208_8 expire 31 lines
04-30 16:09:44.780  4172  4333 D NpdcpAliveManager: ro.odm.npdcp_alive_cfg_enable is false
04-30 16:09:45.796  4172  4333 D NpdcpAliveManager: ro.odm.npdcp_alive_cfg_enable is false
04-30 16:09:46.739  2208 18969 I chatty  : uid=1000(system) MobileQosDetect expire 3 lines
04-30 16:09:46.828  4172  4333 D NpdcpAliveManager: ro.odm.npdcp_alive_cfg_enable is false
04-30 16:09:47.846  4172  4333 D NpdcpAliveManager: ro.odm.npdcp_alive_cfg_enable is false
04-30 16:09:48.025  2208  5138 I chatty  : uid=1000(system) Binder:2208_16 expire 12 lines
04-30 16:09:48.869  4172  4333 D NpdcpAliveManager: ro.odm.npdcp_alive_cfg_enable is false
04-30 16:09:49.894  4172  4333 D NpdcpAliveManager: ro.odm.npdcp_alive_cfg_enable is false
04-30 16:09:50.925  4172  4333 D NpdcpAliveManager: ro.odm.npdcp_alive_cfg_enable is false
04-30 16:09:51.950  4172  4333 D NpdcpAliveManager: ro.odm.npdcp_alive_cfg_enable is false
04-30 16:09:52.966  4172  4333 D NpdcpAliveManager: ro.odm.npdcp_alive_cfg_enable is false
04-30 16:09:53.988  4172  4333 D NpdcpAliveManager: ro.odm.npdcp_alive_cfg_enable is false
04-30 16:09:55.021  4172  4333 D NpdcpAliveManager: ro.odm.npdcp_alive_cfg_enable is false
04-30 16:09:55.612  2208  3762 I chatty  : uid=1000(system) Binder:2208_4 expire 7 lines
04-30 16:09:56.037  4172  4333 D NpdcpAliveManager: ro.odm.npdcp_alive_cfg_enable is false
04-30 16:09:56.186  2208  2483 I chatty  : uid=1000(system) ActivityManager expire 10 lines
04-30 16:09:56.187  2208  4158 I chatty  : uid=1000(system) Binder:2208_8 expire 19 lines
04-30 16:09:57.068  4172  4333 D NpdcpAliveManager: ro.odm.npdcp_alive_cfg_enable is false
04-30 16:09:58.088  4172  4333 D NpdcpAliveManager: ro.odm.npdcp_alive_cfg_enable is false
04-30 16:09:59.116  4172  4333 D NpdcpAliveManager: ro.odm.npdcp_alive_cfg_enable is false
04-30 16:09:59.762  2208  2653 I chatty  : uid=1000(system) GestureNavManag expire 3 lines
04-30 16:09:59.782  2208  2631 I chatty  : uid=1000(system) sManagerService expire 7 lines
04-30 16:09:59.785 16820 16820 D RtgSched: resetRtgSchedHandle failed enable:0
04-30 16:09:59.787  2208  3762 I chatty  : uid=1000(system) Binder:2208_4 expire 12 lines
04-30 16:09:59.787  4047  4435 I HwNetworkPolicyManager: getHwUidPolicy uid = 10079 policy = 0
04-30 16:09:59.787  5540  5540 I ActivityThread: Handle window ActivityRecord{9693108 token=android.os.BinderProxy@ff6bd11 {com.huawei.android.launcher/com.huawei.android.launcher.unihome.UniHomeLauncher}} visibility: true
04-30 16:09:59.806  2208  3922 I chatty  : uid=1000(system) Binder:2208_5 expire 26 lines
04-30 16:09:59.829  2208  2469 I chatty  : uid=1000(system) android.anim expire 15 lines
04-30 16:09:59.833  2208  5138 I chatty  : uid=1000(system) Binder:2208_16 expire 18 lines
04-30 16:09:59.865  2208  2468 I chatty  : uid=1000(system) android.display expire 14 lines
04-30 16:09:59.878  5540  5540 D RtgSched: resetRtgSchedHandle failed enable:0
04-30 16:10:00.136  4172  4333 D NpdcpAliveManager: ro.odm.npdcp_alive_cfg_enable is false
04-30 16:10:01.169  4172  4333 D NpdcpAliveManager: ro.odm.npdcp_alive_cfg_enable is false
04-30 16:10:01.363  2208  2471 I chatty  : uid=1000(system) monitor thread expire 5 lines
04-30 16:10:02.185  4172  4333 D NpdcpAliveManager: ro.odm.npdcp_alive_cfg_enable is false
04-30 16:10:02.215  2208  2483 I chatty  : uid=1000(system) ActivityManager expire 20 lines
04-30 16:10:02.743  2208 18969 I chatty  : uid=1000(system) MobileQosDetect expire 5 lines
04-30 16:10:02.948  2208  7158 I chatty  : uid=1000(system) Binder:2208_1A expire 14 lines
04-30 16:10:03.212  4172  4333 D NpdcpAliveManager: ro.odm.npdcp_alive_cfg_enable is false
04-30 16:10:04.008  2208  4460 I chatty  : uid=1000(system) Binder:2208_D expire 9 lines
04-30 16:10:04.229  4172  4333 D NpdcpAliveManager: ro.odm.npdcp_alive_cfg_enable is false
04-30 16:10:05.080  2208  2466 I chatty  : uid=1000(system) android.ui expire 8 lines
04-30 16:10:05.261  4172  4333 D NpdcpAliveManager: ro.odm.npdcp_alive_cfg_enable is false
04-30 16:10:06.276  4172  4333 D NpdcpAliveManager: ro.odm.npdcp_alive_cfg_enable is false
04-30 16:10:07.309  4172  4333 D NpdcpAliveManager: ro.odm.npdcp_alive_cfg_enable is false
04-30 16:10:07.767  2208  4158 I chatty  : uid=1000(system) Binder:2208_8 expire 2 lines
04-30 16:10:08.325  4172  4333 D NpdcpAliveManager: ro.odm.npdcp_alive_cfg_enable is false
04-30 16:10:09.357  4172  4333 I chatty  : uid=1000(system) OllieServiceThr identical 2 lines
04-30 16:10:10.375  4172  4333 D NpdcpAliveManager: ro.odm.npdcp_alive_cfg_enable is false
04-30 16:10:10.913  2208  2664 I chatty  : uid=1000(system) InputDispatcher expire 13 lines
04-30 16:10:10.915  2208  2586 I chatty  : uid=1000(system) Binder:2208_3 expire 4 lines
04-30 16:10:10.915  2208  4608 I chatty  : uid=1000(system) Binder:2208_10 expire 9 lines
04-30 16:10:10.916  2208  3716 I chatty  : uid=1000(system) Thread-7 expire 6 lines
04-30 16:10:10.916  2208  2477 I chatty  : uid=1000(system) HwActivityTaskM expire 3 lines
04-30 16:10:10.933  2208  2208 I chatty  : uid=1000 system_server expire 1 line
04-30 16:10:10.956  2208  5138 I chatty  : uid=1000(system) Binder:2208_16 expire 8 lines
04-30 16:10:11.409  4172  4333 D NpdcpAliveManager: ro.odm.npdcp_alive_cfg_enable is false
04-30 16:10:11.434  2208  2627 I chatty  : uid=1000(system) AlarmManager expire 1 line
04-30 16:10:12.421  4172  4333 D NpdcpAliveManager: ro.odm.npdcp_alive_cfg_enable is false
04-30 16:10:13.458  4172  4333 D NpdcpAliveManager: ro.odm.npdcp_alive_cfg_enable is false
04-30 16:10:14.293  2208  2483 I chatty  : uid=1000(system) ActivityManager expire 20 lines
04-30 16:10:14.474  4172  4333 D NpdcpAliveManager: ro.odm.npdcp_alive_cfg_enable is false
04-30 16:10:15.501  4172  4333 D NpdcpAliveManager: ro.odm.npdcp_alive_cfg_enable is false
04-30 16:10:15.593  1038  1182 I storaged: storaged_t::event: storage_info refreshed.
04-30 16:10:16.517  4172  4333 D NpdcpAliveManager: ro.odm.npdcp_alive_cfg_enable is false
04-30 16:10:17.313  2208  2463 I chatty  : uid=1000(system) Binder:2208_2 expire 21 lines
04-30 16:10:17.550  4172  4333 D NpdcpAliveManager: ro.odm.npdcp_alive_cfg_enable is false
04-30 16:10:18.569  4172  4333 D NpdcpAliveManager: ro.odm.npdcp_alive_cfg_enable is false
04-30 16:10:19.602  4172  4333 D NpdcpAliveManager: ro.odm.npdcp_alive_cfg_enable is false
04-30 16:10:20.617  4172  4333 D NpdcpAliveManager: ro.odm.npdcp_alive_cfg_enable is false
04-30 16:10:22.661  4172  4333 D NpdcpAliveManager: ro.odm.npdcp_alive_cfg_enable is false
04-30 16:10:23.131  4047  4459 I HwNetworkPolicyManager: getHwUidPolicy uid = 10323 policy = 0
04-30 16:10:23.136 30149 30149 V ActivityThread: callActivityOnCreate
04-30 16:10:23.142 16820 16820 D RtgSched: resetRtgSchedHandle failed enable:0
04-30 16:10:23.221 30149 30149 D ActivityThread: add activity client record, r= ActivityRecord{511a4c5 token=android.os.BinderProxy@1c4d198 {com.tencent.tim/com.tencent.mobileqq.richmediabrowser.AIOGalleryActivity}} token= android.os.BinderProxy@1c4d198
04-30 16:10:23.261 18054 27361 I HwCommandQueue: updateBarBgColor
04-30 16:10:23.262 18054 27361 D HwCommandQueue: CommandQueue, setBarBackgroundColor
04-30 16:10:23.277  2208  2489 I chatty  : uid=1000(system) ThirdAppHandler expire 2 lines
04-30 16:10:23.688  4172  4333 D NpdcpAliveManager: ro.odm.npdcp_alive_cfg_enable is false
04-30 16:10:23.747  2208  2469 I chatty  : uid=1000(system) android.anim expire 2 lines
04-30 16:10:24.709  4172  4333 D NpdcpAliveManager: ro.odm.npdcp_alive_cfg_enable is false
04-30 16:10:25.742  4172  4333 D NpdcpAliveManager: ro.odm.npdcp_alive_cfg_enable is false
04-30 16:10:26.360  2208  3762 I chatty  : uid=1000(system) Binder:2208_4 expire 1 line
04-30 16:10:26.360  2208  2483 I chatty  : uid=1000(system) ActivityManager expire 20 lines
04-30 16:10:26.362  2208  2586 I chatty  : uid=1000(system) Binder:2208_3 expire 25 lines
04-30 16:10:26.757  4172  4333 D NpdcpAliveManager: ro.odm.npdcp_alive_cfg_enable is false
04-30 16:10:26.765  2208 18969 I chatty  : uid=1000(system) MobileQosDetect expire 5 lines
04-30 16:10:27.789  2208  4608 I chatty  : uid=1000(system) Binder:2208_10 expire 36 lines
04-30 16:10:27.793  4172  4333 D NpdcpAliveManager: ro.odm.npdcp_alive_cfg_enable is false
04-30 16:10:28.475  2208  2489 I chatty  : uid=1000(system) ThirdAppHandler expire 2 lines
04-30 16:10:28.809  4172  4333 D NpdcpAliveManager: ro.odm.npdcp_alive_cfg_enable is false
04-30 16:10:29.381  2208  3762 I chatty  : uid=1000(system) Binder:2208_4 expire 11 lines
04-30 16:10:29.383  2208  7158 I chatty  : uid=1000(system) Binder:2208_1A expire 4 lines
04-30 16:10:29.837  4172  4333 D NpdcpAliveManager: ro.odm.npdcp_alive_cfg_enable is false
04-30 16:10:30.857  4172  4333 D NpdcpAliveManager: ro.odm.npdcp_alive_cfg_enable is false
04-30 16:10:31.364  2208  2471 I chatty  : uid=1000(system) monitor thread expire 5 lines
04-30 16:10:31.886  4172  4333 D NpdcpAliveManager: ro.odm.npdcp_alive_cfg_enable is false
04-30 16:10:32.905  4172  4333 D NpdcpAliveManager: ro.odm.npdcp_alive_cfg_enable is false
04-30 16:10:33.832  2208  2469 I chatty  : uid=1000(system) android.anim expire 8 lines
04-30 16:10:33.928  4172  4333 D NpdcpAliveManager: ro.odm.npdcp_alive_cfg_enable is false
04-30 16:10:34.733  2208  2653 I chatty  : uid=1000(system) GestureNavManag expire 4 lines
04-30 16:10:34.948  4172  4333 D NpdcpAliveManager: ro.odm.npdcp_alive_cfg_enable is false
04-30 16:10:35.982  4172  4333 D NpdcpAliveManager: ro.odm.npdcp_alive_cfg_enable is false
04-30 16:10:36.997  4172  4333 D NpdcpAliveManager: ro.odm.npdcp_alive_cfg_enable is false
04-30 16:10:37.707  2208  2466 I chatty  : uid=1000(system) android.ui expire 12 lines
04-30 16:10:38.030  4172  4333 D NpdcpAliveManager: ro.odm.npdcp_alive_cfg_enable is false
04-30 16:10:38.437  2208  2483 I chatty  : uid=1000(system) ActivityManager expire 15 lines
04-30 16:10:39.046  4172  4333 D NpdcpAliveManager: ro.odm.npdcp_alive_cfg_enable is false
04-30 16:10:40.077  4172  4333 D NpdcpAliveManager: ro.odm.npdcp_alive_cfg_enable is false
04-30 16:10:40.774  2208  2586 I chatty  : uid=1000(system) Binder:2208_3 expire 22 lines
04-30 16:10:40.781 18054 27361 I HwCommandQueue: updateBarBgColor
04-30 16:10:40.781 18054 27361 D HwCommandQueue: CommandQueue, setBarBackgroundColor
04-30 16:10:40.781  2208  3762 I chatty  : uid=1000(system) Binder:2208_4 expire 48 lines
04-30 16:10:40.784  2208  2631 I chatty  : uid=1000(system) sManagerService expire 3 lines
04-30 16:10:40.791  2208  2477 I chatty  : uid=1000(system) HwActivityTaskM expire 2 lines
04-30 16:10:40.792  2208  3716 I chatty  : uid=1000(system) Thread-7 expire 4 lines
04-30 16:10:40.793 30149 30149 D RtgSched: resetRtgSchedHandle failed enable:0
04-30 16:10:40.796 16820 16820 D ActivityThread: Won't deliver top position change in state=4
04-30 16:10:40.814  2208  2463 I chatty  : uid=1000(system) Binder:2208_2 expire 7 lines
04-30 16:10:40.832  2208  2468 I chatty  : uid=1000(system) android.display expire 5 lines
04-30 16:10:40.938 30149 30149 D ActivityThread: Remove activity client record, r= ActivityRecord{511a4c5 token=android.os.BinderProxy@1c4d198 {com.tencent.tim/com.tencent.mobileqq.richmediabrowser.AIOGalleryActivity}} token= android.os.BinderProxy@1c4d198
04-30 16:10:40.939 30149 30149 I ViewRootImpl: dispatchDetachedFromWindow in doDie
04-30 16:10:40.943 30149 30149 E ActivityThread: Activity com.tencent.mobileqq.richmediabrowser.AIOGalleryActivity has leaked IntentReceiver adxx@34e5f0e that was originally registered here. Are you missing a call to unregisterReceiver()?
04-30 16:10:40.943 30149 30149 E ActivityThread: android.app.IntentReceiverLeaked: Activity com.tencent.mobileqq.richmediabrowser.AIOGalleryActivity has leaked IntentReceiver adxx@34e5f0e that was originally registered here. Are you missing a call to unregisterReceiver()?
04-30 16:10:40.943 30149 30149 E ActivityThread: 	at android.app.LoadedApk$ReceiverDispatcher.<init>(LoadedApk.java:1755)
04-30 16:10:40.943 30149 30149 E ActivityThread: 	at android.app.LoadedApk.getReceiverDispatcher(LoadedApk.java:1532)
04-30 16:10:40.943 30149 30149 E ActivityThread: 	at android.app.ContextImpl.registerReceiverInternal(ContextImpl.java:1638)
04-30 16:10:40.943 30149 30149 E ActivityThread: 	at android.app.ContextImpl.registerReceiver(ContextImpl.java:1611)
04-30 16:10:40.943 30149 30149 E ActivityThread: 	at android.content.ContextWrapper.registerReceiver(ContextWrapper.java:640)
04-30 16:10:40.943 30149 30149 E ActivityThread: 	at adxw.init(SourceFile:83)
04-30 16:10:40.943 30149 30149 E ActivityThread: 	at aeiq.initHeader(SourceFile:77)
04-30 16:10:40.943 30149 30149 E ActivityThread: 	at aeiq.<init>(SourceFile:69)
04-30 16:10:40.943 30149 30149 E ActivityThread: 	at aeik.m(SourceFile:108)
04-30 16:10:40.943 30149 30149 E ActivityThread: 	at amij.dOo(SourceFile:167)
04-30 16:10:40.943 30149 30149 E ActivityThread: 	at amij.buildComplete(SourceFile:154)
04-30 16:10:40.943 30149 30149 E ActivityThread: 	at amhr.buildComplete(SourceFile:58)
04-30 16:10:40.943 30149 30149 E ActivityThread: 	at com.tencent.richmediabrowser.core.BrowserDirector.construct(SourceFile:49)
04-30 16:10:40.943 30149 30149 E ActivityThread: 	at com.tencent.mobileqq.richmediabrowser.AIOGalleryActivity.onCreate(SourceFile:103)
04-30 16:10:40.943 30149 30149 E ActivityThread: 	at android.app.Activity.performCreate(Activity.java:8121)
04-30 16:10:40.943 30149 30149 E ActivityThread: 	at android.app.Activity.performCreate(Activity.java:8109)
04-30 16:10:40.943 30149 30149 E ActivityThread: 	at android.app.Instrumentation.callActivityOnCreate(Instrumentation.java:1320)
04-30 16:10:40.943 30149 30149 E ActivityThread: 	at android.app.ActivityThread.performLaunchActivity(ActivityThread.java:3867)
04-30 16:10:40.943 30149 30149 E ActivityThread: 	at android.app.ActivityThread.handleLaunchActivity(ActivityThread.java:4077)
04-30 16:10:40.943 30149 30149 E ActivityThread: 	at android.app.servertransaction.LaunchActivityItem.execute(LaunchActivityItem.java:91)
04-30 16:10:40.943 30149 30149 E ActivityThread: 	at android.app.servertransaction.TransactionExecutor.executeCallbacks(TransactionExecutor.java:149)
04-30 16:10:40.943 30149 30149 E ActivityThread: 	at android.app.servertransaction.TransactionExecutor.execute(TransactionExecutor.java:103)
04-30 16:10:40.943 30149 30149 E ActivityThread: 	at android.app.ActivityThread$H.handleMessage(ActivityThread.java:2458)
04-30 16:10:40.943 30149 30149 E ActivityThread: 	at android.os.Handler.dispatchMessage(Handler.java:110)
04-30 16:10:40.943 30149 30149 E ActivityThread: 	at android.os.Looper.loop(Looper.java:219)
04-30 16:10:40.943 30149 30149 E ActivityThread: 	at android.app.ActivityThread.main(ActivityThread.java:8387)
04-30 16:10:40.943 30149 30149 E ActivityThread: 	at java.lang.reflect.Method.invoke(Native Method)
04-30 16:10:40.943 30149 30149 E ActivityThread: 	at com.android.internal.os.RuntimeInit$MethodAndArgsCaller.run(RuntimeInit.java:513)
04-30 16:10:40.943 30149 30149 E ActivityThread: 	at com.android.internal.os.ZygoteInit.main(ZygoteInit.java:1055)
04-30 16:10:41.092  4172  4333 D NpdcpAliveManager: ro.odm.npdcp_alive_cfg_enable is false
04-30 16:10:42.125  4172  4333 D NpdcpAliveManager: ro.odm.npdcp_alive_cfg_enable is false
04-30 16:10:43.140  4172  4333 D NpdcpAliveManager: ro.odm.npdcp_alive_cfg_enable is false
04-30 16:10:44.165  4172  4333 D NpdcpAliveManager: ro.odm.npdcp_alive_cfg_enable is false
04-30 16:10:44.226  2208  2627 I chatty  : uid=1000(system) AlarmManager expire 1 line
04-30 16:10:45.188  4172  4333 D NpdcpAliveManager: ro.odm.npdcp_alive_cfg_enable is false
04-30 16:10:45.760 16820 16820 I ViewRootImpl: dispatchDetachedFromWindow in doDie
04-30 16:10:46.038  2208  5138 I chatty  : uid=1000(system) Binder:2208_16 expire 13 lines
04-30 16:10:46.226  4172  4333 D NpdcpAliveManager: ro.odm.npdcp_alive_cfg_enable is false
04-30 16:10:47.237  4172  4333 D NpdcpAliveManager: ro.odm.npdcp_alive_cfg_enable is false
04-30 16:10:48.268  4172  4333 D NpdcpAliveManager: ro.odm.npdcp_alive_cfg_enable is false
04-30 16:10:49.284  4172  4333 D NpdcpAliveManager: ro.odm.npdcp_alive_cfg_enable is false
04-30 16:10:50.316  4172  4333 D NpdcpAliveManager: ro.odm.npdcp_alive_cfg_enable is false
04-30 16:10:50.482  2208  2483 I chatty  : uid=1000(system) ActivityManager expire 9 lines
04-30 16:10:51.336  4172  4333 D NpdcpAliveManager: ro.odm.npdcp_alive_cfg_enable is false
04-30 16:10:51.388  2208  2586 I chatty  : uid=1000(system) Binder:2208_3 expire 18 lines
04-30 16:10:52.369  4172  4333 D NpdcpAliveManager: ro.odm.npdcp_alive_cfg_enable is false
04-30 16:10:53.383  4172  4333 D NpdcpAliveManager: ro.odm.npdcp_alive_cfg_enable is false
04-30 16:10:53.506  2208  3762 I chatty  : uid=1000(system) Binder:2208_4 expire 10 lines
04-30 16:10:54.416  4172  4333 D NpdcpAliveManager: ro.odm.npdcp_alive_cfg_enable is false
04-30 16:10:55.432  4172  4333 D NpdcpAliveManager: ro.odm.npdcp_alive_cfg_enable is false
04-30 16:10:56.464  4172  4333 D NpdcpAliveManager: ro.odm.npdcp_alive_cfg_enable is false
04-30 16:10:56.510  2208  5138 I chatty  : uid=1000(system) Binder:2208_16 expire 11 lines
04-30 16:10:57.476  4172  4333 D NpdcpAliveManager: ro.odm.npdcp_alive_cfg_enable is false
04-30 16:10:57.678  2208  3762 I chatty  : uid=1000(system) Binder:2208_4 expire 22 lines
04-30 16:10:57.829  2208  2469 I chatty  : uid=1000(system) android.anim expire 5 lines
04-30 16:10:57.861  2208  2586 I chatty  : uid=1000(system) Binder:2208_3 expire 11 lines
04-30 16:10:57.869  2208  2466 I chatty  : uid=1000(system) android.ui expire 5 lines
04-30 16:10:58.111  2208  2653 I chatty  : uid=1000(system) GestureNavManag expire 5 lines
04-30 16:10:58.510  4172  4333 D NpdcpAliveManager: ro.odm.npdcp_alive_cfg_enable is false
04-30 16:10:58.775  2208 18969 I chatty  : uid=1000(system) MobileQosDetect expire 5 lines
04-30 16:10:59.526  4172  4333 D NpdcpAliveManager: ro.odm.npdcp_alive_cfg_enable is false
04-30 16:10:59.527  2208  2483 I chatty  : uid=1000(system) ActivityManager expire 20 lines
04-30 16:11:00.557  4172  4333 D NpdcpAliveManager: ro.odm.npdcp_alive_cfg_enable is false
04-30 16:11:01.366  2208  2471 I chatty  : uid=1000(system) monitor thread expire 5 lines
04-30 16:11:01.572  4172  4333 D NpdcpAliveManager: ro.odm.npdcp_alive_cfg_enable is false
04-30 16:11:02.604  4172  4333 D NpdcpAliveManager: ro.odm.npdcp_alive_cfg_enable is false
04-30 16:11:03.625  4172  4333 D NpdcpAliveManager: ro.odm.npdcp_alive_cfg_enable is false
04-30 16:11:04.330  2208  2598 I chatty  : uid=1000(system) UEventObserver expire 3 lines
04-30 16:11:04.333  2208  3842 I chatty  : uid=1000(system) HwBinder:2208_3 expire 1 line
04-30 16:11:04.339  2208  2208 I chatty  : uid=1000 system_server expire 1 line
04-30 16:11:04.605  2208  2622 I chatty  : uid=1000(system) SettingsProvide expire 1 line
04-30 16:11:04.654  4172  4333 D NpdcpAliveManager: ro.odm.npdcp_alive_cfg_enable is false
04-30 16:11:05.174  2208  2463 I chatty  : uid=1000(system) Binder:2208_2 expire 11 lines
04-30 16:11:05.257  2208  7158 I chatty  : uid=1000(system) Binder:2208_1A expire 12 lines
04-30 16:11:05.668  4172  4333 D NpdcpAliveManager: ro.odm.npdcp_alive_cfg_enable is false
04-30 16:11:06.700  4172  4333 D NpdcpAliveManager: ro.odm.npdcp_alive_cfg_enable is false
04-30 16:11:07.604  2208  3825 I chatty  : uid=1000(system) HwWMStateMachin expire 1 line
04-30 16:11:07.717  4172  4333 D NpdcpAliveManager: ro.odm.npdcp_alive_cfg_enable is false
04-30 16:11:08.565  2208  3762 I chatty  : uid=1000(system) Binder:2208_4 expire 20 lines
04-30 16:11:08.748  4172  4333 D NpdcpAliveManager: ro.odm.npdcp_alive_cfg_enable is false
04-30 16:11:09.765  4172  4333 D NpdcpAliveManager: ro.odm.npdcp_alive_cfg_enable is false
04-30 16:11:10.325  2208  2586 I chatty  : uid=1000(system) Binder:2208_3 expire 4 lines
04-30 16:11:10.789  4172  4333 D NpdcpAliveManager: ro.odm.npdcp_alive_cfg_enable is false
04-30 16:11:11.590  2208  2483 I chatty  : uid=1000(system) ActivityManager expire 20 lines
04-30 16:11:11.594  2208  5138 I chatty  : uid=1000(system) Binder:2208_16 expire 11 lines
04-30 16:11:11.813  4172  4333 D NpdcpAliveManager: ro.odm.npdcp_alive_cfg_enable is false
04-30 16:11:12.844  4172  4333 D NpdcpAliveManager: ro.odm.npdcp_alive_cfg_enable is false
04-30 16:11:13.860  4172  4333 D NpdcpAliveManager: ro.odm.npdcp_alive_cfg_enable is false
04-30 16:11:14.892  4172  4333 D NpdcpAliveManager: ro.odm.npdcp_alive_cfg_enable is false
04-30 16:11:15.594  1038  1182 I storaged: storaged_t::event: storage_info refreshed.
04-30 16:11:15.812  2208  2489 I chatty  : uid=1000(system) ThirdAppHandler expire 2 lines
04-30 16:11:15.912  4172  4333 D NpdcpAliveManager: ro.odm.npdcp_alive_cfg_enable is false
04-30 16:11:16.941  4172  4333 D NpdcpAliveManager: ro.odm.npdcp_alive_cfg_enable is false
04-30 16:11:17.957  4172  4333 D NpdcpAliveManager: ro.odm.npdcp_alive_cfg_enable is false
04-30 16:11:18.989  4172  4333 D NpdcpAliveManager: ro.odm.npdcp_alive_cfg_enable is false
04-30 16:11:20.005  4172  4333 D NpdcpAliveManager: ro.odm.npdcp_alive_cfg_enable is false
04-30 16:11:20.307  2208  3762 I chatty  : uid=1000(system) Binder:2208_4 expire 23 lines
04-30 16:11:20.628  2208  7158 I chatty  : uid=1000(system) Binder:2208_1A expire 19 lines
04-30 16:11:21.029  4172  4333 D NpdcpAliveManager: ro.odm.npdcp_alive_cfg_enable is false
