04-30 16:11:22.053  4172  4333 D NpdcpAliveManager: ro.odm.npdcp_alive_cfg_enable is false
04-30 16:11:23.085  4172  4333 D NpdcpAliveManager: ro.odm.npdcp_alive_cfg_enable is false
04-30 16:11:23.651  2208  2483 I chatty  : uid=1000(system) ActivityManager expire 15 lines
04-30 16:11:23.656  2208  5138 I chatty  : uid=1000(system) Binder:2208_16 expire 2 lines
04-30 16:11:24.101  4172  4333 D NpdcpAliveManager: ro.odm.npdcp_alive_cfg_enable is false
04-30 16:11:25.135  4172  4333 D NpdcpAliveManager: ro.odm.npdcp_alive_cfg_enable is false
04-30 16:11:26.150  4172  4333 D NpdcpAliveManager: ro.odm.npdcp_alive_cfg_enable is false
04-30 16:11:27.186  4172  4333 D NpdcpAliveManager: ro.odm.npdcp_alive_cfg_enable is false
04-30 16:11:28.197  4172  4333 I chatty  : uid=1000(system) OllieServiceThr identical 1 line
04-30 16:11:29.230  4172  4333 D NpdcpAliveManager: ro.odm.npdcp_alive_cfg_enable is false
04-30 16:11:29.798  5540  5540 I ActivityThread: Handle window ActivityRecord{9693108 token=android.os.BinderProxy@ff6bd11 {com.huawei.android.launcher/com.huawei.android.launcher.unihome.UniHomeLauncher}} visibility: true
04-30 16:11:29.801  2208  2631 I chatty  : uid=1000(system) sManagerService expire 2 lines
04-30 16:11:29.805  2208  4608 I chatty  : uid=1000(system) Binder:2208_10 expire 1 line
04-30 16:11:29.805  4047  4521 I HwNetworkPolicyManager: getHwUidPolicy uid = 10079 policy = 0
04-30 16:11:29.808 16820 16820 D RtgSched: resetRtgSchedHandle failed enable:0
04-30 16:11:29.976  2208  2468 I chatty  : uid=1000(system) android.display expire 5 lines
04-30 16:11:30.244  4172  4333 D NpdcpAliveManager: ro.odm.npdcp_alive_cfg_enable is false
04-30 16:11:30.675  2208  4458 I chatty  : uid=1000(system) Binder:2208_C expire 37 lines
04-30 16:11:30.712  2208  2478 I chatty  : uid=1000(system) HwGameAssistant expire 1 line
04-30 16:11:30.736  2208  2477 I chatty  : uid=1000(system) HwActivityTaskM expire 1 line
04-30 16:11:30.738  2208  3716 I chatty  : uid=1000(system) Thread-7 expire 2 lines
04-30 16:11:30.740  4172  4333 I NetworkQoeChr: checkForegroundApp timer start
04-30 16:11:30.740  4172  4333 I NetworkQoeChr: end qoe report
04-30 16:11:30.752  4172  4333 I SmartDualCardConfig: getAppType,pkgName=com.huawei.android.launcher,appType=28
04-30 16:11:30.752  4172  4333 E SmartDualCardConfig: isAppInBlackList false,items==null
04-30 16:11:30.752  4172  4333 I SmartDualCardConfig: isAppInWhiteList false,uid=10079
04-30 16:11:30.752  2208  4463 I chatty  : uid=1000(system) Binder:2208_F expire 9 lines
04-30 16:11:30.755 18054 28988 I HwCommandQueue: updateBarBgColor
04-30 16:11:30.755 18054 28988 D HwCommandQueue: CommandQueue, setBarBackgroundColor
04-30 16:11:30.757  2208  4458 I chatty  : uid=1000(system) Binder:2208_C expire 16 lines
04-30 16:11:30.757  2208  2477 I chatty  : uid=1000(system) HwActivityTaskM expire 1 line
04-30 16:11:30.758  2208  3716 I chatty  : uid=1000(system) Thread-7 expire 2 lines
04-30 16:11:30.759  2208  4608 I chatty  : uid=1000(system) Binder:2208_10 expire 14 lines
04-30 16:11:30.777  2208  2468 I chatty  : uid=1000(system) android.display expire 7 lines
04-30 16:11:30.779  2208  5138 I chatty  : uid=1000(system) Binder:2208_16 expire 4 lines
04-30 16:11:30.796  2208  2631 I chatty  : uid=1000(system) sManagerService expire 1 line
04-30 16:11:30.808  4172  4333 I HidataAppQoeP: foregroundUidRemove uid: 10323 name: com.tencent.tim
04-30 16:11:30.808  4172  4334 I CommBoosterRequest: mModemId = 0slot id = 0
04-30 16:11:30.809  4172  4333 I SmartDualCardConfig: getAppType,pkgName=com.tencent.tim,appType=0
04-30 16:11:30.809  4172  4333 E SmartDualCardConfig: isAppInBlackList false,items==null
04-30 16:11:30.809  4172  4333 I SmartDualCardConfig: isAppInWhiteList false,uid=10323
04-30 16:11:30.815  4172  4334 E OllieTelephony: sendFullData err:1
04-30 16:11:31.368  2208  2471 I chatty  : uid=1000(system) monitor thread expire 1 line
04-30 16:11:32.729  2208  2483 I chatty  : uid=1000(system) ActivityManager expire 9 lines
04-30 16:11:34.335  2208  2495 I chatty  : uid=1000(system) PowerManagerSer expire 7 lines
04-30 16:11:34.570  2208  2622 I chatty  : uid=1000(system) SettingsProvide expire 8 lines
04-30 16:11:34.785  2208 18969 I chatty  : uid=1000(system) MobileQosDetect expire 1 line
04-30 16:11:35.665  2208  2598 I chatty  : uid=1000(system) UEventObserver expire 27 lines
04-30 16:11:35.670  2208  2597 I chatty  : uid=1000(system) HwBatteryServic expire 2 lines
04-30 16:11:35.677  2208  3842 I chatty  : uid=1000(system) HwBinder:2208_3 expire 6 lines
04-30 16:11:35.681  2208  2465 I chatty  : uid=1000(system) android.fg expire 1 line
04-30 16:11:35.711  2208  2484 I chatty  : uid=1000(system) ActivityManager expire 3 lines
04-30 16:11:35.713  2208  4125 I chatty  : uid=1000(system) MultiTaskManage expire 3 lines
04-30 16:11:35.715  2208  2467 I chatty  : uid=1000(system) android.io expire 1 line
04-30 16:11:35.718 18054 18054 W PowerUI : unknown intent: Intent { act=android.intent.action.ACTION_POWER_CONNECTED flg=0x4000010 (has extras) }
04-30 16:11:35.734  2208  2586 I chatty  : uid=1000(system) Binder:2208_3 expire 1 line
04-30 16:11:35.734  2208  2626 I chatty  : uid=1000(system) HeartBeatHandle expire 1467 lines
04-30 16:11:35.741  2208 10198 I chatty  : uid=1000(system) Binder:2208_1E expire 14 lines
04-30 16:11:35.742 30947 30947 D ActivityThread: Attach thread to application
04-30 16:11:35.745  2208  2208 I chatty  : uid=1000 system_server expire 47 lines
04-30 16:11:35.774 30947 30967 I ActivityThread: Init compatible state: false
04-30 16:11:35.775  1038  2260 I storaged: uid_monitor::update_curr_io_stats_locked: last_uid_io_stats_ size is 409
04-30 16:11:35.776  1038  2260 I storaged: uid_monitor::update_curr_io_stats_locked: curr_io_stats_ size is 409
04-30 16:11:35.784  2208  2463 I chatty  : uid=1000(system) Binder:2208_2 expire 3 lines
04-30 16:11:35.785  2208  2627 I chatty  : uid=1000(system) AlarmManager expire 6 lines
04-30 16:11:35.790  2208  3998 I chatty  : uid=1000(system) Binder:2208_7 expire 5 lines
04-30 16:11:35.790  2208  3762 I chatty  : uid=1000(system) Binder:2208_4 expire 5 lines
04-30 16:11:35.793  2208  2491 I chatty  : uid=1000(system) batterystats-wo expire 4 lines
04-30 16:11:35.829 30969 30969 D ActivityThread: Attach thread to application
04-30 16:11:35.957  2208  4873 I chatty  : uid=1000(system) Binder:2208_12 expire 4 lines
04-30 16:11:35.969 30969 30990 I ActivityThread: Init compatible state: false
04-30 16:11:36.022  2208  4222 I chatty  : uid=1000(system) Binder:2208_9 expire 13 lines
04-30 16:11:36.090 30947 30947 I FaceRecognizeManagerFactory: load actual implementation successfully.
04-30 16:11:36.090 30947 30947 I FaceRecognizeManagerFactoryImpl: get FaceRecognizeManagerImpl.
04-30 16:11:36.090 30947 30947 D FaceRecognizeManagerImpl: init the message handler!
04-30 16:11:36.092 30947 30947 D FaceRecognizeManagerImpl: New FaceRecognize Sdk Instance
04-30 16:11:36.096 30947 30947 I ActivityThread: finishPreloaded preloadStatus 0
04-30 16:11:36.177  2208  2466 I chatty  : uid=1000(system) android.ui expire 2 lines
04-30 16:11:36.209  2208  2469 I chatty  : uid=1000(system) android.anim expire 2 lines
04-30 16:11:36.290  2208  7158 I chatty  : uid=1000(system) Binder:2208_1A expire 4 lines
04-30 16:11:36.313  2208  2480 I chatty  : uid=1000(system) android.bg expire 1 line
04-30 16:11:36.577 31061 31061 D ActivityThread: Attach thread to application
04-30 16:11:36.599 31061 31083 I ActivityThread: Init compatible state: false
04-30 16:11:36.624  2208  2208 I chatty  : uid=1000 system_server expire 125 lines
04-30 16:11:36.643  2208 10198 I chatty  : uid=1000(system) Binder:2208_1E expire 6 lines
04-30 16:11:36.679  2208  3998 I chatty  : uid=1000(system) Binder:2208_7 expire 5 lines
04-30 16:11:36.687  2208  7158 I chatty  : uid=1000(system) Binder:2208_1A expire 10 lines
04-30 16:11:36.719  2208  2484 I chatty  : uid=1000(system) ActivityManager expire 3 lines
04-30 16:11:36.720  2208  4125 I chatty  : uid=1000(system) MultiTaskManage expire 3 lines
04-30 16:11:36.747 31099 31099 D ActivityThread: Attach thread to application
04-30 16:11:36.767 31122 31122 D ActivityThread: Attach thread to application
04-30 16:11:36.769  2208  3762 I chatty  : uid=1000(system) Binder:2208_4 expire 2 lines
04-30 16:11:36.776 31099 31132 I ActivityThread: Init compatible state: false
04-30 16:11:36.777  2208  5143 I chatty  : uid=1000(system) Binder:2208_18 expire 2 lines
04-30 16:11:36.790 31122 31143 I ActivityThread: Init compatible state: false
04-30 16:11:36.823  2208  2465 I chatty  : uid=1000(system) android.fg expire 5 lines
04-30 16:11:36.830 31099 31099 I ActivityThread: finishPreloaded preloadStatus 0
04-30 16:11:36.878  2208  2622 I chatty  : uid=1000(system) SettingsProvide expire 1 line
04-30 16:11:36.879 30947 30947 W ContextImpl: Calling a method in the system process without a qualified user: android.app.ContextImpl.startService:1698 android.content.ContextWrapper.startService:669 android.content.ContextWrapper.startService:669 com.android.settings.deviceinfo.UsbReceiver.startUsbService:344 com.android.settings.deviceinfo.UsbReceiver.onUsbStateReceive:188 
04-30 16:11:36.885  2208  4158 I chatty  : uid=1000(system) Binder:2208_8 expire 10 lines
04-30 16:11:36.890  2208  4222 I chatty  : uid=1000(system) Binder:2208_9 expire 4 lines
04-30 16:11:36.896  2208  4458 I chatty  : uid=1000(system) Binder:2208_C expire 7 lines
04-30 16:11:36.920  2208  2598 I chatty  : uid=1000(system) UEventObserver expire 5 lines
04-30 16:11:36.924 30947 30947 W ContextImpl: Calling a method in the system process without a qualified user: android.app.ContextImpl.startService:1698 android.content.ContextWrapper.startService:669 android.content.ContextWrapper.startService:669 com.android.settings.deviceinfo.UsbReceiver.startUsbService:344 com.android.settings.deviceinfo.UsbReceiver.onUsbStateReceive:240 
04-30 16:11:36.931  2208  4873 I chatty  : uid=1000(system) Binder:2208_12 expire 6 lines
04-30 16:11:36.937  2208  2586 I chatty  : uid=1000(system) Binder:2208_3 expire 7 lines
04-30 16:11:36.950  2208  2463 I chatty  : uid=1000(system) Binder:2208_2 expire 4 lines
04-30 16:11:37.024 30969 30969 D HwCustConnectivityManagerImpl: isBlockNetworkRequestByNonAis, INVALID_SUBSCRIPTION_ID
04-30 16:11:37.032  2208  3698 I chatty  : uid=1000(system) ConnectivitySer expire 35 lines
04-30 16:11:37.101 31184 31184 D ActivityThread: Attach thread to application
04-30 16:11:37.152 31184 31207 I ActivityThread: Init compatible state: false
04-30 16:11:37.187 18054 18054 I Resources: LockDpi original config :{0.85 460mcc1mnc [en_CN,zh_CN_#Hans] ldltr sw423dp w423dp h888dp 272dpi nrml long port finger -keyb/v/h -nav/h winConfig={ mBounds=Rect(0, 0 - 720, 1560) mAppBounds=Rect(0, 50 - 720, 1560) mWindowingMode=fullscreen mDisplayWindowingMode=fullscreen mActivityType=undefined mAlwaysOnTop=undefined mRotation=ROTATION_0} suim:1 s.87856} mLockDpi = true densityDpi = 272 dpi = 408
04-30 16:11:37.219  2208  8917 I chatty  : uid=1000(system) backup-0 expire 2 lines
04-30 16:11:37.225  2208 31232 I chatty  : uid=1000 system_server expire 9 lines
04-30 16:11:37.229 30947 30947 W ContextImpl: Calling a method in the system process without a qualified user: android.app.ContextImpl.startService:1698 android.content.ContextWrapper.startService:669 android.content.ContextWrapper.startService:669 com.android.settings.deviceinfo.UsbReceiver.startUsbService:344 com.android.settings.deviceinfo.UsbReceiver.onUsbStateReceive:188 
04-30 16:11:37.231 30947 30947 W ContextImpl: Calling a method in the system process without a qualified user: android.app.ContextImpl.startService:1698 android.content.ContextWrapper.startService:669 android.content.ContextWrapper.startService:669 com.android.settings.deviceinfo.UsbReceiver.startUsbService:344 com.android.settings.deviceinfo.UsbReceiver.onUsbStateReceive:240 
04-30 16:11:37.252 18054 18054 I Resources: LockDpi original config :{0.85 460mcc1mnc [en_CN,zh_CN_#Hans] ldltr sw423dp w423dp h888dp 272dpi nrml long port finger -keyb/v/h -nav/h winConfig={ mBounds=Rect(0, 0 - 720, 1560) mAppBounds=Rect(0, 50 - 720, 1560) mWindowingMode=fullscreen mDisplayWindowingMode=fullscreen mActivityType=undefined mAlwaysOnTop=undefined mRotation=ROTATION_0} suim:1 s.87856} mLockDpi = true densityDpi = 272 dpi = 408
04-30 16:11:37.262  2208  4463 I chatty  : uid=1000(system) Binder:2208_F expire 5 lines
04-30 16:11:37.264 18054 18054 I Resources: LockDpi original config :{0.85 460mcc1mnc [en_CN,zh_CN_#Hans] ldltr sw423dp w423dp h888dp 272dpi nrml long port finger -keyb/v/h -nav/h winConfig={ mBounds=Rect(0, 0 - 720, 1560) mAppBounds=Rect(0, 50 - 720, 1560) mWindowingMode=fullscreen mDisplayWindowingMode=fullscreen mActivityType=undefined mAlwaysOnTop=undefined mRotation=ROTATION_0} suim:1 s.87856} mLockDpi = true densityDpi = 272 dpi = 408
04-30 16:11:37.362 31061 31061 D HwCustConnectivityManagerImpl: isBlockNetworkRequestByNonAis, INVALID_SUBSCRIPTION_ID
04-30 16:11:37.366  2208  3698 I chatty  : uid=1000(system) ConnectivitySer expire 90 lines
04-30 16:11:37.367  2208  3998 I chatty  : uid=1000(system) Binder:2208_7 expire 5 lines
04-30 16:11:37.368  2208  2471 I chatty  : uid=1000(system) monitor thread expire 1 line
04-30 16:11:37.392  2208  2586 I chatty  : uid=1000(system) Binder:2208_3 expire 19 lines
04-30 16:11:37.403 31122 31122 I ActivityThread: finishPreloaded preloadStatus 0
04-30 16:11:37.439  2208  2483 I chatty  : uid=1000(system) ActivityManager expire 2 lines
04-30 16:11:37.458  2208  2622 I chatty  : uid=1000(system) SettingsProvide expire 4 lines
04-30 16:11:37.473  2208  4222 I chatty  : uid=1000(system) Binder:2208_9 expire 18 lines
04-30 16:11:37.479 31061 31061 D HwCustConnectivityManagerImpl: isBlockNetworkRequestByNonAis, INVALID_SUBSCRIPTION_ID
04-30 16:11:37.497  2208  4873 I chatty  : uid=1000(system) Binder:2208_12 expire 15 lines
04-30 16:11:37.547  2208  4458 I chatty  : uid=1000(system) Binder:2208_C expire 5 lines
04-30 16:11:37.549  2208  4158 I chatty  : uid=1000(system) Binder:2208_8 expire 6 lines
04-30 16:11:37.579  2208  2208 I chatty  : uid=1000 system_server expire 46 lines
04-30 16:11:37.589  2208  2484 I chatty  : uid=1000(system) ActivityManager expire 1 line
04-30 16:11:37.591  2208  4125 I chatty  : uid=1000(system) MultiTaskManage expire 2 lines
04-30 16:11:37.611 31359 31359 D ActivityThread: Attach thread to application
04-30 16:11:37.642 31359 31376 I ActivityThread: Init compatible state: false
04-30 16:11:37.650  2208  2463 I chatty  : uid=1000(system) Binder:2208_2 expire 4 lines
04-30 16:11:37.769  2208  5138 I chatty  : uid=1000(system) Binder:2208_16 expire 12 lines
04-30 16:11:37.776  2208  5143 I chatty  : uid=1000(system) Binder:2208_18 expire 12 lines
04-30 16:11:37.847 31184 31184 I ActivityThread: finishPreloaded preloadStatus 0
04-30 16:11:37.975  2208  7158 I chatty  : uid=1000(system) Binder:2208_1A expire 2 lines
04-30 16:11:37.985  2208  6120 I chatty  : uid=1000(system) AdbDebuggingMan expire 1 line
04-30 16:11:37.986  2208  2465 I chatty  : uid=1000(system) android.fg expire 1 line
04-30 16:11:38.121 31359 31359 I ActivityThread: finishPreloaded preloadStatus 0
04-30 16:11:38.163  2208 31232 I chatty  : uid=1000 system_server expire 5 lines
04-30 16:11:38.179 31061 31061 D HwCustConnectivityManagerImpl: isBlockNetworkRequestByNonAis, INVALID_SUBSCRIPTION_ID
04-30 16:11:38.184  2208  3762 I chatty  : uid=1000(system) Binder:2208_4 expire 11 lines
04-30 16:11:38.288 31061 31061 I ActivityThread: finishPreloaded preloadStatus 0
04-30 16:11:38.346 31480 31480 D ActivityThread: Attach thread to application
04-30 16:11:38.375 30969 30969 I ActivityThread: finishPreloaded preloadStatus 0
04-30 16:11:38.381 31480 31502 I ActivityThread: Init compatible state: false
04-30 16:11:38.390 31480 31480 I Resources: LockDpi original config :{0.85 460mcc1mnc [en_CN,zh_CN_#Hans] ldltr sw423dp w423dp h888dp 272dpi nrml long port finger -keyb/v/h -nav/h winConfig={ mBounds=Rect(0, 0 - 720, 1560) mAppBounds=Rect(0, 50 - 720, 1560) mWindowingMode=fullscreen mDisplayWindowingMode=fullscreen mActivityType=undefined mAlwaysOnTop=undefined mRotation=ROTATION_0} suim:1 s.87827} mLockDpi = true densityDpi = 272 dpi = 408
04-30 16:11:38.423  2208  2586 I chatty  : uid=1000(system) Binder:2208_3 expire 20 lines
04-30 16:11:38.436  2208  4458 I chatty  : uid=1000(system) Binder:2208_C expire 3 lines
04-30 16:11:38.520  2208  7158 I chatty  : uid=1000(system) Binder:2208_1A expire 16 lines
04-30 16:11:38.542  2208  2484 I chatty  : uid=1000(system) ActivityManager expire 3 lines
04-30 16:11:38.544  2208  4125 I chatty  : uid=1000(system) MultiTaskManage expire 3 lines
04-30 16:11:38.547  2208  2469 I chatty  : uid=1000(system) android.anim expire 2 lines
04-30 16:11:38.557 31539 31539 D ActivityThread: Attach thread to application
04-30 16:11:38.570  2208  3998 I chatty  : uid=1000(system) Binder:2208_7 expire 6 lines
04-30 16:11:38.573  2208  5138 I chatty  : uid=1000(system) Binder:2208_16 expire 2 lines
04-30 16:11:38.603  2208  2483 I chatty  : uid=1000(system) ActivityManager expire 16 lines
04-30 16:11:38.612 31539 31560 I ActivityThread: Init compatible state: false
04-30 16:11:38.651  2208  2463 I chatty  : uid=1000(system) Binder:2208_2 expire 4 lines
04-30 16:11:38.655  2208 10198 I chatty  : uid=1000(system) Binder:2208_1E expire 6 lines
04-30 16:11:38.668  2208  2622 I chatty  : uid=1000(system) SettingsProvide expire 8 lines
04-30 16:11:38.669  2208  2208 I chatty  : uid=1000 system_server expire 57 lines
04-30 16:11:38.680  2208  4873 I chatty  : uid=1000(system) Binder:2208_12 expire 1 line
04-30 16:11:38.688 31480 31480 I Resources: LockDpi original config :{0.85 460mcc1mnc [en_CN,zh_CN_#Hans] ldltr sw423dp w423dp h888dp 272dpi nrml long port finger -keyb/v/h -nav/h winConfig={ mBounds=Rect(0, 0 - 720, 1560) mAppBounds=Rect(0, 50 - 720, 1560) mWindowingMode=fullscreen mDisplayWindowingMode=fullscreen mActivityType=undefined mAlwaysOnTop=undefined mRotation=ROTATION_0} suim:1 s.87827} mLockDpi = true densityDpi = 272 dpi = 408
04-30 16:11:38.696 31585 31585 D ActivityThread: Attach thread to application
04-30 16:11:38.759 31480 31480 I Resources: LockDpi original config :{0.85 460mcc1mnc [en_CN,zh_CN_#Hans] ldltr sw423dp w423dp h888dp 272dpi nrml long port finger -keyb/v/h -nav/h winConfig={ mBounds=Rect(0, 0 - 720, 1560) mAppBounds=Rect(0, 50 - 720, 1560) mWindowingMode=fullscreen mDisplayWindowingMode=fullscreen mActivityType=undefined mAlwaysOnTop=undefined mRotation=ROTATION_0} suim:1 s.87827} mLockDpi = true densityDpi = 272 dpi = 408
04-30 16:11:38.760 31585 31609 I ActivityThread: Init compatible state: false
04-30 16:11:38.791  2208  4158 I chatty  : uid=1000(system) Binder:2208_8 expire 4 lines
04-30 16:11:38.806  2208  4608 I chatty  : uid=1000(system) Binder:2208_10 expire 1 line
04-30 16:11:38.815 31539 31539 D ActivityThread: Loading provider call_log_shadow: com.android.providers.contacts.ShadowCallLogProvider
04-30 16:11:38.828 31539 31626 D ActivityThread: Loading provider call_log_shadow: com.android.providers.contacts.ShadowCallLogProvider
04-30 16:11:38.829  2208  4222 I chatty  : uid=1000(system) Binder:2208_9 expire 16 lines
04-30 16:11:38.851  2208  4457 I chatty  : uid=1000(system) Binder:2208_B expire 5 lines
04-30 16:11:38.853  2208  2495 I chatty  : uid=1000(system) PowerManagerSer expire 16 lines
04-30 16:11:38.868 31539 31539 D ActivityThread: Loading provider contacts;com.android.contacts: com.android.providers.contacts.ContactsProvider2
04-30 16:11:39.015 31539 31539 I ActivityThread: finishPreloaded preloadStatus 0
04-30 16:11:39.051  2208  4460 I chatty  : uid=1000(system) Binder:2208_D expire 4 lines
04-30 16:11:39.206  2208  5143 I chatty  : uid=1000(system) Binder:2208_18 expire 9 lines
04-30 16:11:39.283 31480 31480 I ActivityThread: finishPreloaded preloadStatus 0
04-30 16:11:39.425 31585 31585 I ActivityThread: finishPreloaded preloadStatus 0
04-30 16:11:39.583 31709 31709 D ActivityThread: Attach thread to application
04-30 16:11:39.664 31709 31730 I ActivityThread: Init compatible state: false
04-30 16:11:39.767 31061 31061 D HwCustConnectivityManagerImpl: isBlockNetworkRequestByNonAis, INVALID_SUBSCRIPTION_ID
04-30 16:11:39.773  2208  3698 I chatty  : uid=1000(system) ConnectivitySer expire 34 lines
04-30 16:11:40.465  2208  2665 I chatty  : uid=1000(system) InputReader expire 4 lines
04-30 16:11:40.625  2208  2466 I chatty  : uid=1000(system) android.ui expire 22 lines
04-30 16:11:40.659  2208  4460 I chatty  : uid=1000(system) Binder:2208_D expire 17 lines
04-30 16:11:40.659   517  3830 D vold    : begin lockScreenPrepare
04-30 16:11:40.659   517  3830 D vold    : fscrypt_lock_screen_prepare flag is: 1 user_id:0
04-30 16:11:40.667  2208  4457 I chatty  : uid=1000(system) Binder:2208_B expire 18 lines
04-30 16:11:40.670  2208  2495 I chatty  : uid=1000(system) PowerManagerSer expire 50 lines
04-30 16:11:40.672  2208  2484 I chatty  : uid=1000(system) ActivityManager expire 1 line
04-30 16:11:40.672  2208  4125 I chatty  : uid=1000(system) MultiTaskManage expire 2 lines
04-30 16:11:40.673  2208  3731 I chatty  : uid=1000(system) biometricServci expire 4 lines
04-30 16:11:40.688  2208  3842 I chatty  : uid=1000(system) HwBinder:2208_3 expire 3 lines
04-30 16:11:40.689 18054 18054 W FingerprintManager: Invalid acquired message: 6, 1001
04-30 16:11:40.702 31775 31775 D ActivityThread: Attach thread to application
04-30 16:11:40.718 31775 31794 I ActivityThread: Init compatible state: false
04-30 16:11:40.725 31775 31775 I Resources: LockDpi original config :{0.85 460mcc1mnc [en_CN,zh_CN_#Hans] ldltr sw423dp w423dp h888dp 272dpi nrml long port finger -keyb/v/h -nav/h winConfig={ mBounds=Rect(0, 0 - 720, 1560) mAppBounds=Rect(0, 50 - 720, 1560) mWindowingMode=fullscreen mDisplayWindowingMode=fullscreen mActivityType=undefined mAlwaysOnTop=undefined mRotation=ROTATION_0} suim:1 s.87827} mLockDpi = true densityDpi = 272 dpi = 408
04-30 16:11:40.735 31775 31775 I chatty  : uid=1000(system) com.xintiaotime.yoy identical 1 line
04-30 16:11:40.741 31775 31775 I Resources: LockDpi original config :{0.85 460mcc1mnc [en_CN,zh_CN_#Hans] ldltr sw423dp w423dp h888dp 272dpi nrml long port finger -keyb/v/h -nav/h winConfig={ mBounds=Rect(0, 0 - 720, 1560) mAppBounds=Rect(0, 50 - 720, 1560) mWindowingMode=fullscreen mDisplayWindowingMode=fullscreen mActivityType=undefined mAlwaysOnTop=undefined mRotation=ROTATION_0} suim:1 s.87827} mLockDpi = true densityDpi = 272 dpi = 408
04-30 16:11:40.760  2208  5143 I chatty  : uid=1000(system) Binder:2208_18 expire 22 lines
04-30 16:11:40.775 31775 31775 I ActivityThread: finishPreloaded preloadStatus 0
04-30 16:11:40.789  2208  4222 I chatty  : uid=1000(system) Binder:2208_9 expire 9 lines
04-30 16:11:40.824 31709 31709 I ActivityThread: finishPreloaded preloadStatus 0
04-30 16:11:40.851  2208  3762 I chatty  : uid=1000(system) Binder:2208_4 expire 5 lines
04-30 16:11:40.855  2208  2477 I chatty  : uid=1000(system) HwActivityTaskM expire 3 lines
04-30 16:11:40.855  2208  7158 I chatty  : uid=1000(system) Binder:2208_1A expire 5 lines
04-30 16:11:40.855  2208  3716 I chatty  : uid=1000(system) Thread-7 expire 5 lines
04-30 16:11:40.877  2208  3799 I chatty  : uid=1000(system) PhotonicModulat expire 2 lines
04-30 16:11:40.884  2208  2631 I chatty  : uid=1000(system) sManagerService expire 6 lines
04-30 16:11:40.885  5540  5540 D RtgSched: resetRtgSchedHandle failed enable:0
04-30 16:11:40.886  2208  2468 I chatty  : uid=1000(system) android.display expire 20 lines
04-30 16:11:40.908  4172  4333 I SmartDualCardConfig: getAppType,pkgName=com.huawei.android.launcher,appType=28
04-30 16:11:40.908  4172  4333 E SmartDualCardConfig: isAppInBlackList false,items==null
04-30 16:11:40.908  4172  4333 I SmartDualCardConfig: isAppInWhiteList false,uid=10079
04-30 16:11:40.914 18054 18054 D RtgSched: resetRtgSchedHandle failed enable:1
04-30 16:11:40.914 18054 18054 I ViewRootImpl: dispatchDetachedFromWindow in doDie
04-30 16:11:40.919 18054 18054 D RtgSched: resetRtgSchedHandle failed enable:0
04-30 16:11:40.922  2208  2622 I chatty  : uid=1000(system) SettingsProvide expire 1 line
04-30 16:11:40.951  2208  4873 I chatty  : uid=1000(system) Binder:2208_12 expire 5 lines
04-30 16:11:40.972  2208  2483 I chatty  : uid=1000(system) ActivityManager expire 3 lines
04-30 16:11:41.011  2208  4608 I chatty  : uid=1000(system) Binder:2208_10 expire 1 line
04-30 16:11:41.013  2208  2208 I chatty  : uid=1000 system_server expire 19 lines
04-30 16:11:41.014  2208  5134 I chatty  : uid=1000(system) Binder:2208_15 expire 2 lines
04-30 16:11:41.016  2208  2469 I chatty  : uid=1000(system) android.anim expire 25 lines
04-30 16:11:41.032  2208  4458 I chatty  : uid=1000(system) Binder:2208_C expire 4 lines
04-30 16:11:41.170  2208  4158 I chatty  : uid=1000(system) Binder:2208_8 expire 2 lines
04-30 16:11:41.170   517  3830 D vold    : begin lockScreenPrepare
04-30 16:11:41.170   517  3830 D vold    : fscrypt_lock_screen_prepare flag is: 1 user_id:0
04-30 16:11:41.177  2208  5138 I chatty  : uid=1000(system) Binder:2208_16 expire 3 lines
04-30 16:11:41.210 30947 30947 D RtgSched: resetRtgSchedHandle failed enable:0
04-30 16:11:41.220 31809 31809 D ActivityThread: Attach thread to application
04-30 16:11:41.266  2208  2665 I chatty  : uid=1000(system) InputReader expire 5 lines
04-30 16:11:41.268 31809 31828 I ActivityThread: Init compatible state: false
04-30 16:11:41.274  2208 10197 I chatty  : uid=1000(system) Binder:2208_1D expire 12 lines
04-30 16:11:41.300  4172  4172 I HwKeystoreServiceImpl: User lock userId:0
04-30 16:11:41.305  5540  5540 D ActivityThread: Won't deliver top position change in state=2
04-30 16:11:41.311  4172  4333 I NetworkQoeChr: end qoe report
04-30 16:11:41.321  2208  3716 I chatty  : uid=1000(system) Thread-7 expire 1 line
04-30 16:11:41.324  4172  4333 I SmartDualCardConfig: getAppType,pkgName=com.huawei.android.launcher,appType=28
04-30 16:11:41.324  4172  4333 E SmartDualCardConfig: isAppInBlackList false,items==null
04-30 16:11:41.324  4172  4333 I SmartDualCardConfig: isAppInWhiteList false,uid=10079
04-30 16:11:41.325  2208  4457 I chatty  : uid=1000(system) Binder:2208_B expire 14 lines
04-30 16:11:41.327  2208  4460 I chatty  : uid=1000(system) Binder:2208_D expire 7 lines
04-30 16:11:41.327  2208  4608 I chatty  : uid=1000(system) Binder:2208_10 expire 1 line
04-30 16:11:41.330  2208  2466 I chatty  : uid=1000(system) android.ui expire 28 lines
04-30 16:11:41.330  2208  2469 I chatty  : uid=1000(system) android.anim expire 23 lines
04-30 16:11:41.331  4172  4333 I SmartDualCardConfig: getAppType,pkgName=com.huawei.android.launcher,appType=28
04-30 16:11:41.331  4172  4333 E SmartDualCardConfig: isAppInBlackList false,items==null
04-30 16:11:41.331  4172  4333 I SmartDualCardConfig: isAppInWhiteList false,uid=10079
04-30 16:11:41.353  2208  2468 I chatty  : uid=1000(system) android.display expire 34 lines
04-30 16:11:41.355  2208  2208 I chatty  : uid=1000 system_server expire 9 lines
04-30 16:11:41.368  2208  5143 I chatty  : uid=1000(system) Binder:2208_18 expire 8 lines
04-30 16:11:41.376  2208  2495 I chatty  : uid=1000(system) PowerManagerSer expire 21 lines
04-30 16:11:41.384 18054  7379 I HwCommandQueue: updateBarBgColor
04-30 16:11:41.384 18054  7379 D HwCommandQueue: CommandQueue, setBarBackgroundColor
04-30 16:11:41.386  2208  5664 I chatty  : uid=1000(system) android.fg expire 5 lines
04-30 16:11:41.394  2208  4222 I chatty  : uid=1000(system) Binder:2208_9 expire 3 lines
04-30 16:11:41.403  2208  3769 I chatty  : uid=1000(system) HwSfpService expire 6 lines
04-30 16:11:41.403   517  3830 D vold    : begin getKeyDesc
04-30 16:11:41.403   517  3830 D vold    : begin getKeyDesc
04-30 16:11:41.403   517  3830 D vold    : begin getPrepareFlag
04-30 16:11:41.403   517  3830 D vold    : e4crypt_get_lock_screen_prepare_flag flag is: 1 user_id:0
04-30 16:11:41.404   517  3830 D vold    : begin getPrepareFlag
04-30 16:11:41.404   517  3830 D vold    : e4crypt_get_lock_screen_prepare_flag flag is: 1 user_id:0
04-30 16:11:41.404   517  3830 D vold    : begin getPrepareFlag
04-30 16:11:41.404   517  3830 D vold    : e4crypt_get_lock_screen_prepare_flag flag is: 1 user_id:0
04-30 16:11:41.405   517  3830 D vold    : begin getPrepareFlag
04-30 16:11:41.405   517  3830 D vold    : e4crypt_get_lock_screen_prepare_flag flag is: 1 user_id:0
04-30 16:11:41.411  2208  7158 I chatty  : uid=1000(system) Binder:2208_1A expire 12 lines
04-30 16:11:41.420  2208  2631 I chatty  : uid=1000(system) sManagerService expire 2 lines
04-30 16:11:41.420  5540  5540 D RtgSched: resetRtgSchedHandle failed enable:0
04-30 16:11:41.434  2208  2653 I chatty  : uid=1000(system) GestureNavManag expire 10 lines
04-30 16:11:41.441  2208  5134 I chatty  : uid=1000(system) Binder:2208_15 expire 8 lines
04-30 16:11:41.447  2208 10196 I chatty  : uid=1000(system) Binder:2208_1C expire 9 lines
04-30 16:11:41.467  2208  3762 I chatty  : uid=1000(system) Binder:2208_4 expire 7 lines
04-30 16:11:41.475  2208  2598 I chatty  : uid=1000(system) UEventObserver expire 3 lines
04-30 16:11:41.508  2208  4458 I chatty  : uid=1000(system) Binder:2208_C expire 7 lines
04-30 16:11:41.508  2208  2477 I chatty  : uid=1000(system) HwActivityTaskM expire 1 line
04-30 16:11:41.510  2208  4873 I chatty  : uid=1000(system) Binder:2208_12 expire 1 line
04-30 16:11:41.534  2208  2622 I chatty  : uid=1000(system) SettingsProvide expire 1 line
04-30 16:11:41.539  2208 10899 I chatty  : uid=1000(system) Binder:2208_1F expire 1 line
04-30 16:11:41.566  2208  2483 I chatty  : uid=1000(system) ActivityManager expire 6 lines
04-30 16:11:41.592  2208  3799 I chatty  : uid=1000(system) PhotonicModulat expire 3 lines
04-30 16:11:41.634  2208  5138 I chatty  : uid=1000(system) Binder:2208_16 expire 7 lines
04-30 16:11:41.653 31809 31809 I ActivityThread: finishPreloaded preloadStatus 0
04-30 16:11:41.687  4172  4333 I PreDnsQuery: setPreDnsCurrentProp is: true
04-30 16:11:41.739  2208  5141 I chatty  : uid=1000(system) Binder:2208_17 expire 1 line
04-30 16:11:41.739  2208  4158 I chatty  : uid=1000(system) Binder:2208_8 expire 1 line
04-30 16:11:41.767  5067  5067 W SettingsEx: SettingsEx.Systemex.getString deprecated use Settings.System.getString instead, callers = com.android.internal.telephony.gsm.HwCustGsmServiceStateManagerImpl.isMccForShowNetname:202 com.android.internal.telephony.gsm.HwCustGsmServiceStateManagerImpl.isShowNetnameByMcc:193 com.android.internal.telephony.gsm.HwCustGsmServiceStateManagerImpl.setOnsDisplayCustomization:144 
04-30 16:11:41.780  2208  2586 I chatty  : uid=1000(system) Binder:2208_3 expire 2 lines
04-30 16:11:41.816  4172  4333 I BoosterTelephonyCollector: handleDsdsStateChanged:dsds state= 0
04-30 16:11:41.817  2208  2678 I chatty  : uid=1000(system) StorageManagerS expire 1 line
04-30 16:11:41.821  2208  3688 I chatty  : uid=1000(system) ClientModeImpl expire 2 lines
04-30 16:11:41.837  5067  5067 W SettingsEx: SettingsEx.Systemex.getString deprecated use Settings.System.getString instead, callers = com.android.internal.telephony.gsm.HwCustGsmServiceStateManagerImpl.isMccForShowNetname:202 com.android.internal.telephony.gsm.HwCustGsmServiceStateManagerImpl.isShowNetnameByMcc:193 com.android.internal.telephony.gsm.HwCustGsmServiceStateManagerImpl.setOnsDisplayCustomization:144 
04-30 16:11:41.840  2208  3689 I chatty  : uid=1000(system) WifiP2pService expire 6 lines
04-30 16:11:41.874  5067  5067 W SettingsEx: SettingsEx.Systemex.getString deprecated use Settings.System.getString instead, callers = com.android.internal.telephony.gsm.HwCustGsmServiceStateManagerImpl.isMccForShowNetname:202 com.android.internal.telephony.gsm.HwCustGsmServiceStateManagerImpl.isShowNetnameByMcc:193 com.android.internal.telephony.gsm.HwCustGsmServiceStateManagerImpl.setOnsDisplayCustomization:144 
04-30 16:11:41.967  2208  2468 I chatty  : uid=1000(system) android.display expire 10 lines
04-30 16:11:41.971  2208  2622 I chatty  : uid=1000(system) SettingsProvide expire 1 line
04-30 16:11:41.975  2208  5138 I chatty  : uid=1000(system) Binder:2208_16 expire 12 lines
04-30 16:11:41.981  2208  4457 I chatty  : uid=1000(system) Binder:2208_B expire 5 lines
04-30 16:11:42.011  2208  5141 I chatty  : uid=1000(system) Binder:2208_17 expire 4 lines
04-30 16:11:42.027  2208  2208 I chatty  : uid=1000 system_server expire 69 lines
04-30 16:11:42.079  2208  3842 I chatty  : uid=1000(system) HwBinder:2208_3 expire 5 lines
04-30 16:11:42.079  2208  3731 I chatty  : uid=1000(system) biometricServci expire 14 lines
04-30 16:11:42.084 18054 18054 W FingerprintManager: Invalid acquired message: 6, 1100
04-30 16:11:42.094  2208  6119 I chatty  : uid=1000(system) FingerViewContr expire 14 lines
04-30 16:11:42.099 18054 18054 W FingerprintManager: Invalid acquired message: 6, 1105
04-30 16:11:42.099  2208  4458 I chatty  : uid=1000(system) Binder:2208_C expire 29 lines
04-30 16:11:42.101 18054 18054 W FingerprintManager: Invalid acquired message: 6, 1002
04-30 16:11:42.102 18054 18054 W FingerprintManager: Invalid acquired message: 6, 1102
04-30 16:11:42.102  2208  2480 I chatty  : uid=1000(system) android.bg expire 1 line
04-30 16:11:42.145  4172  4333 I KernelQoeChr: KernelQoeChrhandleMessage : msg = 2130903100
04-30 16:11:42.152  4172  4333 I KernelQoeChr: updateScreenState mIsScreenOn:true
04-30 16:11:42.153  4172  4333 I CommBoosterRequest: mModemId = 0slot id = 0
04-30 16:11:42.163  4172  4333 E BoosterGameP: inValidCQI:-1
04-30 16:11:42.173  4172  4333 I DeepNoDisturbSM: setScreenState isScreenOn=false
04-30 16:11:42.173  4172  4172 I DeepNoDisturbSM: IdleState processMessage msg.what=EVENT_SCREEN_OFF
04-30 16:11:42.173  4172  4172 I DeepNoDisturbSM: IdleState: default msg.what=11
04-30 16:11:42.176  4172  4333 I HidataAppQoeP: other status.
04-30 16:11:42.177  4172  4333 I PreDnsQuery: No need to handled!
04-30 16:11:42.177  4172  4333 I NetworkQoeChr: end qoe report
04-30 16:11:42.180  2208  2469 I chatty  : uid=1000(system) android.anim expire 6 lines
04-30 16:11:42.200  2208  4158 I chatty  : uid=1000(system) Binder:2208_8 expire 6 lines
04-30 16:11:42.205  2208  7158 I chatty  : uid=1000(system) Binder:2208_1A expire 13 lines
04-30 16:11:42.242  2208  5143 I chatty  : uid=1000(system) Binder:2208_18 expire 5 lines
04-30 16:11:42.258  2208  3762 I chatty  : uid=1000(system) Binder:2208_4 expire 7 lines
04-30 16:11:42.331  2208  5134 I chatty  : uid=1000(system) Binder:2208_15 expire 5 lines
04-30 16:11:42.469  2208  2586 I chatty  : uid=1000(system) Binder:2208_3 expire 8 lines
04-30 16:11:42.478  2208  2667 I chatty  : uid=1000(system) HwBinder:2208_2 expire 2 lines
04-30 16:11:42.489 18054 28988 I FingerprintManager: binder call and send onAuthenticationSucceeded msg
04-30 16:11:42.489 18054 18054 I FingerprintManager: callback sendAuthenticatedSucceeded
04-30 16:11:42.496   517  3830 D vold    : begin lockScreenPrepare
04-30 16:11:42.496   517  3830 D vold    : fscrypt_lock_screen_prepare flag is: 3 user_id:0
04-30 16:11:42.500   517  3830 D vold    : begin unlockUserScreenIsec
04-30 16:11:42.500   517  3830 D vold    : begin unlock_user_screen_isec auth_type: 2 uid: 0 token_present=0
04-30 16:11:42.500   517  3830 D vold    : flag is 3begin to unlock from HCCM
04-30 16:11:42.500   517  3830 D vold    : begin read_and_install_ece_sece_key0
04-30 16:11:42.500   517  3830 D vold    : begin read_key_from_vold 0
04-30 16:11:42.500   517  3830 D vold    : begin installKeyIsec
04-30 16:11:42.500   517  3830 D vold    : Added key 190029710 (ext4:ff313e7c9d049f95) to keyring 422148700 in process 517
04-30 16:11:42.500   517  3830 D vold    : Added key 436433809 (f2fs:ff313e7c9d049f95) to keyring 422148700 in process 517
04-30 16:11:42.500   517  3830 D vold    : Added key 826212879 (fscrypt:ff313e7c9d049f95) to keyring 422148700 in process 517
04-30 16:11:42.500   517  3830 D vold    : begin installKeyIsec
04-30 16:11:42.500   517  3830 D vold    : Added key 25084882 (ext4:64bc224c49e455c3) to keyring 422148700 in process 517
04-30 16:11:42.500   517  3830 D vold    : Added key 914070846 (f2fs:64bc224c49e455c3) to keyring 422148700 in process 517
04-30 16:11:42.500   517  3830 D vold    : Added key 785988212 (fscrypt:64bc224c49e455c3) to keyring 422148700 in process 517
04-30 16:11:42.500   517  3830 D vold    : Created keys for user 0
04-30 16:11:42.500   517  3830 D vold    : unlock user screen success,begin to reset flag
04-30 16:11:42.505  2208  2631 I chatty  : uid=1000(system) sManagerService expire 4 lines
04-30 16:11:42.511  5540  5540 D ActivityThread: Won't deliver top position change in state=2
04-30 16:11:42.531  2208  2477 I chatty  : uid=1000(system) HwActivityTaskM expire 1 line
04-30 16:11:42.532  2208  3716 I chatty  : uid=1000(system) Thread-7 expire 2 lines
04-30 16:11:42.532  4172  4333 I NetworkQoeChr: end qoe report
04-30 16:11:42.539  4172  4333 I SmartDualCardConfig: getAppType,pkgName=com.huawei.android.launcher,appType=28
04-30 16:11:42.539  4172  4333 E SmartDualCardConfig: isAppInBlackList false,items==null
04-30 16:11:42.540  4172  4333 I SmartDualCardConfig: isAppInWhiteList false,uid=10079
04-30 16:11:42.566  2208 10196 I chatty  : uid=1000(system) Binder:2208_1C expire 6 lines
04-30 16:11:42.571  2208  5131 I chatty  : uid=1000(system) Binder:2208_14 expire 5 lines
04-30 16:11:42.576  2208  2466 I chatty  : uid=1000(system) android.ui expire 4 lines
04-30 16:11:42.581  5540  5540 D RtgSched: resetRtgSchedHandle failed enable:0
04-30 16:11:42.581 18054 18054 D RtgSched: resetRtgSchedHandle failed enable:0
04-30 16:11:42.585 31709 31926 E ActivityThread: Failed to find provider info for service_oversea_rom
04-30 16:11:42.586  2208  4222 I chatty  : uid=1000(system) Binder:2208_9 expire 4 lines
04-30 16:11:42.586 31709 31926 E ActivityThread: Failed to find provider info for service_rom
04-30 16:11:42.625  2208  2483 I chatty  : uid=1000(system) ActivityManager expire 3 lines
04-30 16:11:42.635  2208 10899 I chatty  : uid=1000(system) Binder:2208_1F expire 1 line
04-30 16:11:42.642  2208 10197 I chatty  : uid=1000(system) Binder:2208_1D expire 2 lines
04-30 16:11:42.679  4172  4172 I HwKeystoreServiceImpl: User unlock userId:0
04-30 16:11:42.719  4172  4333 I PreDnsQuery: No need to handled!
04-30 16:11:42.784  2208 18969 I chatty  : uid=1000(system) MobileQosDetect expire 1 line
04-30 16:11:42.800  2208  4460 I chatty  : uid=1000(system) Binder:2208_D expire 3 lines
04-30 16:11:43.130  2208  2468 I chatty  : uid=1000(system) android.display expire 7 lines
04-30 16:11:43.149  2208  5131 I chatty  : uid=1000(system) Binder:2208_14 expire 19 lines
04-30 16:11:43.172  2208  2208 I chatty  : uid=1000 system_server expire 13 lines
04-30 16:11:43.177  2208 10899 I chatty  : uid=1000(system) Binder:2208_1F expire 20 lines
04-30 16:11:43.183  2208  2483 I chatty  : uid=1000(system) ActivityManager expire 15 lines
04-30 16:11:43.358  2208  4458 I chatty  : uid=1000(system) Binder:2208_C expire 16 lines
04-30 16:11:43.376 30947 30947 W HwApsManager: HwApsManagerService, registerCallback, start !
04-30 16:11:43.382  2208  2471 I chatty  : uid=1000(system) monitor thread expire 1 line
04-30 16:11:43.385 30947 30947 I ViewRootImpl: dispatchDetachedFromWindow in doDie
04-30 16:11:43.400  2208  2631 I chatty  : uid=1000(system) sManagerService expire 6 lines
04-30 16:11:43.442 30947 30947 D RtgSched: resetRtgSchedHandle failed enable:0
04-30 16:11:43.450 18054 29951 I HwCommandQueue: updateBarBgColor
04-30 16:11:43.450 18054 29951 D HwCommandQueue: CommandQueue, setBarBackgroundColor
04-30 16:11:43.451  2208  2466 I chatty  : uid=1000(system) android.ui expire 5 lines
04-30 16:11:43.569  2208  2667 I chatty  : uid=1000(system) HwBinder:2208_2 expire 2 lines
04-30 16:11:43.577  2208  2469 I chatty  : uid=1000(system) android.anim expire 31 lines
04-30 16:11:43.656  2208  3692 I chatty  : uid=1000(system) WifiScanningSer expire 1 line
04-30 16:11:44.088  2208 10197 I chatty  : uid=1000(system) Binder:2208_1D expire 7 lines
04-30 16:11:44.259  2208  4457 I chatty  : uid=1000(system) Binder:2208_B expire 5 lines
04-30 16:11:44.465  5540  5674 I Resources: LockDpi original config :{0.85 460mcc1mnc [en_CN,zh_CN_#Hans] ldltr sw423dp w423dp h888dp 272dpi nrml long port finger -keyb/v/h -nav/h winConfig={ mBounds=Rect(0, 0 - 720, 1560) mAppBounds=Rect(0, 50 - 720, 1560) mWindowingMode=fullscreen mDisplayWindowingMode=fullscreen mActivityType=undefined mAlwaysOnTop=undefined mRotation=ROTATION_0} suim:1 s.87896} mLockDpi = true densityDpi = 272 dpi = 408
04-30 16:11:44.598  2208  2484 I chatty  : uid=1000(system) ActivityManager expire 2 lines
04-30 16:11:44.599  2208  4125 I chatty  : uid=1000(system) MultiTaskManage expire 2 lines
04-30 16:11:44.618 32022 32022 D ActivityThread: Attach thread to application
04-30 16:11:44.620  2208  2678 I chatty  : uid=1000(system) StorageManagerS expire 1 line
04-30 16:11:44.637 32022 32041 I ActivityThread: Init compatible state: false
04-30 16:11:44.640   517 32043 D vold    : idle maintenance stopped
04-30 16:11:44.654  2208  3688 I chatty  : uid=1000(system) ClientModeImpl expire 1 line
04-30 16:11:44.654  2208  3689 I chatty  : uid=1000(system) WifiP2pService expire 3 lines
04-30 16:11:44.656  2208  3698 I chatty  : uid=1000(system) ConnectivitySer expire 34 lines
04-30 16:11:44.656  2208  3695 I chatty  : uid=1000(system) ConnectivityThr expire 16 lines
04-30 16:11:44.679  2208 10196 I chatty  : uid=1000(system) Binder:2208_1C expire 13 lines
04-30 16:11:44.704  2208  2626 I chatty  : uid=1000(system) HeartBeatHandle expire 1 line
04-30 16:11:44.750 32022 32022 I ActivityThread: finishPreloaded preloadStatus 0
04-30 16:11:44.798 30969 31610 D HwCustConnectivityManagerImpl: isBlockNetworkRequestByNonAis, INVALID_SUBSCRIPTION_ID
04-30 16:11:44.895  4172  4333 I KernelQoeChr: KernelQoeChrhandleMessage : msg = 2130903090
04-30 16:11:44.895  4172  4333 I KernelQoeChr: updateScreenState mIsScreenOn:true
04-30 16:11:44.895  4172  4333 I CommBoosterRequest: mModemId = 0slot id = 0
04-30 16:11:44.914  4172  4333 I SmartDualCardConfig: getAppType,pkgName=com.huawei.android.launcher,appType=28
04-30 16:11:44.914  4172  4333 E SmartDualCardConfig: isAppInBlackList false,items==null
04-30 16:11:44.914  4172  4333 I SmartDualCardConfig: isAppInWhiteList false,uid=10079
04-30 16:11:44.918  4172  4333 E BoosterGameP: inValidCQI:-1
04-30 16:11:44.931 32073 32073 I ActivityThread: preloadStatus:1
04-30 16:11:44.932  4172  4333 I DeepNoDisturbSM: setScreenState isScreenOn=true
04-30 16:11:44.932  4172  4172 I DeepNoDisturbSM: IdleState processMessage msg.what=EVENT_SCREEN_ON
04-30 16:11:44.936  4172  4172 I DeepNoDisturbSM: isWifiConnected = true
04-30 16:11:44.938  4172  4172 I DeepNoDisturbSM: GAMEASSIST_NODISTURB_PROP=1,isGameDndSwitchOn return true
04-30 16:11:44.944  4172  4333 I HidataAppQoeP: other status.
04-30 16:11:44.944 32073 32073 D ActivityThread: Attach thread to application
04-30 16:11:44.946  2208  2477 I chatty  : uid=1000(system) HwActivityTaskM expire 4 lines
04-30 16:11:44.947  4172  4333 I PreDnsQuery: No need to handled!
04-30 16:11:44.947  4172  4333 I NetworkQoeChr: end qoe report
04-30 16:11:44.952  2208  3716 I chatty  : uid=1000(system) Thread-7 expire 4 lines
04-30 16:11:44.957  2208  5141 I chatty  : uid=1000(system) Binder:2208_17 expire 13 lines
04-30 16:11:44.958  4172  4172 I DeepNoDisturbSM: isNetworkTypeSuitDeepNoDisturbMode networkType = 13
04-30 16:11:44.958  4172  4172 I DeepNoDisturbSM: isCorrectState=true mIsCallOn=false mGameStatus=0 defaultDataSubId=1 default4GSlotId=0 mIsDefaultDataOn=false mIsScreenOn=true deepNoDisturbModeProp=true isDeepNoDisturbSwitchOn=false isGameDndSwitchOn=true isNetworkTypeSuitDeepNoDisturbMode=true isAirplaneModeOn()=false
04-30 16:11:44.959  4172  4172 I DeepNoDisturbSM: isNeedEnterDeepNoDisturbMode false
04-30 16:11:44.964  2208  2478 I chatty  : uid=1000(system) HwGameAssistant expire 1 line
04-30 16:11:44.967 32073 32096 I HwActivityThreadImpl: mSocketName: 78be8432-2624-47b6-bc22-cf9f07440501
04-30 16:11:44.967 32073 32096 I HwActivityThreadImpl: initPreloadedSocked end mPreloadStatus 2
04-30 16:11:44.969 32073 32096 I HwActivityThreadImpl: before connect app.socketName:78be8432-2624-47b6-bc22-cf9f07440501
04-30 16:11:44.971  2208 32106 I chatty  : uid=1000 system_server expire 2 lines
04-30 16:11:44.978 32073 32100 I ActivityThread: Init compatible state: true
04-30 16:11:44.990  5540  5540 D RtgSched: resetRtgSchedHandle failed enable:0
04-30 16:11:45.002 32073 32073 I HwActivityThreadImpl: accept socket mSocketName: 78be8432-2624-47b6-bc22-cf9f07440501
04-30 16:11:45.002 32073 32073 I HwActivityThreadImpl: accept socket end
04-30 16:11:45.002 32073 32073 I HwActivityThreadImpl: acceptPreloadedApplication end mPreloadStatus 3
04-30 16:11:45.003 32073 32096 I HwActivityThreadImpl: connectContinuePreload end mPreloadStatus 3
04-30 16:11:45.004 32073 32073 I ActivityThread: finishPreloaded preloadStatus 3
04-30 16:11:45.008  2208  5138 I chatty  : uid=1000(system) Binder:2208_16 expire 7 lines
04-30 16:11:45.008 32073 32073 I ActivityThread: finishPreloaded end preloadStatus 3
04-30 16:11:45.017  4047  4520 I HwNetworkPolicyManager: getHwUidPolicy uid = 10411 policy = 0
04-30 16:11:45.030 32073 32073 V ActivityThread: callActivityOnCreate
04-30 16:11:45.057 32073 32073 D ActivityThread: add activity client record, r= ActivityRecord{e83c6ae token=android.os.BinderProxy@ea1200a {kivy.karobbentb/org.kivy.android.PythonActivity}} token= android.os.BinderProxy@ea1200a
04-30 16:11:45.087  4172  4333 I HidataAppQoeP: foregroundUidAdd uid: 10411 name: kivy.karobbentb activity state: true
04-30 16:11:45.090  4172  4333 I NetworkQoeChr: checkForegroundApp timer end
04-30 16:11:45.096  4172  4333 I SmartDualCardConfig: getAppType,pkgName=kivy.karobbentb,appType=-1
04-30 16:11:45.096  4172  4333 E SmartDualCardConfig: isAppInBlackList false,items==null
04-30 16:11:45.096  4172  4333 I SmartDualCardConfig: isAppInWhiteList false,uid=10411
04-30 16:11:45.140 18054 28988 I HwCommandQueue: updateBarBgColor
04-30 16:11:45.140 18054 28988 D HwCommandQueue: CommandQueue, setBarBackgroundColor
04-30 16:11:45.206  4172  4333 I BoosterTelephonyCollector: handleDsdsStateChanged:dsds state= 0
04-30 16:11:45.206  2208  4222 I chatty  : uid=1000(system) Binder:2208_9 expire 9 lines
04-30 16:11:45.210  5067  5067 W SettingsEx: SettingsEx.Systemex.getString deprecated use Settings.System.getString instead, callers = com.android.internal.telephony.gsm.HwCustGsmServiceStateManagerImpl.isMccForShowNetname:202 com.android.internal.telephony.gsm.HwCustGsmServiceStateManagerImpl.isShowNetnameByMcc:193 com.android.internal.telephony.gsm.HwCustGsmServiceStateManagerImpl.setOnsDisplayCustomization:144 
04-30 16:11:45.226  5067  5067 W SettingsEx: SettingsEx.Systemex.getString deprecated use Settings.System.getString instead, callers = com.android.internal.telephony.gsm.HwCustGsmServiceStateManagerImpl.isMccForShowNetname:202 com.android.internal.telephony.gsm.HwCustGsmServiceStateManagerImpl.isShowNetnameByMcc:193 com.android.internal.telephony.gsm.HwCustGsmServiceStateManagerImpl.setOnsDisplayCustomization:144 
04-30 16:11:45.264  5067  5067 W SettingsEx: SettingsEx.Systemex.getString deprecated use Settings.System.getString instead, callers = com.android.internal.telephony.gsm.HwCustGsmServiceStateManagerImpl.isMccForShowNetname:202 com.android.internal.telephony.gsm.HwCustGsmServiceStateManagerImpl.isShowNetnameByMcc:193 com.android.internal.telephony.gsm.HwCustGsmServiceStateManagerImpl.setOnsDisplayCustomization:144 
04-30 16:11:45.431  2208  2468 I chatty  : uid=1000(system) android.display expire 5 lines
04-30 16:11:45.442  2208  3842 I chatty  : uid=1000(system) HwBinder:2208_3 expire 2 lines
04-30 16:11:45.480  4172  4333 I SmartDualCardConfig: getAppType,pkgName=com.huawei.android.launcher,appType=28
04-30 16:11:45.480  4172  4333 E SmartDualCardConfig: isAppInBlackList false,items==null
04-30 16:11:45.480  4172  4333 I SmartDualCardConfig: isAppInWhiteList false,uid=10079
04-30 16:11:45.559  2208 10196 I chatty  : uid=1000(system) Binder:2208_1C expire 10 lines
04-30 16:11:45.563  2208 10197 I chatty  : uid=1000(system) Binder:2208_1D expire 16 lines
04-30 16:11:45.610  2208  5141 I chatty  : uid=1000(system) Binder:2208_17 expire 26 lines
04-30 16:11:46.079  2208  2586 I chatty  : uid=1000(system) Binder:2208_3 expire 74 lines
04-30 16:11:46.121  4172  4333 D NpdcpAliveManager: ro.odm.npdcp_alive_cfg_enable is false
04-30 16:11:46.216  2208  3716 I chatty  : uid=1000(system) Thread-7 expire 4 lines
04-30 16:11:46.216  2208  2477 I chatty  : uid=1000(system) HwActivityTaskM expire 2 lines
04-30 16:11:47.150  4172  4333 D NpdcpAliveManager: ro.odm.npdcp_alive_cfg_enable is false
04-30 16:11:47.248  4172  4333 I PreDnsQuery: setPreDnsCurrentProp is: false
04-30 16:11:47.692  2208  2483 I chatty  : uid=1000(system) ActivityManager expire 16 lines
04-30 16:11:48.105  2208  2484 I chatty  : uid=1000(system) ActivityManager expire 4 lines
04-30 16:11:48.106  2208  4125 I chatty  : uid=1000(system) MultiTaskManage expire 4 lines
04-30 16:11:48.128 32198 32198 D ActivityThread: Attach thread to application
04-30 16:11:48.173  4172  4333 D NpdcpAliveManager: ro.odm.npdcp_alive_cfg_enable is false
04-30 16:11:48.184 32198 32216 I ActivityThread: Init compatible state: false
04-30 16:11:48.480  2208 31232 I chatty  : uid=1000 system_server expire 2 lines
04-30 16:11:48.535 32198 32198 I ActivityThread: finishPreloaded preloadStatus 0
04-30 16:11:49.172  4172  4333 D NpdcpAliveManager: ro.odm.npdcp_alive_cfg_enable is false
04-30 16:11:49.369  2208  2471 I chatty  : uid=1000(system) monitor thread expire 1 line
