04-27 14:50:57.526   582  1619 E AndroidRuntime: java.lang.Exception: can't resolve
04-27 14:50:57.526   582  1619 E AndroidRuntime: 	at com.github.shadowsocks.ProfileManagerActivity$$anon$4$$anonfun$run$1.apply(ProfileManagerActivity.scala:1010)
04-27 14:50:57.526   582  1619 E AndroidRuntime: 	at com.github.shadowsocks.ProfileManagerActivity$$anon$4$$anonfun$run$1.apply(ProfileManagerActivity.scala:1000)
04-27 14:50:57.526   582  1619 E AndroidRuntime: 	at scala.collection.immutable.List.foreach(List.scala:381)
04-27 14:50:57.526   582  1619 E AndroidRuntime: 	at com.github.shadowsocks.ProfileManagerActivity$$anon$4.run(ProfileManagerActivity.scala:1000)
04-27 14:51:18.210  1878  2302 E AndroidRuntime: FATAL EXCEPTION: Thread-6
04-27 14:51:18.210  1878  2302 E AndroidRuntime: Process: in.zhaoj.shadowsocksrr, PID: 1878
04-27 14:51:18.210  1878  2302 E AndroidRuntime: java.lang.Exception: can't resolve
04-27 14:51:18.210  1878  2302 E AndroidRuntime: 	at com.github.shadowsocks.ProfileManagerActivity$$anon$4$$anonfun$run$1.apply(ProfileManagerActivity.scala:1010)
04-27 14:51:18.210  1878  2302 E AndroidRuntime: 	at com.github.shadowsocks.ProfileManagerActivity$$anon$4$$anonfun$run$1.apply(ProfileManagerActivity.scala:1000)
04-27 14:51:18.210  1878  2302 E AndroidRuntime: 	at scala.collection.immutable.List.foreach(List.scala:381)
04-27 14:51:18.210  1878  2302 E AndroidRuntime: 	at com.github.shadowsocks.ProfileManagerActivity$$anon$4.run(ProfileManagerActivity.scala:1000)
04-28 00:16:36.425 12602 12609 F libc    : Fatal signal 11 (SIGSEGV), code 1 (SEGV_MAPERR), fault addr 0x6e672e75 in tid 12609 (Jit thread pool), pid 12602 (ser.filechooser)
04-28 12:33:56.293  3614  3672 F libc    : Fatal signal 6 (SIGABRT), code -1 (SI_QUEUE) in tid 3672 (SDLThread), pid 3614 (myapp.baidustat)
04-28 12:33:56.367  3680  3680 F DEBUG   : *** *** *** *** *** *** *** *** *** *** *** *** *** *** *** ***
04-28 12:33:56.367  3680  3680 F DEBUG   : Build fingerprint: 'HUAWEI/VOG-AL10/HWVOG:10/HUAWEIVOG-AL10/10.1.0.162C00:user/release-keys'
04-28 12:33:56.367  3680  3680 F DEBUG   : Revision: '0'
04-28 12:33:56.367  3680  3680 F DEBUG   : ABI: 'arm'
04-28 12:33:56.370  3680  3680 F DEBUG   : SYSVMTYPE: Maple
04-28 12:33:56.370  3680  3680 F DEBUG   : APPVMTYPE: Art
04-28 12:33:56.370  3680  3680 F DEBUG   : Timestamp: 2021-04-28 12:33:56+0800
04-28 12:33:56.370  3680  3680 F DEBUG   : pid: 3614, tid: 3672, name: SDLThread  >>> org.myapp.baidustat <<<
04-28 12:33:56.370  3680  3680 F DEBUG   : uid: 10410
04-28 12:33:56.370  3680  3680 F DEBUG   : signal 6 (SIGABRT), code -1 (SI_QUEUE), fault addr --------
04-28 12:33:56.370  3680  3680 F DEBUG   :     r0  00000000  r1  00000e58  r2  00000006  r3  bd27ad10
04-28 12:33:56.370  3680  3680 F DEBUG   :     r4  bd27ad24  r5  bd27ad08  r6  00000e1e  r7  0000016b
04-28 12:33:56.370  3680  3680 F DEBUG   :     r8  bd27ad20  r9  bd27ad10  r10 bd27ad40  r11 bd27ad30
04-28 12:33:56.370  3680  3680 F DEBUG   :     ip  00000e58  sp  bd27ace0  lr  ec69d4f7  pc  ec69d50a
04-28 12:33:56.371  3680  3680 F DEBUG   : 
04-28 12:33:56.371  3680  3680 F DEBUG   : backtrace:
04-28 12:33:56.371  3680  3680 F DEBUG   :       #00 pc 0005450a  /apex/com.android.runtime/lib/bionic/libc.so (abort+166) (BuildId: fc1a7f107c69283e5e2e3f151f978619)
04-28 12:33:56.371  3680  3680 F DEBUG   :       #01 pc 00169454  /data/app/org.myapp.baidustat-GGx4-dS3_ICacOqTODUagQ==/lib/arm/libpython3.7m.so
04-30 10:00:32.388 15944 15997 F libc    : Fatal signal 6 (SIGABRT), code -1 (SI_QUEUE) in tid 15997 (SDLThread), pid 15944 (ser.filechooser)
04-30 10:00:32.447 16003 16003 F DEBUG   : *** *** *** *** *** *** *** *** *** *** *** *** *** *** *** ***
04-30 10:00:32.447 16003 16003 F DEBUG   : Build fingerprint: 'HUAWEI/VOG-AL10/HWVOG:10/HUAWEIVOG-AL10/10.1.0.162C00:user/release-keys'
04-30 10:00:32.447 16003 16003 F DEBUG   : Revision: '0'
04-30 10:00:32.447 16003 16003 F DEBUG   : ABI: 'arm'
04-30 10:00:32.451 16003 16003 F DEBUG   : SYSVMTYPE: Maple
04-30 10:00:32.451 16003 16003 F DEBUG   : APPVMTYPE: Art
04-30 10:00:32.451 16003 16003 F DEBUG   : Timestamp: 2021-04-30 10:00:32+0800
04-30 10:00:32.451 16003 16003 F DEBUG   : pid: 15944, tid: 15997, name: SDLThread  >>> org.sirfanas.filechooser.filechooser <<<
04-30 10:00:32.451 16003 16003 F DEBUG   : uid: 10417
04-30 10:00:32.451 16003 16003 F DEBUG   : signal 6 (SIGABRT), code -1 (SI_QUEUE), fault addr --------
04-30 10:00:32.451 16003 16003 F DEBUG   :     r0  00000000  r1  00003e7d  r2  00000006  r3  bbffad10
04-30 10:00:32.451 16003 16003 F DEBUG   :     r4  bbffad24  r5  bbffad08  r6  00003e48  r7  0000016b
04-30 10:00:32.451 16003 16003 F DEBUG   :     r8  bbffad20  r9  bbffad10  r10 bbffad40  r11 bbffad30
04-30 10:00:32.451 16003 16003 F DEBUG   :     ip  00003e7d  sp  bbfface0  lr  ec69d4f7  pc  ec69d50a
04-30 10:00:32.452 16003 16003 F DEBUG   : 
04-30 10:00:32.452 16003 16003 F DEBUG   : backtrace:
04-30 10:00:32.452 16003 16003 F DEBUG   :       #00 pc 0005450a  /apex/com.android.runtime/lib/bionic/libc.so (abort+166) (BuildId: fc1a7f107c69283e5e2e3f151f978619)
04-30 10:00:32.452 16003 16003 F DEBUG   :       #01 pc 00169454  /data/app/org.sirfanas.filechooser.filechooser-4uyp2FWYxg_Jo0GvHsIiZw==/lib/arm/libpython3.7m.so
04-30 10:00:56.813 16212 16294 F libc    : Fatal signal 6 (SIGABRT), code -1 (SI_QUEUE) in tid 16294 (SDLThread), pid 16212 (ser.filechooser)
04-30 10:00:56.859 16320 16320 F DEBUG   : *** *** *** *** *** *** *** *** *** *** *** *** *** *** *** ***
04-30 10:00:56.859 16320 16320 F DEBUG   : Build fingerprint: 'HUAWEI/VOG-AL10/HWVOG:10/HUAWEIVOG-AL10/10.1.0.162C00:user/release-keys'
04-30 10:00:56.859 16320 16320 F DEBUG   : Revision: '0'
04-30 10:00:56.859 16320 16320 F DEBUG   : ABI: 'arm'
04-30 10:00:56.868 16320 16320 F DEBUG   : SYSVMTYPE: Maple
04-30 10:00:56.868 16320 16320 F DEBUG   : APPVMTYPE: Art
04-30 10:00:56.869 16320 16320 F DEBUG   : Timestamp: 2021-04-30 10:00:56+0800
04-30 10:00:56.869 16320 16320 F DEBUG   : pid: 16212, tid: 16294, name: SDLThread  >>> org.sirfanas.filechooser.filechooser <<<
04-30 10:00:56.869 16320 16320 F DEBUG   : uid: 10417
04-30 10:00:56.869 16320 16320 F DEBUG   : signal 6 (SIGABRT), code -1 (SI_QUEUE), fault addr --------
04-30 10:00:56.869 16320 16320 F DEBUG   :     r0  00000000  r1  00003fa6  r2  00000006  r3  bd7fad10
04-30 10:00:56.869 16320 16320 F DEBUG   :     r4  bd7fad24  r5  bd7fad08  r6  00003f54  r7  0000016b
04-30 10:00:56.869 16320 16320 F DEBUG   :     r8  bd7fad20  r9  bd7fad10  r10 bd7fad40  r11 bd7fad30
04-30 10:00:56.869 16320 16320 F DEBUG   :     ip  00003fa6  sp  bd7face0  lr  ec69d4f7  pc  ec69d50a
04-30 10:00:56.869 16320 16320 F DEBUG   : 
04-30 10:00:56.869 16320 16320 F DEBUG   : backtrace:
04-30 10:00:56.870 16320 16320 F DEBUG   :       #00 pc 0005450a  /apex/com.android.runtime/lib/bionic/libc.so (abort+166) (BuildId: fc1a7f107c69283e5e2e3f151f978619)
04-30 10:00:56.870 16320 16320 F DEBUG   :       #01 pc 00169454  /data/app/org.sirfanas.filechooser.filechooser-4uyp2FWYxg_Jo0GvHsIiZw==/lib/arm/libpython3.7m.so
04-30 10:02:07.733 16377 16458 F libc    : Fatal signal 6 (SIGABRT), code -1 (SI_QUEUE) in tid 16458 (SDLThread), pid 16377 (ser.filechooser)
04-30 10:02:07.778 16465 16465 F DEBUG   : *** *** *** *** *** *** *** *** *** *** *** *** *** *** *** ***
04-30 10:02:07.778 16465 16465 F DEBUG   : Build fingerprint: 'HUAWEI/VOG-AL10/HWVOG:10/HUAWEIVOG-AL10/10.1.0.162C00:user/release-keys'
04-30 10:02:07.778 16465 16465 F DEBUG   : Revision: '0'
04-30 10:02:07.778 16465 16465 F DEBUG   : ABI: 'arm'
04-30 10:02:07.781 16465 16465 F DEBUG   : SYSVMTYPE: Maple
04-30 10:02:07.781 16465 16465 F DEBUG   : APPVMTYPE: Art
04-30 10:02:07.782 16465 16465 F DEBUG   : Timestamp: 2021-04-30 10:02:07+0800
04-30 10:02:07.782 16465 16465 F DEBUG   : pid: 16377, tid: 16458, name: SDLThread  >>> org.sirfanas.filechooser.filechooser <<<
04-30 10:02:07.782 16465 16465 F DEBUG   : uid: 10417
04-30 10:02:07.782 16465 16465 F DEBUG   : signal 6 (SIGABRT), code -1 (SI_QUEUE), fault addr --------
04-30 10:02:07.782 16465 16465 F DEBUG   :     r0  00000000  r1  0000404a  r2  00000006  r3  bd7fad10
04-30 10:02:07.782 16465 16465 F DEBUG   :     r4  bd7fad24  r5  bd7fad08  r6  00003ff9  r7  0000016b
04-30 10:02:07.782 16465 16465 F DEBUG   :     r8  bd7fad20  r9  bd7fad10  r10 bd7fad40  r11 bd7fad30
04-30 10:02:07.782 16465 16465 F DEBUG   :     ip  0000404a  sp  bd7face0  lr  ec69d4f7  pc  ec69d50a
04-30 10:02:07.782 16465 16465 F DEBUG   : 
04-30 10:02:07.782 16465 16465 F DEBUG   : backtrace:
04-30 10:02:07.782 16465 16465 F DEBUG   :       #00 pc 0005450a  /apex/com.android.runtime/lib/bionic/libc.so (abort+166) (BuildId: fc1a7f107c69283e5e2e3f151f978619)
04-30 10:02:07.782 16465 16465 F DEBUG   :       #01 pc 00169454  /data/app/org.sirfanas.filechooser.filechooser-4uyp2FWYxg_Jo0GvHsIiZw==/lib/arm/libpython3.7m.so
04-30 10:02:11.450 16490 16544 F libc    : Fatal signal 6 (SIGABRT), code -1 (SI_QUEUE) in tid 16544 (SDLThread), pid 16490 (ser.filechooser)
04-30 10:02:11.499 16550 16550 F DEBUG   : *** *** *** *** *** *** *** *** *** *** *** *** *** *** *** ***
04-30 10:02:11.499 16550 16550 F DEBUG   : Build fingerprint: 'HUAWEI/VOG-AL10/HWVOG:10/HUAWEIVOG-AL10/10.1.0.162C00:user/release-keys'
04-30 10:02:11.499 16550 16550 F DEBUG   : Revision: '0'
04-30 10:02:11.499 16550 16550 F DEBUG   : ABI: 'arm'
04-30 10:02:11.503 16550 16550 F DEBUG   : SYSVMTYPE: Maple
04-30 10:02:11.503 16550 16550 F DEBUG   : APPVMTYPE: Art
04-30 10:02:11.503 16550 16550 F DEBUG   : Timestamp: 2021-04-30 10:02:11+0800
04-30 10:02:11.503 16550 16550 F DEBUG   : pid: 16490, tid: 16544, name: SDLThread  >>> org.sirfanas.filechooser.filechooser <<<
04-30 10:02:11.503 16550 16550 F DEBUG   : uid: 10417
04-30 10:02:11.503 16550 16550 F DEBUG   : signal 6 (SIGABRT), code -1 (SI_QUEUE), fault addr --------
04-30 10:02:11.503 16550 16550 F DEBUG   :     r0  00000000  r1  000040a0  r2  00000006  r3  bd7fad10
04-30 10:02:11.503 16550 16550 F DEBUG   :     r4  bd7fad24  r5  bd7fad08  r6  0000406a  r7  0000016b
04-30 10:02:11.503 16550 16550 F DEBUG   :     r8  bd7fad20  r9  bd7fad10  r10 bd7fad40  r11 bd7fad30
04-30 10:02:11.503 16550 16550 F DEBUG   :     ip  000040a0  sp  bd7face0  lr  ec69d4f7  pc  ec69d50a
04-30 10:02:11.504 16550 16550 F DEBUG   : 
04-30 10:02:11.504 16550 16550 F DEBUG   : backtrace:
04-30 10:02:11.504 16550 16550 F DEBUG   :       #00 pc 0005450a  /apex/com.android.runtime/lib/bionic/libc.so (abort+166) (BuildId: fc1a7f107c69283e5e2e3f151f978619)
04-30 10:02:11.504 16550 16550 F DEBUG   :       #01 pc 00169454  /data/app/org.sirfanas.filechooser.filechooser-4uyp2FWYxg_Jo0GvHsIiZw==/lib/arm/libpython3.7m.so
04-30 10:02:44.971 17325 17372 F libc    : Fatal signal 6 (SIGABRT), code -1 (SI_QUEUE) in tid 17372 (SDLThread), pid 17325 (ser.filechooser)
04-30 10:02:45.051 17378 17378 F DEBUG   : *** *** *** *** *** *** *** *** *** *** *** *** *** *** *** ***
04-30 10:02:45.051 17378 17378 F DEBUG   : Build fingerprint: 'HUAWEI/VOG-AL10/HWVOG:10/HUAWEIVOG-AL10/10.1.0.162C00:user/release-keys'
04-30 10:02:45.051 17378 17378 F DEBUG   : Revision: '0'
04-30 10:02:45.051 17378 17378 F DEBUG   : ABI: 'arm'
04-30 10:02:45.053 17378 17378 F DEBUG   : SYSVMTYPE: Maple
04-30 10:02:45.053 17378 17378 F DEBUG   : APPVMTYPE: Art
04-30 10:02:45.054 17378 17378 F DEBUG   : Timestamp: 2021-04-30 10:02:45+0800
04-30 10:02:45.054 17378 17378 F DEBUG   : pid: 17325, tid: 17372, name: SDLThread  >>> org.sirfanas.filechooser.filechooser <<<
04-30 10:02:45.054 17378 17378 F DEBUG   : uid: 10418
04-30 10:02:45.054 17378 17378 F DEBUG   : signal 6 (SIGABRT), code -1 (SI_QUEUE), fault addr --------
04-30 10:02:45.054 17378 17378 F DEBUG   :     r0  00000000  r1  000043dc  r2  00000006  r3  bbf7ad10
04-30 10:02:45.054 17378 17378 F DEBUG   :     r4  bbf7ad24  r5  bbf7ad08  r6  000043ad  r7  0000016b
04-30 10:02:45.054 17378 17378 F DEBUG   :     r8  bbf7ad20  r9  bbf7ad10  r10 bbf7ad40  r11 bbf7ad30
04-30 10:02:45.054 17378 17378 F DEBUG   :     ip  000043dc  sp  bbf7ace0  lr  ec69d4f7  pc  ec69d50a
04-30 10:02:45.054 17378 17378 F DEBUG   : 
04-30 10:02:45.054 17378 17378 F DEBUG   : backtrace:
04-30 10:02:45.054 17378 17378 F DEBUG   :       #00 pc 0005450a  /apex/com.android.runtime/lib/bionic/libc.so (abort+166) (BuildId: fc1a7f107c69283e5e2e3f151f978619)
04-30 10:02:45.054 17378 17378 F DEBUG   :       #01 pc 00169454  /data/app/org.sirfanas.filechooser.filechooser-u02jyo9ym0AMevgMEHyAWw==/lib/arm/libpython3.7m.so
04-30 10:03:46.593 17643 17821 F libc    : Fatal signal 6 (SIGABRT), code -1 (SI_QUEUE) in tid 17821 (SDLThread), pid 17643 (ser.filechooser)
04-30 10:03:46.670 17838 17838 F DEBUG   : *** *** *** *** *** *** *** *** *** *** *** *** *** *** *** ***
04-30 10:03:46.670 17838 17838 F DEBUG   : Build fingerprint: 'HUAWEI/VOG-AL10/HWVOG:10/HUAWEIVOG-AL10/10.1.0.162C00:user/release-keys'
04-30 10:03:46.670 17838 17838 F DEBUG   : Revision: '0'
04-30 10:03:46.670 17838 17838 F DEBUG   : ABI: 'arm'
04-30 10:03:46.674 17838 17838 F DEBUG   : SYSVMTYPE: Maple
04-30 10:03:46.674 17838 17838 F DEBUG   : APPVMTYPE: Art
04-30 10:03:46.675 17838 17838 F DEBUG   : Timestamp: 2021-04-30 10:03:46+0800
04-30 10:03:46.675 17838 17838 F DEBUG   : pid: 17643, tid: 17821, name: SDLThread  >>> org.sirfanas.filechooser.filechooser <<<
04-30 10:03:46.675 17838 17838 F DEBUG   : uid: 10418
04-30 10:03:46.675 17838 17838 F DEBUG   : signal 6 (SIGABRT), code -1 (SI_QUEUE), fault addr --------
04-30 10:03:46.675 17838 17838 F DEBUG   :     r0  00000000  r1  0000459d  r2  00000006  r3  bbf7ad10
04-30 10:03:46.675 17838 17838 F DEBUG   :     r4  bbf7ad24  r5  bbf7ad08  r6  000044eb  r7  0000016b
04-30 10:03:46.675 17838 17838 F DEBUG   :     r8  bbf7ad20  r9  bbf7ad10  r10 bbf7ad40  r11 bbf7ad30
04-30 10:03:46.675 17838 17838 F DEBUG   :     ip  0000459d  sp  bbf7ace0  lr  ec69d4f7  pc  ec69d50a
04-30 10:03:46.675 17838 17838 F DEBUG   : 
04-30 10:03:46.675 17838 17838 F DEBUG   : backtrace:
04-30 10:03:46.675 17838 17838 F DEBUG   :       #00 pc 0005450a  /apex/com.android.runtime/lib/bionic/libc.so (abort+166) (BuildId: fc1a7f107c69283e5e2e3f151f978619)
04-30 10:03:46.675 17838 17838 F DEBUG   :       #01 pc 00169454  /data/app/org.sirfanas.filechooser.filechooser-8hQg-lPaqGCBuZ0zMAsYXw==/lib/arm/libpython3.7m.so
--------- beginning of system
04-30 16:00:42.311  4172  4333 D NpdcpAliveManager: ro.odm.npdcp_alive_cfg_enable is false
04-30 16:00:42.603  2208  5141 I chatty  : uid=1000(system) Binder:2208_17 expire 10 lines
04-30 16:00:43.327  4172  4333 D NpdcpAliveManager: ro.odm.npdcp_alive_cfg_enable is false
04-30 16:00:44.359  4172  4333 D NpdcpAliveManager: ro.odm.npdcp_alive_cfg_enable is false
04-30 16:00:45.176  2208  2483 I chatty  : uid=1000(system) ActivityManager expire 20 lines
04-30 16:00:45.374  4172  4333 D NpdcpAliveManager: ro.odm.npdcp_alive_cfg_enable is false
04-30 16:00:46.407  4172  4333 I chatty  : uid=1000(system) OllieServiceThr identical 4 lines
04-30 16:00:47.426  4172  4333 D NpdcpAliveManager: ro.odm.npdcp_alive_cfg_enable is false
04-30 16:00:48.201  2208 10196 I chatty  : uid=1000(system) Binder:2208_1C expire 7 lines
04-30 16:00:48.459  4172  4333 D NpdcpAliveManager: ro.odm.npdcp_alive_cfg_enable is false
04-30 16:00:49.470  4172  4333 D NpdcpAliveManager: ro.odm.npdcp_alive_cfg_enable is false
04-30 16:00:50.503  4172  4333 D NpdcpAliveManager: ro.odm.npdcp_alive_cfg_enable is false
04-30 16:00:51.229  2208 10198 I chatty  : uid=1000(system) Binder:2208_1E expire 7 lines
04-30 16:00:51.519  4172  4333 D NpdcpAliveManager: ro.odm.npdcp_alive_cfg_enable is false
04-30 16:00:53.566  4172  4333 D NpdcpAliveManager: ro.odm.npdcp_alive_cfg_enable is false
04-30 16:00:54.598  4172  4333 D NpdcpAliveManager: ro.odm.npdcp_alive_cfg_enable is false
04-30 16:00:56.646  4172  4333 D NpdcpAliveManager: ro.odm.npdcp_alive_cfg_enable is false
04-30 16:00:57.266  2208  2483 I chatty  : uid=1000(system) ActivityManager expire 14 lines
04-30 16:00:57.666  4172  4333 D NpdcpAliveManager: ro.odm.npdcp_alive_cfg_enable is false
04-30 16:00:59.710  4172  4333 D NpdcpAliveManager: ro.odm.npdcp_alive_cfg_enable is false
04-30 16:01:00.743  4172  4333 D NpdcpAliveManager: ro.odm.npdcp_alive_cfg_enable is false
04-30 16:01:01.600  2208  2627 I chatty  : uid=1000(system) AlarmManager expire 2 lines
04-30 16:01:01.626  2208  5141 I chatty  : uid=1000(system) Binder:2208_17 expire 11 lines
04-30 16:01:01.658  2208  2208 I chatty  : uid=1000 system_server expire 13 lines
04-30 16:01:01.758  4172  4333 D NpdcpAliveManager: ro.odm.npdcp_alive_cfg_enable is false
04-30 16:01:02.787  4172  4333 D NpdcpAliveManager: ro.odm.npdcp_alive_cfg_enable is false
04-30 16:01:03.807  4172  4333 D NpdcpAliveManager: ro.odm.npdcp_alive_cfg_enable is false
04-30 16:01:04.839  4172  4333 D NpdcpAliveManager: ro.odm.npdcp_alive_cfg_enable is false
04-30 16:01:05.854  4172  4333 D NpdcpAliveManager: ro.odm.npdcp_alive_cfg_enable is false
04-30 16:01:06.886  4172  4333 D NpdcpAliveManager: ro.odm.npdcp_alive_cfg_enable is false
04-30 16:01:07.902  4172  4333 D NpdcpAliveManager: ro.odm.npdcp_alive_cfg_enable is false
04-30 16:01:08.926  4172  4333 D NpdcpAliveManager: ro.odm.npdcp_alive_cfg_enable is false
04-30 16:01:09.340  2208  2483 I chatty  : uid=1000(system) ActivityManager expire 10 lines
04-30 16:01:09.951  4172  4333 D NpdcpAliveManager: ro.odm.npdcp_alive_cfg_enable is false
04-30 16:01:10.975  4172  4333 D NpdcpAliveManager: ro.odm.npdcp_alive_cfg_enable is false
04-30 16:01:11.998  4172  4333 D NpdcpAliveManager: ro.odm.npdcp_alive_cfg_enable is false
04-30 16:01:12.368  2208  5141 I chatty  : uid=1000(system) Binder:2208_17 expire 5 lines
04-30 16:01:12.910  2208 18969 I chatty  : uid=1000(system) MobileQosDetect expire 10 lines
04-30 16:01:13.031  4172  4333 D NpdcpAliveManager: ro.odm.npdcp_alive_cfg_enable is false
04-30 16:01:13.983  1038  1182 I storaged: storaged_t::event: storage_info refreshed.
04-30 16:01:14.046  4172  4333 D NpdcpAliveManager: ro.odm.npdcp_alive_cfg_enable is false
04-30 16:01:15.078  4172  4333 D NpdcpAliveManager: ro.odm.npdcp_alive_cfg_enable is false
04-30 16:01:15.408  2208  5141 I chatty  : uid=1000(system) Binder:2208_17 expire 10 lines
04-30 16:01:16.094  4172  4333 D NpdcpAliveManager: ro.odm.npdcp_alive_cfg_enable is false
04-30 16:01:17.127  4172  4333 D NpdcpAliveManager: ro.odm.npdcp_alive_cfg_enable is false
04-30 16:01:17.745  2208  2471 I chatty  : uid=1000(system) monitor thread expire 6 lines
04-30 16:01:18.142  4172  4333 D NpdcpAliveManager: ro.odm.npdcp_alive_cfg_enable is false
04-30 16:01:18.406  2208  2483 I chatty  : uid=1000(system) ActivityManager expire 14 lines
04-30 16:01:18.406  2208 10196 I chatty  : uid=1000(system) Binder:2208_1C expire 26 lines
04-30 16:01:18.427  2208  4463 I chatty  : uid=1000(system) Binder:2208_F expire 18 lines
04-30 16:01:19.178  4172  4333 D NpdcpAliveManager: ro.odm.npdcp_alive_cfg_enable is false
04-30 16:01:19.199  2208  2208 I chatty  : uid=1000 system_server expire 3 lines
04-30 16:01:20.195  4172  4333 D NpdcpAliveManager: ro.odm.npdcp_alive_cfg_enable is false
04-30 16:01:21.223  4172  4333 D NpdcpAliveManager: ro.odm.npdcp_alive_cfg_enable is false
04-30 16:01:21.435  2208 10198 I chatty  : uid=1000(system) Binder:2208_1E expire 10 lines
04-30 16:01:22.239  4172  4333 D NpdcpAliveManager: ro.odm.npdcp_alive_cfg_enable is false
04-30 16:01:23.270  4172  4333 D NpdcpAliveManager: ro.odm.npdcp_alive_cfg_enable is false
04-30 16:01:24.290  4172  4333 D NpdcpAliveManager: ro.odm.npdcp_alive_cfg_enable is false
04-30 16:01:25.319  4172  4333 D NpdcpAliveManager: ro.odm.npdcp_alive_cfg_enable is false
04-30 16:01:26.338  4172  4333 D NpdcpAliveManager: ro.odm.npdcp_alive_cfg_enable is false
04-30 16:01:27.366  4172  4333 D NpdcpAliveManager: ro.odm.npdcp_alive_cfg_enable is false
04-30 16:01:27.529  2208  2627 I chatty  : uid=1000(system) AlarmManager expire 2 lines
04-30 16:01:28.382  4172  4333 D NpdcpAliveManager: ro.odm.npdcp_alive_cfg_enable is false
04-30 16:01:29.413  4172  4333 D NpdcpAliveManager: ro.odm.npdcp_alive_cfg_enable is false
04-30 16:01:30.430  4172  4333 D NpdcpAliveManager: ro.odm.npdcp_alive_cfg_enable is false
04-30 16:01:30.496  2208  2483 I chatty  : uid=1000(system) ActivityManager expire 20 lines
04-30 16:01:31.463  4172  4333 D NpdcpAliveManager: ro.odm.npdcp_alive_cfg_enable is false
04-30 16:01:32.482  4172  4333 D NpdcpAliveManager: ro.odm.npdcp_alive_cfg_enable is false
04-30 16:01:33.509  4172  4333 D NpdcpAliveManager: ro.odm.npdcp_alive_cfg_enable is false
04-30 16:01:34.527  4172  4333 D NpdcpAliveManager: ro.odm.npdcp_alive_cfg_enable is false
04-30 16:01:35.548  2208  5134 I chatty  : uid=1000(system) Binder:2208_15 expire 20 lines
04-30 16:01:35.558  4172  4333 D NpdcpAliveManager: ro.odm.npdcp_alive_cfg_enable is false
04-30 16:01:36.574  4172  4333 D NpdcpAliveManager: ro.odm.npdcp_alive_cfg_enable is false
04-30 16:01:36.579  2208 10196 I chatty  : uid=1000(system) Binder:2208_1C expire 10 lines
04-30 16:01:37.607  4172  4333 D NpdcpAliveManager: ro.odm.npdcp_alive_cfg_enable is false
04-30 16:01:38.623  4172  4333 D NpdcpAliveManager: ro.odm.npdcp_alive_cfg_enable is false
04-30 16:01:39.654  4172  4333 D NpdcpAliveManager: ro.odm.npdcp_alive_cfg_enable is false
04-30 16:01:40.670  4172  4333 D NpdcpAliveManager: ro.odm.npdcp_alive_cfg_enable is false
04-30 16:01:41.703  4172  4333 D NpdcpAliveManager: ro.odm.npdcp_alive_cfg_enable is false
04-30 16:01:42.041  2208  2495 I chatty  : uid=1000(system) PowerManagerSer expire 40 lines
04-30 16:01:42.587  2208  2483 I chatty  : uid=1000(system) ActivityManager expire 15 lines
04-30 16:01:42.721  4172  4333 D NpdcpAliveManager: ro.odm.npdcp_alive_cfg_enable is false
04-30 16:01:43.744  4172  4333 D NpdcpAliveManager: ro.odm.npdcp_alive_cfg_enable is false
04-30 16:01:44.769  4172  4333 D NpdcpAliveManager: ro.odm.npdcp_alive_cfg_enable is false
04-30 16:01:45.799  4172  4333 D NpdcpAliveManager: ro.odm.npdcp_alive_cfg_enable is false
04-30 16:01:46.814  4172  4333 D NpdcpAliveManager: ro.odm.npdcp_alive_cfg_enable is false
04-30 16:01:47.078  2208  5141 I chatty  : uid=1000(system) Binder:2208_17 expire 12 lines
04-30 16:01:47.847  4172  4333 D NpdcpAliveManager: ro.odm.npdcp_alive_cfg_enable is false
04-30 16:01:48.628  2208  5134 I chatty  : uid=1000(system) Binder:2208_15 expire 5 lines
04-30 16:01:48.865  4172  4333 D NpdcpAliveManager: ro.odm.npdcp_alive_cfg_enable is false
04-30 16:01:48.914  2208 10196 I chatty  : uid=1000(system) Binder:2208_1C expire 6 lines
04-30 16:01:49.043  2208  2466 I chatty  : uid=1000(system) android.ui expire 16 lines
04-30 16:01:49.086   517  3830 D vold    : begin lockScreenPrepare
04-30 16:01:49.086   517  3830 D vold    : fscrypt_lock_screen_prepare flag is: 1 user_id:0
04-30 16:01:49.098  2208  2468 I chatty  : uid=1000(system) android.display expire 10 lines
04-30 16:01:49.110  2208  2484 I chatty  : uid=1000(system) ActivityManager expire 1 line
04-30 16:01:49.110  2208  4125 I chatty  : uid=1000(system) MultiTaskManage expire 1 line
04-30 16:01:49.120  2208  3731 I chatty  : uid=1000(system) biometricServci expire 4 lines
04-30 16:01:49.135  2208  3842 I chatty  : uid=1000(system) HwBinder:2208_3 expire 2 lines
04-30 16:01:49.136 18054 18054 W FingerprintManager: Invalid acquired message: 6, 1001
04-30 16:01:49.143 29364 29364 D ActivityThread: Attach thread to application
04-30 16:01:49.159 29364 29385 I ActivityThread: Init compatible state: false
04-30 16:01:49.169 29364 29364 I Resources: LockDpi original config :{0.85 460mcc1mnc [en_CN,zh_CN_#Hans] ldltr sw423dp w423dp h888dp 272dpi nrml long port finger -keyb/v/h -nav/h winConfig={ mBounds=Rect(0, 0 - 720, 1560) mAppBounds=Rect(0, 50 - 720, 1560) mWindowingMode=fullscreen mDisplayWindowingMode=fullscreen mActivityType=undefined mAlwaysOnTop=undefined mRotation=ROTATION_0} suim:1 s.87827} mLockDpi = true densityDpi = 272 dpi = 408
04-30 16:01:49.198 29364 29364 I chatty  : uid=1000(system) identical 1 line
04-30 16:01:49.206 29364 29364 I Resources: LockDpi original config :{0.85 460mcc1mnc [en_CN,zh_CN_#Hans] ldltr sw423dp w423dp h888dp 272dpi nrml long port finger -keyb/v/h -nav/h winConfig={ mBounds=Rect(0, 0 - 720, 1560) mAppBounds=Rect(0, 50 - 720, 1560) mWindowingMode=fullscreen mDisplayWindowingMode=fullscreen mActivityType=undefined mAlwaysOnTop=undefined mRotation=ROTATION_0} suim:1 s.87827} mLockDpi = true densityDpi = 272 dpi = 408
04-30 16:01:49.248 29364 29364 I ActivityThread: finishPreloaded preloadStatus 0
04-30 16:01:49.310  2208  2491 I chatty  : uid=1000(system) batterystats-wo expire 1 line
04-30 16:01:49.322  2208  3762 I chatty  : uid=1000(system) Binder:2208_4 expire 2 lines
04-30 16:01:49.327  2208  2477 I chatty  : uid=1000(system) HwActivityTaskM expire 1 line
04-30 16:01:49.327  2208  3716 I chatty  : uid=1000(system) Thread-7 expire 2 lines
04-30 16:01:49.329  2208  3799 I chatty  : uid=1000(system) PhotonicModulat expire 2 lines
04-30 16:01:49.366  2208  7158 I chatty  : uid=1000(system) Binder:2208_1A expire 25 lines
04-30 16:01:49.372  4172  4333 I HidataAppQoeP: foregroundUidRemove uid: 10323 name: com.tencent.tim
04-30 16:01:49.374  4172  4334 I CommBoosterRequest: mModemId = 0slot id = 0
04-30 16:01:49.377  2208  2468 I chatty  : uid=1000(system) android.display expire 17 lines
04-30 16:01:49.382  4172  4333 I SmartDualCardConfig: getAppType,pkgName=com.tencent.tim,appType=0
04-30 16:01:49.382  4172  4333 E SmartDualCardConfig: isAppInBlackList false,items==null
04-30 16:01:49.382  4172  4333 I SmartDualCardConfig: isAppInWhiteList false,uid=10323
04-30 16:01:49.385  2208  5138 I chatty  : uid=1000(system) Binder:2208_16 expire 3 lines
04-30 16:01:49.393  4172  4334 E OllieTelephony: sendFullData err:1
04-30 16:01:49.397  2208  5134 I chatty  : uid=1000(system) Binder:2208_15 expire 14 lines
04-30 16:01:49.399  2208 10196 I chatty  : uid=1000(system) Binder:2208_1C expire 1 line
04-30 16:01:49.422  2208  2208 I chatty  : uid=1000 system_server expire 7 lines
04-30 16:01:49.432  2208  2466 I chatty  : uid=1000(system) android.ui expire 23 lines
04-30 16:01:49.433  2208  2469 I chatty  : uid=1000(system) android.anim expire 32 lines
04-30 16:01:49.440  2208  2489 I chatty  : uid=1000(system) ThirdAppHandler expire 1 line
04-30 16:01:49.445  2208  2463 I chatty  : uid=1000(system) Binder:2208_2 expire 6 lines
04-30 16:01:49.518  2208 10899 I chatty  : uid=1000(system) Binder:2208_1F expire 5 lines
04-30 16:01:49.522  2208  2495 I chatty  : uid=1000(system) PowerManagerSer expire 3 lines
04-30 16:01:49.523  2208  3762 I chatty  : uid=1000(system) Binder:2208_4 expire 13 lines
04-30 16:01:49.543   517  3830 D vold    : begin lockScreenPrepare
04-30 16:01:49.543   517  3830 D vold    : fscrypt_lock_screen_prepare flag is: 1 user_id:0
04-30 16:01:49.546  2208 10198 I chatty  : uid=1000(system) Binder:2208_1E expire 25 lines
04-30 16:01:49.572  2208  2622 I chatty  : uid=1000(system) SettingsProvide expire 1 line
04-30 16:01:49.603  2208  4460 I chatty  : uid=1000(system) Binder:2208_D expire 5 lines
04-30 16:01:49.683  4172  4172 I HwKeystoreServiceImpl: User lock userId:0
04-30 16:01:49.689  2208  3769 I chatty  : uid=1000(system) HwSfpService expire 6 lines
04-30 16:01:49.689   517  3830 D vold    : begin getKeyDesc
04-30 16:01:49.691   517  3830 D vold    : begin getKeyDesc
04-30 16:01:49.691   517  3830 D vold    : begin getPrepareFlag
04-30 16:01:49.691   517  3830 D vold    : e4crypt_get_lock_screen_prepare_flag flag is: 1 user_id:0
04-30 16:01:49.694   517  3830 D vold    : begin getPrepareFlag
04-30 16:01:49.694   517  3830 D vold    : e4crypt_get_lock_screen_prepare_flag flag is: 1 user_id:0
04-30 16:01:49.694   517  3830 D vold    : begin getPrepareFlag
04-30 16:01:49.694   517  3830 D vold    : e4crypt_get_lock_screen_prepare_flag flag is: 1 user_id:0
04-30 16:01:49.695   517  3830 D vold    : begin getPrepareFlag
04-30 16:01:49.695   517  3830 D vold    : e4crypt_get_lock_screen_prepare_flag flag is: 1 user_id:0
04-30 16:01:49.706  2208  4463 I chatty  : uid=1000(system) Binder:2208_F expire 8 lines
04-30 16:01:49.729  2208  2631 I chatty  : uid=1000(system) sManagerService expire 2 lines
04-30 16:01:49.750  2208  2653 I chatty  : uid=1000(system) GestureNavManag expire 6 lines
04-30 16:01:49.760  2208  2465 I chatty  : uid=1000(system) android.fg expire 1 line
04-30 16:01:49.797  2208  2477 I chatty  : uid=1000(system) HwActivityTaskM expire 1 line
04-30 16:01:49.818  2208  2483 I chatty  : uid=1000(system) ActivityManager expire 1 line
04-30 16:01:49.847  2208  2626 I chatty  : uid=1000(system) HeartBeatHandle expire 99 lines
04-30 16:01:49.851  2208 17220 I chatty  : uid=1000(system) Binder:2208_20 expire 4 lines
04-30 16:01:49.969  2208  2678 I chatty  : uid=1000(system) StorageManagerS expire 1 line
04-30 16:01:49.982  2208  3688 I chatty  : uid=1000(system) ClientModeImpl expire 2 lines
04-30 16:01:49.983  2208  5664 I chatty  : uid=1000(system) android.fg expire 38 lines
04-30 16:01:50.045  2208  3689 I chatty  : uid=1000(system) WifiP2pService expire 3 lines
04-30 16:01:50.132  2208  5664 I chatty  : uid=1000(system) android.fg expire 14 lines
04-30 16:01:50.134  2208  2463 I chatty  : uid=1000(system) Binder:2208_2 expire 14 lines
04-30 16:01:50.147 26977 26977 I ActivityThread: Handle window ActivityRecord{1e9d2b8 token=android.os.BinderProxy@75e8434 {com.tencent.tim/com.tencent.mobileqq.activity.QQBrowserActivity}} visibility: false
04-30 16:01:50.150 26977 26977 D RtgSched: resetRtgSchedHandle failed enable:0
04-30 16:01:50.152  2208 17220 I chatty  : uid=1000(system) Binder:2208_20 expire 29 lines
04-30 16:01:50.159  2208  2208 I chatty  : uid=1000 system_server expire 11 lines
04-30 16:01:50.272  4172  4333 I KernelQoeChr: KernelQoeChrhandleMessage : msg = 2130903100
04-30 16:01:50.273  4172  4333 I KernelQoeChr: updateScreenState mIsScreenOn:false
04-30 16:01:50.273  4172  4333 I CommBoosterRequest: mModemId = 0slot id = 0
04-30 16:01:50.288  2208  3762 I chatty  : uid=1000(system) Binder:2208_4 expire 9 lines
04-30 16:01:50.292  4172  4333 E BoosterGameP: inValidCQI:-1
04-30 16:01:50.299  4172  4333 I DeepNoDisturbSM: setScreenState isScreenOn=false
04-30 16:01:50.299  4172  4172 I DeepNoDisturbSM: IdleState processMessage msg.what=EVENT_SCREEN_OFF
04-30 16:01:50.299  4172  4172 I DeepNoDisturbSM: IdleState: default msg.what=11
04-30 16:01:50.302  4172  4333 I HidataAppQoeP: other status.
04-30 16:01:50.303  4172  4333 I PreDnsQuery: No need to handled!
04-30 16:01:50.364  2208  5134 I chatty  : uid=1000(system) Binder:2208_15 expire 11 lines
04-30 16:01:50.688  2208  4460 I chatty  : uid=1000(system) Binder:2208_D expire 21 lines
04-30 16:01:50.853  2208  2480 I chatty  : uid=1000(system) android.bg expire 2 lines
04-30 16:01:51.305  2208  7158 I chatty  : uid=1000(system) Binder:2208_1A expire 19 lines
04-30 16:01:51.599  2208  2483 I chatty  : uid=1000(system) ActivityManager expire 4 lines
04-30 16:01:52.932  2208 18969 I chatty  : uid=1000(system) MobileQosDetect expire 11 lines
04-30 16:01:53.747  2208  2471 I chatty  : uid=1000(system) monitor thread expire 8 lines
04-30 16:01:54.289  2208  2468 I chatty  : uid=1000(system) android.display expire 3 lines
04-30 16:01:55.188  2208  2631 I chatty  : uid=1000(system) sManagerService expire 1 line
04-30 16:01:55.188 18054 18054 D RtgSched: resetRtgSchedHandle failed enable:0
04-30 16:01:56.000  2208  2626 I chatty  : uid=1000(system) HeartBeatHandle expire 2717 lines
04-30 16:04:08.701  2208  2627 I chatty  : uid=1000(system) AlarmManager expire 11 lines
04-30 16:04:09.688  2208  3769 I chatty  : uid=1000(system) HwSfpService expire 1 line
04-30 16:04:09.689   517  3830 D vold    : begin lockUserScreenIsec
04-30 16:04:09.689   517  3830 D vold    : begin e4crypt_lock_user_screen_isec 0
04-30 16:04:09.689   517  3830 D vold    : e4crypt_lock_user_screen 0
04-30 16:04:09.690   517  3830 D vold    : evict_ece_key_from_keyring 0
04-30 16:04:09.690   517  3830 D vold    : revoke key with serial 1024673448 ref ext4:ff313e7c9d049f95
04-30 16:04:09.690   517  3830 D vold    : revoke key with serial 504423521 ref f2fs:ff313e7c9d049f95
04-30 16:04:09.690   517  3830 D vold    : revoke key with serial 276809931 ref fscrypt:ff313e7c9d049f95
04-30 16:04:09.690   517  3830 D vold    : evict_sece_pri_key_from_keyring 0
04-30 16:04:09.690   517  3830 D vold    : begin installKeyIsec
04-30 16:04:09.690   517  3830 D vold    : Added key 25084882 (ext4:64bc224c49e455c3) to keyring 422148700 in process 517
04-30 16:04:09.690   517  3830 D vold    : Added key 914070846 (f2fs:64bc224c49e455c3) to keyring 422148700 in process 517
04-30 16:04:09.690   517  3830 D vold    : Added key 785988212 (fscrypt:64bc224c49e455c3) to keyring 422148700 in process 517
04-30 16:04:09.691   517  3830 D vold    : lock_user_screen_isec result:1
04-30 16:04:09.693  2208  7158 I chatty  : uid=1000(system) Binder:2208_1A expire 24 lines
04-30 16:04:09.727  2208  2490 I chatty  : uid=1000(system) keyAppHanderThr expire 1 line
04-30 16:04:09.782  2208  2463 I chatty  : uid=1000(system) Binder:2208_2 expire 3 lines
04-30 16:04:36.660  1038  1182 I storaged: storaged_t::event: storage_info refreshed.
04-30 16:04:38.712  2208 17220 I chatty  : uid=1000(system) Binder:2208_20 expire 11 lines
04-30 16:04:57.733  2208  2465 I chatty  : uid=1000(system) android.fg expire 3 lines
04-30 16:05:03.652  2208  5134 I chatty  : uid=1000(system) Binder:2208_15 expire 4 lines
04-30 16:05:34.728  2208 10899 I chatty  : uid=1000(system) Binder:2208_1F expire 6 lines
04-30 16:05:34.730  2208  3716 I chatty  : uid=1000(system) Thread-7 expire 4 lines
04-30 16:05:34.733  2208  2477 I chatty  : uid=1000(system) HwActivityTaskM expire 2 lines
04-30 16:05:34.810  2208 10198 I chatty  : uid=1000(system) Binder:2208_1E expire 2 lines
04-30 16:05:34.892  2208  4158 I chatty  : uid=1000(system) Binder:2208_8 expire 20 lines
04-30 16:05:36.617  2208  2586 I chatty  : uid=1000(system) Binder:2208_3 expire 79 lines
04-30 16:06:01.657  2208 18969 I chatty  : uid=1000(system) MobileQosDetect expire 9 lines
04-30 16:06:02.687  2208  4158 I chatty  : uid=1000(system) Binder:2208_8 expire 5 lines
04-30 16:06:04.548  2208 10198 I chatty  : uid=1000(system) Binder:2208_1E expire 13 lines
04-30 16:06:06.334  2208  2471 I chatty  : uid=1000(system) monitor thread expire 5 lines
04-30 16:07:56.716  2208  2627 I chatty  : uid=1000(system) AlarmManager expire 8 lines
04-30 16:08:08.760  2208  3998 I chatty  : uid=1000(system) Binder:2208_7 expire 19 lines
04-30 16:08:08.766  2208  5134 I chatty  : uid=1000(system) Binder:2208_15 expire 8 lines
04-30 16:08:08.813  2208  2483 I chatty  : uid=1000(system) ActivityManager expire 2 lines
04-30 16:08:08.843  2208  4457 I chatty  : uid=1000(system) Binder:2208_B expire 17 lines
04-30 16:08:08.918  2208  5141 I chatty  : uid=1000(system) Binder:2208_17 expire 100 lines
04-30 16:08:09.925  2208  2208 I chatty  : uid=1000 system_server expire 24 lines
04-30 16:08:35.729  2208  2490 I chatty  : uid=1000(system) keyAppHanderThr expire 1 line
04-30 16:08:35.768  2208  4460 I chatty  : uid=1000(system) Binder:2208_D expire 16 lines
04-30 16:08:35.779  2208  4463 I chatty  : uid=1000(system) Binder:2208_F expire 4 lines
04-30 16:09:04.406  2208  3825 I chatty  : uid=1000(system) HwWMStateMachin expire 1 line
04-30 16:09:08.753  2208  3716 I chatty  : uid=1000(system) Thread-7 expire 2 lines
04-30 16:09:08.753  2208  3698 I chatty  : uid=1000(system) ConnectivitySer expire 15 lines
04-30 16:09:08.753  2208  2477 I chatty  : uid=1000(system) HwActivityTaskM expire 1 line
04-30 16:09:08.823  2208  5138 I chatty  : uid=1000(system) Binder:2208_16 expire 37 lines
04-30 16:09:10.736  2208  2665 I chatty  : uid=1000(system) InputReader expire 5 lines
04-30 16:09:10.739  2208  2495 I chatty  : uid=1000(system) PowerManagerSer expire 2 lines
04-30 16:09:10.740  2208  2466 I chatty  : uid=1000(system) android.ui expire 15 lines
04-30 16:09:10.742  2208  5664 I chatty  : uid=1000(system) android.fg expire 5 lines
04-30 16:09:10.744  2208  2495 I chatty  : uid=1000(system) PowerManagerSer expire 31 lines
04-30 16:09:10.746  2208  2208 I chatty  : uid=1000 system_server expire 10 lines
04-30 16:09:10.752  2208  5138 I chatty  : uid=1000(system) Binder:2208_16 expire 10 lines
04-30 16:09:10.755  2208  3842 I chatty  : uid=1000(system) HwBinder:2208_3 expire 7 lines
04-30 16:09:10.756  2208  2626 I chatty  : uid=1000(system) HeartBeatHandle expire 1231 lines
04-30 16:09:10.758  2208  4222 I chatty  : uid=1000(system) Binder:2208_9 expire 9 lines
04-30 16:09:10.806  2208  2468 I chatty  : uid=1000(system) android.display expire 3 lines
04-30 16:09:10.819  2208  4460 I chatty  : uid=1000(system) Binder:2208_D expire 5 lines
04-30 16:09:10.820  2208  2586 I chatty  : uid=1000(system) Binder:2208_3 expire 8 lines
04-30 16:09:10.834  2208  5141 I chatty  : uid=1000(system) Binder:2208_17 expire 12 lines
04-30 16:09:10.835  2208  2469 I chatty  : uid=1000(system) android.anim expire 11 lines
04-30 16:09:10.851  2208  2631 I chatty  : uid=1000(system) sManagerService expire 1 line
04-30 16:09:10.860  2208  4462 I chatty  : uid=1000(system) Binder:2208_E expire 19 lines
04-30 16:09:10.871  2208  2678 I chatty  : uid=1000(system) StorageManagerS expire 5 lines
04-30 16:09:10.903  2208  3762 I chatty  : uid=1000(system) Binder:2208_4 expire 6 lines
04-30 16:09:10.912  5067  5067 W SettingsEx: SettingsEx.Systemex.getString deprecated use Settings.System.getString instead, callers = com.android.internal.telephony.gsm.HwCustGsmServiceStateManagerImpl.isMccForShowNetname:202 com.android.internal.telephony.gsm.HwCustGsmServiceStateManagerImpl.isShowNetnameByMcc:193 com.android.internal.telephony.gsm.HwCustGsmServiceStateManagerImpl.setOnsDisplayCustomization:144 
04-30 16:09:10.915  4172  4333 I BoosterTelephonyCollector: handleDsdsStateChanged:dsds state= 0
04-30 16:09:10.917   517 29712 D vold    : idle maintenance stopped
04-30 16:09:10.930  2208  3689 I chatty  : uid=1000(system) WifiP2pService expire 3 lines
04-30 16:09:10.933  2208  2598 I chatty  : uid=1000(system) UEventObserver expire 3 lines
04-30 16:09:10.934  5067  5067 W SettingsEx: SettingsEx.Systemex.getString deprecated use Settings.System.getString instead, callers = com.android.internal.telephony.gsm.HwCustGsmServiceStateManagerImpl.isMccForShowNetname:202 com.android.internal.telephony.gsm.HwCustGsmServiceStateManagerImpl.isShowNetnameByMcc:193 com.android.internal.telephony.gsm.HwCustGsmServiceStateManagerImpl.setOnsDisplayCustomization:144 
04-30 16:09:10.936  2208  3799 I chatty  : uid=1000(system) PhotonicModulat expire 3 lines
04-30 16:09:10.940  2208  3688 I chatty  : uid=1000(system) ClientModeImpl expire 1 line
04-30 16:09:10.943  2208  3698 I chatty  : uid=1000(system) ConnectivitySer expire 1 line
04-30 16:09:10.947  2208  3695 I chatty  : uid=1000(system) ConnectivityThr expire 21 lines
04-30 16:09:10.955  2208 10198 I chatty  : uid=1000(system) Binder:2208_1E expire 7 lines
04-30 16:09:10.957  2208 17220 I chatty  : uid=1000(system) Binder:2208_20 expire 2 lines
04-30 16:09:10.988  5067  5067 W SettingsEx: SettingsEx.Systemex.getString deprecated use Settings.System.getString instead, callers = com.android.internal.telephony.gsm.HwCustGsmServiceStateManagerImpl.isMccForShowNetname:202 com.android.internal.telephony.gsm.HwCustGsmServiceStateManagerImpl.isShowNetnameByMcc:193 com.android.internal.telephony.gsm.HwCustGsmServiceStateManagerImpl.setOnsDisplayCustomization:144 
04-30 16:09:10.998  2208  2483 I chatty  : uid=1000(system) ActivityManager expire 3 lines
04-30 16:09:11.016  2208  2622 I chatty  : uid=1000(system) SettingsProvide expire 1 line
04-30 16:09:11.092  4172  4333 I KernelQoeChr: KernelQoeChrhandleMessage : msg = 2130903090
04-30 16:09:11.093  4172  4333 I KernelQoeChr: updateScreenState mIsScreenOn:true
04-30 16:09:11.096  4172  4333 I CommBoosterRequest: mModemId = 0slot id = 0
04-30 16:09:11.106  4172  4333 E BoosterGameP: inValidCQI:-1
04-30 16:09:11.116  4172  4333 I DeepNoDisturbSM: setScreenState isScreenOn=true
04-30 16:09:11.116  4172  4172 I DeepNoDisturbSM: IdleState processMessage msg.what=EVENT_SCREEN_ON
04-30 16:09:11.119  4172  4172 I DeepNoDisturbSM: isWifiConnected = true
04-30 16:09:11.121  4172  4172 I DeepNoDisturbSM: GAMEASSIST_NODISTURB_PROP=1,isGameDndSwitchOn return true
04-30 16:09:11.122  4172  4333 I HidataAppQoeP: other status.
04-30 16:09:11.122  4172  4333 I PreDnsQuery: No need to handled!
04-30 16:09:11.123  4172  4333 I NetworkQoeChr: start qoe report
04-30 16:09:11.125  4172  4172 I DeepNoDisturbSM: isNetworkTypeSuitDeepNoDisturbMode networkType = 13
04-30 16:09:11.125  4172  4172 I DeepNoDisturbSM: isCorrectState=true mIsCallOn=false mGameStatus=0 defaultDataSubId=1 default4GSlotId=0 mIsDefaultDataOn=false mIsScreenOn=true deepNoDisturbModeProp=true isDeepNoDisturbSwitchOn=false isGameDndSwitchOn=true isNetworkTypeSuitDeepNoDisturbMode=true isAirplaneModeOn()=false
04-30 16:09:11.125  4172  4172 I DeepNoDisturbSM: isNeedEnterDeepNoDisturbMode false
04-30 16:09:11.167  5067  5067 W SettingsEx: SettingsEx.Systemex.getString deprecated use Settings.System.getString instead, callers = com.android.internal.telephony.gsm.HwCustGsmServiceStateManagerImpl.isMccForShowNetname:202 com.android.internal.telephony.gsm.HwCustGsmServiceStateManagerImpl.isShowNetnameByMcc:193 com.android.internal.telephony.gsm.HwCustGsmServiceStateManagerImpl.setOnsDisplayCustomization:144 
04-30 16:09:11.173  4172  4333 I BoosterTelephonyCollector: handleDsdsStateChanged:dsds state= 0
04-30 16:09:11.205  5067  5067 W SettingsEx: SettingsEx.Systemex.getString deprecated use Settings.System.getString instead, callers = com.android.internal.telephony.gsm.HwCustGsmServiceStateManagerImpl.isMccForShowNetname:202 com.android.internal.telephony.gsm.HwCustGsmServiceStateManagerImpl.isShowNetnameByMcc:193 com.android.internal.telephony.gsm.HwCustGsmServiceStateManagerImpl.setOnsDisplayCustomization:144 
04-30 16:09:11.243  5067  5067 W SettingsEx: SettingsEx.Systemex.getString deprecated use Settings.System.getString instead, callers = com.android.internal.telephony.gsm.HwCustGsmServiceStateManagerImpl.isMccForShowNetname:202 com.android.internal.telephony.gsm.HwCustGsmServiceStateManagerImpl.isShowNetnameByMcc:193 com.android.internal.telephony.gsm.HwCustGsmServiceStateManagerImpl.setOnsDisplayCustomization:144 
04-30 16:09:11.386  2208  3731 I chatty  : uid=1000(system) biometricServci expire 6 lines
04-30 16:09:11.389 18054 18054 W FingerprintManager: Invalid acquired message: 6, 1100
04-30 16:09:11.430  2208  6119 I chatty  : uid=1000(system) FingerViewContr expire 14 lines
04-30 16:09:11.441 18054 18054 W FingerprintManager: Invalid acquired message: 6, 1105
04-30 16:09:11.443 18054 18054 W FingerprintManager: Invalid acquired message: 6, 1002
04-30 16:09:11.444 18054 18054 W FingerprintManager: Invalid acquired message: 6, 1102
04-30 16:09:11.783  2208  3842 I chatty  : uid=1000(system) HwBinder:2208_3 expire 1 line
04-30 16:09:11.784  2208  3731 I chatty  : uid=1000(system) biometricServci expire 7 lines
04-30 16:09:11.784  2208  2208 I chatty  : uid=1000 system_server expire 20 lines
04-30 16:09:11.787 18054  2220 I FingerprintManager: binder call and send onAuthenticationSucceeded msg
04-30 16:09:11.787 18054 18054 I FingerprintManager: callback sendAuthenticatedSucceeded
04-30 16:09:11.793  2208  3762 I chatty  : uid=1000(system) Binder:2208_4 expire 21 lines
04-30 16:09:11.793   517  3830 D vold    : begin lockScreenPrepare
04-30 16:09:11.793   517  3830 D vold    : fscrypt_lock_screen_prepare flag is: 3 user_id:0
04-30 16:09:11.794  2208  2586 I chatty  : uid=1000(system) Binder:2208_3 expire 14 lines
04-30 16:09:11.794   517  3830 D vold    : begin unlockUserScreenIsec
04-30 16:09:11.794   517  3830 D vold    : begin unlock_user_screen_isec auth_type: 2 uid: 0 token_present=0
04-30 16:09:11.794   517  3830 D vold    : flag is 3begin to unlock from HCCM
04-30 16:09:11.794   517  3830 D vold    : begin read_and_install_ece_sece_key0
04-30 16:09:11.794   517  3830 D vold    : begin read_key_from_vold 0
04-30 16:09:11.794   517  3830 D vold    : begin installKeyIsec
04-30 16:09:11.795   517  3830 D vold    : Added key 190029710 (ext4:ff313e7c9d049f95) to keyring 422148700 in process 517
04-30 16:09:11.795   517  3830 D vold    : Added key 436433809 (f2fs:ff313e7c9d049f95) to keyring 422148700 in process 517
04-30 16:09:11.795   517  3830 D vold    : Added key 826212879 (fscrypt:ff313e7c9d049f95) to keyring 422148700 in process 517
04-30 16:09:11.795   517  3830 D vold    : begin installKeyIsec
04-30 16:09:11.795  2208  5138 I chatty  : uid=1000(system) Binder:2208_16 expire 9 lines
04-30 16:09:11.795   517  3830 D vold    : Added key 25084882 (ext4:64bc224c49e455c3) to keyring 422148700 in process 517
04-30 16:09:11.795   517  3830 D vold    : Added key 914070846 (f2fs:64bc224c49e455c3) to keyring 422148700 in process 517
04-30 16:09:11.795   517  3830 D vold    : Added key 785988212 (fscrypt:64bc224c49e455c3) to keyring 422148700 in process 517
04-30 16:09:11.795   517  3830 D vold    : Created keys for user 0
04-30 16:09:11.795   517  3830 D vold    : unlock user screen success,begin to reset flag
04-30 16:09:11.804  2208  2477 I chatty  : uid=1000(system) HwActivityTaskM expire 5 lines
04-30 16:09:11.805  2208  2466 I chatty  : uid=1000(system) android.ui expire 6 lines
04-30 16:09:11.806  2208  2469 I chatty  : uid=1000(system) android.anim expire 16 lines
04-30 16:09:11.807  2208 10196 I chatty  : uid=1000(system) Binder:2208_1C expire 10 lines
04-30 16:09:11.813  2208  4457 I chatty  : uid=1000(system) Binder:2208_B expire 16 lines
04-30 16:09:11.826  2208  4223 I chatty  : uid=1000(system) Binder:2208_A expire 30 lines
04-30 16:09:11.836 26977 26977 D ActivityThread: Won't deliver top position change in state=5
04-30 16:09:11.840 16820 16820 I ActivityThread: Handle window ActivityRecord{1642336 token=android.os.BinderProxy@a74ea9d {com.tencent.tim/com.tencent.mobileqq.activity.SplashActivity}} visibility: true
04-30 16:09:11.844  2208  3922 I chatty  : uid=1000(system) Binder:2208_5 expire 3 lines
04-30 16:09:11.871  2208 10899 I chatty  : uid=1000(system) Binder:2208_1F expire 3 lines
04-30 16:09:11.891  4047  4459 I HwNetworkPolicyManager: getHwUidPolicy uid = 10323 policy = 0
04-30 16:09:11.893  2208 10198 I chatty  : uid=1000(system) Binder:2208_1E expire 2 lines
04-30 16:09:11.893  2208  2483 I chatty  : uid=1000(system) ActivityManager expire 15 lines
04-30 16:09:11.909  2208  7158 I chatty  : uid=1000(system) Binder:2208_1A expire 3 lines
04-30 16:09:11.912  2208  5141 I chatty  : uid=1000(system) Binder:2208_17 expire 2 lines
04-30 16:09:11.917  2208  4158 I chatty  : uid=1000(system) Binder:2208_8 expire 4 lines
04-30 16:09:11.943  2208  2468 I chatty  : uid=1000(system) android.display expire 9 lines
04-30 16:09:11.988  4172  4172 I HwKeystoreServiceImpl: User unlock userId:0
04-30 16:09:12.011  2208  3698 I chatty  : uid=1000(system) ConnectivitySer expire 13 lines
04-30 16:09:12.018  4172  4333 I PreDnsQuery: No need to handled!
04-30 16:09:12.030  2208  2626 I chatty  : uid=1000(system) HeartBeatHandle expire 617 lines
04-30 16:09:12.055  2208  2489 I chatty  : uid=1000(system) ThirdAppHandler expire 1 line
04-30 16:09:12.058  2208  3716 I chatty  : uid=1000(system) Thread-7 expire 2 lines
04-30 16:09:12.059  4172  4333 I HidataAppQoeP: foregroundUidAdd uid: 10323 name: com.tencent.tim activity state: true
04-30 16:09:12.066 18054  2220 I HwCommandQueue: updateBarBgColor
04-30 16:09:12.066 18054  2220 D HwCommandQueue: CommandQueue, setBarBackgroundColor
04-30 16:09:12.069  2208  2631 I chatty  : uid=1000(system) sManagerService expire 2 lines
04-30 16:09:12.072  4172  4333 I NetworkQoeChr: checkForegroundApp timer end
04-30 16:09:12.079 18054 18054 D RtgSched: resetRtgSchedHandle failed enable:0
04-30 16:09:12.082  2208  3689 I chatty  : uid=1000(system) WifiP2pService expire 3 lines
04-30 16:09:12.092  2208  4460 I chatty  : uid=1000(system) Binder:2208_D expire 1 line
04-30 16:09:12.097  4172  4333 I SmartDualCardConfig: getAppType,pkgName=com.tencent.tim,appType=0
04-30 16:09:12.097  4172  4333 E SmartDualCardConfig: isAppInBlackList false,items==null
04-30 16:09:12.097  4172  4333 I SmartDualCardConfig: isAppInWhiteList false,uid=10323
04-30 16:09:12.105  2208 17220 I chatty  : uid=1000(system) Binder:2208_20 expire 1 line
04-30 16:09:12.112  2208  4462 I chatty  : uid=1000(system) Binder:2208_E expire 26 lines
04-30 16:09:12.177  2208  2208 I chatty  : uid=1000 system_server expire 30 lines
04-30 16:09:12.177  2208 10196 I chatty  : uid=1000(system) Binder:2208_1C expire 15 lines
04-30 16:09:12.178  2208  2626 I chatty  : uid=1000(system) HeartBeatHandle expire 1048 lines
04-30 16:09:12.181  2208  2586 I chatty  : uid=1000(system) Binder:2208_3 expire 50 lines
04-30 16:09:12.182  2208  2469 I chatty  : uid=1000(system) android.anim expire 11 lines
04-30 16:09:12.224  2208 10198 I chatty  : uid=1000(system) Binder:2208_1E expire 15 lines
04-30 16:09:12.232  2208 10899 I chatty  : uid=1000(system) Binder:2208_1F expire 2 lines
04-30 16:09:12.266  2208  2468 I chatty  : uid=1000(system) android.display expire 7 lines
04-30 16:09:12.273  2208  7158 I chatty  : uid=1000(system) Binder:2208_1A expire 25 lines
04-30 16:09:12.311  2208  4223 I chatty  : uid=1000(system) Binder:2208_A expire 41 lines
04-30 16:09:12.362  2208  3692 I chatty  : uid=1000(system) WifiScanningSer expire 1 line
04-30 16:09:12.392  2208  3731 I chatty  : uid=1000(system) biometricServci expire 1 line
04-30 16:09:12.741  2208  3709 I chatty  : uid=1000(system) LocationHander expire 2 lines
04-30 16:09:12.751 24495 24536 E AsyncChannel: mResultMsg should be null here
